Archive member included because of file (symbol)

/home/laurence/CodeSourcery/Sourcery_G++_Lite/bin/../lib/gcc/arm-none-eabi/4.5.2/../../../../arm-none-eabi/lib/thumb2/libm.a(lib_a-s_signbit.o)
                              build/obj/EKF_Pressure.o (__signbitf)
/home/laurence/CodeSourcery/Sourcery_G++_Lite/bin/../lib/gcc/arm-none-eabi/4.5.2/../../../../arm-none-eabi/lib/thumb2/libm.a(lib_a-sf_round.o)
                              build/obj/Stepper.o (roundf)
/home/laurence/CodeSourcery/Sourcery_G++_Lite/bin/../lib/gcc/arm-none-eabi/4.5.2/../../../../arm-none-eabi/lib/thumb2/libm.a(lib_a-sf_sin.o)
                              build/obj/PPG.o (sinf)
/home/laurence/CodeSourcery/Sourcery_G++_Lite/bin/../lib/gcc/arm-none-eabi/4.5.2/../../../../arm-none-eabi/lib/thumb2/libm.a(lib_a-wf_asin.o)
                              build/obj/PPG.o (asinf)
/home/laurence/CodeSourcery/Sourcery_G++_Lite/bin/../lib/gcc/arm-none-eabi/4.5.2/../../../../arm-none-eabi/lib/thumb2/libm.a(lib_a-wf_log.o)
                              build/obj/EKF_Pressure.o (logf)
/home/laurence/CodeSourcery/Sourcery_G++_Lite/bin/../lib/gcc/arm-none-eabi/4.5.2/../../../../arm-none-eabi/lib/thumb2/libm.a(lib_a-wf_sqrt.o)
                              build/obj/EKF_Pressure.o (sqrtf)
/home/laurence/CodeSourcery/Sourcery_G++_Lite/bin/../lib/gcc/arm-none-eabi/4.5.2/../../../../arm-none-eabi/lib/thumb2/libm.a(lib_a-ef_asin.o)
                              /home/laurence/CodeSourcery/Sourcery_G++_Lite/bin/../lib/gcc/arm-none-eabi/4.5.2/../../../../arm-none-eabi/lib/thumb2/libm.a(lib_a-wf_asin.o) (__ieee754_asinf)
/home/laurence/CodeSourcery/Sourcery_G++_Lite/bin/../lib/gcc/arm-none-eabi/4.5.2/../../../../arm-none-eabi/lib/thumb2/libm.a(lib_a-ef_log.o)
                              /home/laurence/CodeSourcery/Sourcery_G++_Lite/bin/../lib/gcc/arm-none-eabi/4.5.2/../../../../arm-none-eabi/lib/thumb2/libm.a(lib_a-wf_log.o) (__ieee754_logf)
/home/laurence/CodeSourcery/Sourcery_G++_Lite/bin/../lib/gcc/arm-none-eabi/4.5.2/../../../../arm-none-eabi/lib/thumb2/libm.a(lib_a-ef_rem_pio2.o)
                              /home/laurence/CodeSourcery/Sourcery_G++_Lite/bin/../lib/gcc/arm-none-eabi/4.5.2/../../../../arm-none-eabi/lib/thumb2/libm.a(lib_a-sf_sin.o) (__ieee754_rem_pio2f)
/home/laurence/CodeSourcery/Sourcery_G++_Lite/bin/../lib/gcc/arm-none-eabi/4.5.2/../../../../arm-none-eabi/lib/thumb2/libm.a(lib_a-ef_sqrt.o)
                              /home/laurence/CodeSourcery/Sourcery_G++_Lite/bin/../lib/gcc/arm-none-eabi/4.5.2/../../../../arm-none-eabi/lib/thumb2/libm.a(lib_a-wf_sqrt.o) (__ieee754_sqrtf)
/home/laurence/CodeSourcery/Sourcery_G++_Lite/bin/../lib/gcc/arm-none-eabi/4.5.2/../../../../arm-none-eabi/lib/thumb2/libm.a(lib_a-kf_cos.o)
                              /home/laurence/CodeSourcery/Sourcery_G++_Lite/bin/../lib/gcc/arm-none-eabi/4.5.2/../../../../arm-none-eabi/lib/thumb2/libm.a(lib_a-sf_sin.o) (__kernel_cosf)
/home/laurence/CodeSourcery/Sourcery_G++_Lite/bin/../lib/gcc/arm-none-eabi/4.5.2/../../../../arm-none-eabi/lib/thumb2/libm.a(lib_a-kf_rem_pio2.o)
                              /home/laurence/CodeSourcery/Sourcery_G++_Lite/bin/../lib/gcc/arm-none-eabi/4.5.2/../../../../arm-none-eabi/lib/thumb2/libm.a(lib_a-ef_rem_pio2.o) (__kernel_rem_pio2f)
/home/laurence/CodeSourcery/Sourcery_G++_Lite/bin/../lib/gcc/arm-none-eabi/4.5.2/../../../../arm-none-eabi/lib/thumb2/libm.a(lib_a-kf_sin.o)
                              /home/laurence/CodeSourcery/Sourcery_G++_Lite/bin/../lib/gcc/arm-none-eabi/4.5.2/../../../../arm-none-eabi/lib/thumb2/libm.a(lib_a-sf_sin.o) (__kernel_sinf)
/home/laurence/CodeSourcery/Sourcery_G++_Lite/bin/../lib/gcc/arm-none-eabi/4.5.2/../../../../arm-none-eabi/lib/thumb2/libm.a(lib_a-s_lib_ver.o)
                              /home/laurence/CodeSourcery/Sourcery_G++_Lite/bin/../lib/gcc/arm-none-eabi/4.5.2/../../../../arm-none-eabi/lib/thumb2/libm.a(lib_a-wf_asin.o) (__fdlib_version)
/home/laurence/CodeSourcery/Sourcery_G++_Lite/bin/../lib/gcc/arm-none-eabi/4.5.2/../../../../arm-none-eabi/lib/thumb2/libm.a(lib_a-s_matherr.o)
                              /home/laurence/CodeSourcery/Sourcery_G++_Lite/bin/../lib/gcc/arm-none-eabi/4.5.2/../../../../arm-none-eabi/lib/thumb2/libm.a(lib_a-wf_asin.o) (matherr)
/home/laurence/CodeSourcery/Sourcery_G++_Lite/bin/../lib/gcc/arm-none-eabi/4.5.2/../../../../arm-none-eabi/lib/thumb2/libm.a(lib_a-s_nan.o)
                              /home/laurence/CodeSourcery/Sourcery_G++_Lite/bin/../lib/gcc/arm-none-eabi/4.5.2/../../../../arm-none-eabi/lib/thumb2/libm.a(lib_a-wf_asin.o) (nan)
/home/laurence/CodeSourcery/Sourcery_G++_Lite/bin/../lib/gcc/arm-none-eabi/4.5.2/../../../../arm-none-eabi/lib/thumb2/libm.a(lib_a-sf_fabs.o)
                              /home/laurence/CodeSourcery/Sourcery_G++_Lite/bin/../lib/gcc/arm-none-eabi/4.5.2/../../../../arm-none-eabi/lib/thumb2/libm.a(lib_a-wf_asin.o) (fabsf)
[...]
Memory Configuration

Name             Origin             Length             Attributes
flash            0x08000000         0x00100000
ram              0x20000000         0x0001c000
ethram           0x2001c000         0x00004000
ccmram           0x10000000         0x00010000
*default*        0x00000000         0xffffffff

Linker script and memory map

LOAD build/obj/crt0.o
LOAD build/obj/vectors.o
LOAD build/obj/chcore.o
LOAD build/obj/chcore_v7m.o
LOAD build/obj/nvic.o
LOAD build/obj/chsys.o
LOAD build/obj/chdebug.o
LOAD build/obj/chlists.o
LOAD build/obj/chvt.o
LOAD build/obj/chschd.o
LOAD build/obj/chthreads.o
LOAD build/obj/chdynamic.o
LOAD build/obj/chregistry.o
LOAD build/obj/chsem.o
LOAD build/obj/chmtx.o
LOAD build/obj/chcond.o
LOAD build/obj/chevents.o
LOAD build/obj/chmsg.o
LOAD build/obj/chmboxes.o
LOAD build/obj/chqueues.o
LOAD build/obj/chmemcore.o
LOAD build/obj/chheap.o
LOAD build/obj/chmempools.o
LOAD build/obj/hal.o
LOAD build/obj/adc.o
LOAD build/obj/can.o
LOAD build/obj/ext.o
LOAD build/obj/gpt.o
LOAD build/obj/i2c.o
LOAD build/obj/icu.o
LOAD build/obj/mac.o
LOAD build/obj/mmc_spi.o
LOAD build/obj/mmcsd.o
LOAD build/obj/pal.o
LOAD build/obj/pwm.o
LOAD build/obj/rtc.o
LOAD build/obj/sdc.o
LOAD build/obj/serial.o
LOAD build/obj/serial_usb.o
LOAD build/obj/spi.o
LOAD build/obj/tm.o
LOAD build/obj/uart.o
LOAD build/obj/usb.o
LOAD build/obj/stm32_dma.o
LOAD build/obj/hal_lld.o
LOAD build/obj/adc_lld.o
LOAD build/obj/ext_lld_isr.o
LOAD build/obj/can_lld.o
LOAD build/obj/ext_lld.o
LOAD build/obj/gpt_lld.o
LOAD build/obj/icu_lld.o
LOAD build/obj/mac_lld.o
LOAD build/obj/pwm_lld.o
LOAD build/obj/sdc_lld.o
LOAD build/obj/pal_lld.o
LOAD build/obj/i2c_lld.o
LOAD build/obj/usb_lld.o
LOAD build/obj/rtc_lld.o
LOAD build/obj/spi_lld.o
LOAD build/obj/serial_lld.o
LOAD build/obj/uart_lld.o
LOAD build/obj/board.o
LOAD build/obj/shell.o
LOAD build/obj/chprintf.o
LOAD build/obj/syscalls.o
LOAD build/obj/main.o
LOAD build/obj/usbcfg.o
LOAD build/obj/EKF_Pressure.o
LOAD build/obj/PID_Pressure.o
LOAD build/obj/PPG_Demod.o
LOAD build/obj/PPG.o
LOAD build/obj/Pressure.o
LOAD build/obj/EKF_Estimator.o
LOAD build/obj/EKF_Estimator_Nonlin.o
LOAD build/obj/PID_Control.o
LOAD build/obj/Pressure_Filter.o
LOAD build/obj/Quickselect.o
LOAD build/obj/Quicksort.o
LOAD build/obj/Stepper.o
LOAD build/obj/Timer.o
LOAD /home/laurence/CodeSourcery/Sourcery_G++_Lite/bin/../lib/gcc/arm-none-eabi/4.5.2/../../../../arm-none-eabi/lib/thumb2/libm.a
START GROUP
LOAD /home/laurence/CodeSourcery/Sourcery_G++_Lite/bin/../lib/gcc/arm-none-eabi/4.5.2/thumb2/libgcc.a
LOAD /home/laurence/CodeSourcery/Sourcery_G++_Lite/bin/../lib/gcc/arm-none-eabi/4.5.2/../../../../arm-none-eabi/lib/thumb2/libc.a
END GROUP
                0x00002000                __main_stack_size__ = 0x2000
                0x00008000                __process_stack_size__ = 0x8000
                0x20000000                __ram_start__ = 0x20000000
                0x0001c000                __ram_size__ = 0x1c000
                0x2001c000                __ram_end__ = (__ram_start__ + __ram_size__)
                0x00000000                . = 0x0
                0x00000000                _text = .

startup         0x08000000      0x188
 *(vectors)
 vectors        0x08000000      0x188 build/obj/vectors.o
                0x08000000                _vectors

constructors    0x08000188        0x0
                0x08000188                PROVIDE (__init_array_start, .)
 *(SORT(.init_array.*))
 *(.init_array)
                0x08000188                PROVIDE (__init_array_end, .)

destructors     0x08000188        0x0
                0x08000188                PROVIDE (__fini_array_start, .)
 *(.fini_array)
 *(SORT(.fini_array.*))
                0x08000188                PROVIDE (__fini_array_end, .)

.text           0x08000190    0x12a2c
 *(.text.startup.*)
 *(.text)
 .text          0x08000190       0x10 /home/laurence/CodeSourcery/Sourcery_G++_Lite/bin/../lib/gcc/arm-none-eabi/4.5.2/../../../../arm-none-eabi/lib/thumb2/libm.a(lib_a-s_signbit.o)
                0x08000190                __signbitf
                0x08000198                __signbitd
 .text          0x080001a0       0x54 /home/laurence/CodeSourcery/Sourcery_G++_Lite/bin/../lib/gcc/arm-none-eabi/4.5.2/../../../../arm-none-eabi/lib/thumb2/libm.a(lib_a-sf_round.o)
                0x080001a0                roundf
 *fill*         0x080001f4        0xc 00
 .text          0x08000200       0x78 /home/laurence/CodeSourcery/Sourcery_G++_Lite/bin/../lib/gcc/arm-none-eabi/4.5.2/../../../../arm-none-eabi/lib/thumb2/libm.a(lib_a-sf_sin.o)
                0x08000200                sinf
 *fill*         0x08000278        0x8 00
 .text          0x08000280       0xa8 /home/laurence/CodeSourcery/Sourcery_G++_Lite/bin/../lib/gcc/arm-none-eabi/4.5.2/../../../../arm-none-eabi/lib/thumb2/libm.a(lib_a-wf_asin.o)
                0x08000280                asinf
 *fill*         0x08000328        0x8 00
 .text          0x08000330       0xf8 /home/laurence/CodeSourcery/Sourcery_G++_Lite/bin/../lib/gcc/arm-none-eabi/4.5.2/../../../../arm-none-eabi/lib/thumb2/libm.a(lib_a-wf_log.o)
                0x08000330                logf
 *fill*         0x08000428        0x8 00
 .text          0x08000430       0xa4 /home/laurence/CodeSourcery/Sourcery_G++_Lite/bin/../lib/gcc/arm-none-eabi/4.5.2/../../../../arm-none-eabi/lib/thumb2/libm.a(lib_a-wf_sqrt.o)
                0x08000430                sqrtf
 *fill*         0x080004d4        0xc 00
 .text          0x080004e0      0x318 /home/laurence/CodeSourcery/Sourcery_G++_Lite/bin/../lib/gcc/arm-none-eabi/4.5.2/../../../../arm-none-eabi/lib/thumb2/libm.a(lib_a-ef_asin.o)
                0x080004e0                __ieee754_asinf
 *fill*         0x080007f8        0x8 00
 .text          0x08000800      0x308 /home/laurence/CodeSourcery/Sourcery_G++_Lite/bin/../lib/gcc/arm-none-eabi/4.5.2/../../../../arm-none-eabi/lib/thumb2/libm.a(lib_a-ef_log.o)
                0x08000800                __ieee754_logf
 *fill*         0x08000b08        0x8 00
 .text          0x08000b10      0x358 /home/laurence/CodeSourcery/Sourcery_G++_Lite/bin/../lib/gcc/arm-none-eabi/4.5.2/../../../../arm-none-eabi/lib/thumb2/libm.a(lib_a-ef_rem_pio2.o)
                0x08000b10                __ieee754_rem_pio2f
 *fill*         0x08000e68        0x8 00
 .text          0x08000e70       0xb0 /home/laurence/CodeSourcery/Sourcery_G++_Lite/bin/../lib/gcc/arm-none-eabi/4.5.2/../../../../arm-none-eabi/lib/thumb2/libm.a(lib_a-ef_sqrt.o)
                0x08000e70                __ieee754_sqrtf
 .text          0x08000f20      0x1b8 /home/laurence/CodeSourcery/Sourcery_G++_Lite/bin/../lib/gcc/arm-none-eabi/4.5.2/../../../../arm-none-eabi/lib/thumb2/libm.a(lib_a-kf_cos.o)
                0x08000f20                __kernel_cosf
 *fill*         0x080010d8        0x8 00
 .text          0x080010e0      0x63c /home/laurence/CodeSourcery/Sourcery_G++_Lite/bin/../lib/gcc/arm-none-eabi/4.5.2/../../../../arm-none-eabi/lib/thumb2/libm.a(lib_a-kf_rem_pio2.o)
                0x080010e0                __kernel_rem_pio2f
 *fill*         0x0800171c        0x4 00
 .text          0x08001720      0x100 /home/laurence/CodeSourcery/Sourcery_G++_Lite/bin/../lib/gcc/arm-none-eabi/4.5.2/../../../../arm-none-eabi/lib/thumb2/libm.a(lib_a-kf_sin.o)
                0x08001720                __kernel_sinf
 .text          0x08001820        0x4 /home/laurence/CodeSourcery/Sourcery_G++_Lite/bin/../lib/gcc/arm-none-eabi/4.5.2/../../../../arm-none-eabi/lib/thumb2/libm.a(lib_a-s_matherr.o)
                0x08001820                matherr
 *fill*         0x08001824        0xc 00
 .text          0x08001830        0xc /home/laurence/CodeSourcery/Sourcery_G++_Lite/bin/../lib/gcc/arm-none-eabi/4.5.2/../../../../arm-none-eabi/lib/thumb2/libm.a(lib_a-s_nan.o)
                0x08001830                nan
 *fill*         0x0800183c        0x4 00
 .text          0x08001840        0x8 /home/laurence/CodeSourcery/Sourcery_G++_Lite/bin/../lib/gcc/arm-none-eabi/4.5.2/../../../../arm-none-eabi/lib/thumb2/libm.a(lib_a-sf_fabs.o)
                0x08001840                fabsf
 *fill*         0x08001848        0x8 00
 .text          0x08001850       0xa0 /home/laurence/CodeSourcery/Sourcery_G++_Lite/bin/../lib/gcc/arm-none-eabi/4.5.2/../../../../arm-none-eabi/lib/thumb2/libm.a(lib_a-sf_floor.o)
                0x08001850                floorf
 .text          0x080018f0       0x7c /home/laurence/CodeSourcery/Sourcery_G++_Lite/bin/../lib/gcc/arm-none-eabi/4.5.2/../../../../arm-none-eabi/lib/thumb2/libm.a(lib_a-sf_fpclassify.o)
                0x080018f0                __fpclassifyf
 *fill*         0x0800196c        0x4 00
 .text          0x08001970       0xc0 /home/laurence/CodeSourcery/Sourcery_G++_Lite/bin/../lib/gcc/arm-none-eabi/4.5.2/../../../../arm-none-eabi/lib/thumb2/libm.a(lib_a-sf_scalbn.o)
                0x08001970                scalbnf
 .text          0x08001a30       0x10 /home/laurence/CodeSourcery/Sourcery_G++_Lite/bin/../lib/gcc/arm-none-eabi/4.5.2/../../../../arm-none-eabi/lib/thumb2/libm.a(lib_a-sf_copysign.o)
                0x08001a30                copysignf
 .text          0x08001a40      0x370 /home/laurence/CodeSourcery/Sourcery_G++_Lite/bin/../lib/gcc/arm-none-eabi/4.5.2/thumb2/libgcc.a(_arm_addsubdf3.o)
                0x08001a40                __aeabi_drsub
                0x08001a48                __aeabi_dsub
                0x08001a48                __subdf3
                0x08001a4c                __adddf3
                0x08001a4c                __aeabi_dadd
                0x08001cc4                __aeabi_ui2d
                0x08001cc4                __floatunsidf
                0x08001ce4                __floatsidf
                0x08001ce4                __aeabi_i2d
                0x08001d08                __extendsfdf2
                0x08001d08                __aeabi_f2d
                0x08001d44                __aeabi_ul2d
                0x08001d44                __floatundidf
                0x08001d54                __floatdidf
                0x08001d54                __aeabi_l2d
 .text          0x08001db0      0x424 /home/laurence/CodeSourcery/Sourcery_G++_Lite/bin/../lib/gcc/arm-none-eabi/4.5.2/thumb2/libgcc.a(_arm_muldivdf3.o)
                0x08001db0                __aeabi_dmul
                0x08001db0                __muldf3
                0x08002004                __aeabi_ddiv
                0x08002004                __divdf3
 *fill*         0x080021d4        0xc 00
 .text          0x080021e0       0x50 /home/laurence/CodeSourcery/Sourcery_G++_Lite/bin/../lib/gcc/arm-none-eabi/4.5.2/thumb2/libgcc.a(_arm_fixdfsi.o)
                0x080021e0                __fixdfsi
                0x080021e0                __aeabi_d2iz
 .text          0x08002230       0xa0 /home/laurence/CodeSourcery/Sourcery_G++_Lite/bin/../lib/gcc/arm-none-eabi/4.5.2/thumb2/libgcc.a(_arm_truncdfsf2.o)
                0x08002230                __aeabi_d2f
                0x08002230                __truncdfsf2
 .text          0x080022d0      0x21c /home/laurence/CodeSourcery/Sourcery_G++_Lite/bin/../lib/gcc/arm-none-eabi/4.5.2/thumb2/libgcc.a(_arm_addsubsf3.o)
                0x080022d0                __aeabi_frsub
                0x080022d8                __subsf3
                0x080022d8                __aeabi_fsub
                0x080022dc                __aeabi_fadd
                0x080022dc                __addsf3
                0x0800243c                __aeabi_ui2f
                0x0800243c                __floatunsisf
                0x08002444                __aeabi_i2f
                0x08002444                __floatsisf
                0x08002460                __floatundisf
                0x08002460                __aeabi_ul2f
                0x08002470                __floatdisf
                0x08002470                __aeabi_l2f
 *fill*         0x080024ec        0x4 00
 .text          0x080024f0      0x2a0 /home/laurence/CodeSourcery/Sourcery_G++_Lite/bin/../lib/gcc/arm-none-eabi/4.5.2/thumb2/libgcc.a(_arm_muldivsf3.o)
                0x080024f0                __mulsf3
                0x080024f0                __aeabi_fmul
                0x08002658                __divsf3
                0x08002658                __aeabi_fdiv
 .text          0x08002790       0xec /home/laurence/CodeSourcery/Sourcery_G++_Lite/bin/../lib/gcc/arm-none-eabi/4.5.2/thumb2/libgcc.a(_arm_cmpsf2.o)
                0x08002790                __gtsf2
                0x08002790                __gesf2
                0x08002798                __lesf2
                0x08002798                __ltsf2
                0x080027a0                __nesf2
                0x080027a0                __eqsf2
                0x080027a0                __cmpsf2
                0x08002800                __aeabi_cfrcmple
                0x08002808                __aeabi_cfcmple
                0x08002808                __aeabi_cfcmpeq
                0x08002818                __aeabi_fcmpeq
                0x0800282c                __aeabi_fcmplt
                0x08002840                __aeabi_fcmple
                0x08002854                __aeabi_fcmpge
                0x08002868                __aeabi_fcmpgt
 *fill*         0x0800287c        0x4 00
 .text          0x08002880       0x4c /home/laurence/CodeSourcery/Sourcery_G++_Lite/bin/../lib/gcc/arm-none-eabi/4.5.2/thumb2/libgcc.a(_arm_fixsfsi.o)
                0x08002880                __fixsfsi
                0x08002880                __aeabi_f2iz
 *fill*         0x080028cc        0x4 00
 .text          0x080028d0        0xc /home/laurence/CodeSourcery/Sourcery_G++_Lite/bin/../lib/gcc/arm-none-eabi/4.5.2/../../../../arm-none-eabi/lib/thumb2/libc.a(lib_a-errno.o)
                0x080028d0                __errno
 *fill*         0x080028dc        0x4 00
 .text          0x080028e0      0x150 /home/laurence/CodeSourcery/Sourcery_G++_Lite/bin/../lib/gcc/arm-none-eabi/4.5.2/../../../../arm-none-eabi/lib/thumb2/libc.a(lib_a-memcpy.o)
                0x080028e0                memcpy
 .text          0x08002a30       0xb4 /home/laurence/CodeSourcery/Sourcery_G++_Lite/bin/../lib/gcc/arm-none-eabi/4.5.2/../../../../arm-none-eabi/lib/thumb2/libc.a(lib_a-memset.o)
                0x08002a30                memset
 *fill*         0x08002ae4        0xc 00
 .text          0x08002af0      0x5cc /home/laurence/CodeSourcery/Sourcery_G++_Lite/bin/../lib/gcc/arm-none-eabi/4.5.2/../../../../arm-none-eabi/lib/thumb2/libc.a(lib_a-qsort.o)
                0x08002af0                qsort
 *fill*         0x080030bc        0x4 00
 .text          0x080030c0       0xb4 /home/laurence/CodeSourcery/Sourcery_G++_Lite/bin/../lib/gcc/arm-none-eabi/4.5.2/../../../../arm-none-eabi/lib/thumb2/libc.a(lib_a-sscanf.o)
                0x080030c0                sscanf
                0x0800311c                _sscanf_r
 *fill*         0x08003174        0xc 00
 .text          0x08003180       0x94 /home/laurence/CodeSourcery/Sourcery_G++_Lite/bin/../lib/gcc/arm-none-eabi/4.5.2/../../../../arm-none-eabi/lib/thumb2/libc.a(lib_a-stdio.o)
                0x08003180                __sread
                0x080031a4                __seofread
                0x080031a8                __swrite
                0x080031e4                __sseek
                0x0800320c                __sclose
 *fill*         0x08003214        0xc 00
 .text          0x08003220       0x60 /home/laurence/CodeSourcery/Sourcery_G++_Lite/bin/../lib/gcc/arm-none-eabi/4.5.2/../../../../arm-none-eabi/lib/thumb2/libc.a(lib_a-strlen.o)
                0x08003220                strlen
 .text          0x08003280      0xfbc /home/laurence/CodeSourcery/Sourcery_G++_Lite/bin/../lib/gcc/arm-none-eabi/4.5.2/../../../../arm-none-eabi/lib/thumb2/libc.a(lib_a-svfscanf.o)
                0x08003280                __ssvfscanf_r
 *fill*         0x0800423c        0x4 00
 .text          0x08004240      0x220 /home/laurence/CodeSourcery/Sourcery_G++_Lite/bin/../lib/gcc/arm-none-eabi/4.5.2/../../../../arm-none-eabi/lib/thumb2/libc.a(lib_a-findfp.o)
                0x08004248                _cleanup_r
                0x08004254                __sfmoreglue
                0x08004284                _cleanup
                0x08004290                __sinit
                0x08004398                __sfp
                0x08004420                __sfp_lock_acquire
                0x08004424                __sfp_lock_release
                0x08004428                __sinit_lock_acquire
                0x0800442c                __sinit_lock_release
                0x08004430                __fp_lock_all
                0x08004448                __fp_unlock_all
 .text          0x08004460       0xac /home/laurence/CodeSourcery/Sourcery_G++_Lite/bin/../lib/gcc/arm-none-eabi/4.5.2/../../../../arm-none-eabi/lib/thumb2/libc.a(lib_a-fwalk.o)
                0x08004460                _fwalk
                0x080044b4                _fwalk_reent
 *fill*         0x0800450c        0x4 00
 .text          0x08004510       0x1c /home/laurence/CodeSourcery/Sourcery_G++_Lite/bin/../lib/gcc/arm-none-eabi/4.5.2/../../../../arm-none-eabi/lib/thumb2/libc.a(lib_a-iswspace.o)
                0x08004510                iswspace
 *fill*         0x0800452c        0x4 00
 .text          0x08004530       0xa0 /home/laurence/CodeSourcery/Sourcery_G++_Lite/bin/../lib/gcc/arm-none-eabi/4.5.2/../../../../arm-none-eabi/lib/thumb2/libc.a(lib_a-locale.o)
                0x08004530                _setlocale_r
                0x0800458c                __locale_charset
                0x08004598                __locale_mb_cur_max
                0x080045a4                __locale_msgcharset
                0x080045ac                __locale_cjk_lang
                0x080045b0                _localeconv_r
                0x080045b8                setlocale
                0x080045c8                localeconv
 .text          0x080045d0      0x57c /home/laurence/CodeSourcery/Sourcery_G++_Lite/bin/../lib/gcc/arm-none-eabi/4.5.2/../../../../arm-none-eabi/lib/thumb2/libc.a(lib_a-mallocr.o)
                0x080045d0                _malloc_r
 *fill*         0x08004b4c        0x4 00
 .text          0x08004b50       0xe8 /home/laurence/CodeSourcery/Sourcery_G++_Lite/bin/../lib/gcc/arm-none-eabi/4.5.2/../../../../arm-none-eabi/lib/thumb2/libc.a(lib_a-mbrtowc.o)
                0x08004b50                _mbrtowc_r
                0x08004bb8                mbrtowc
 *fill*         0x08004c38        0x8 00
 .text          0x08004c40       0x5c /home/laurence/CodeSourcery/Sourcery_G++_Lite/bin/../lib/gcc/arm-none-eabi/4.5.2/../../../../arm-none-eabi/lib/thumb2/libc.a(lib_a-mbtowc_r.o)
                0x08004c40                __ascii_mbtowc
                0x08004c68                _mbtowc_r
 *fill*         0x08004c9c        0x4 00
 .text          0x08004ca0        0x8 /home/laurence/CodeSourcery/Sourcery_G++_Lite/bin/../lib/gcc/arm-none-eabi/4.5.2/../../../../arm-none-eabi/lib/thumb2/libc.a(lib_a-mlock.o)
                0x08004ca0                __malloc_lock
                0x08004ca4                __malloc_unlock
 *fill*         0x08004ca8        0x8 00
 .text          0x08004cb0       0x90 /home/laurence/CodeSourcery/Sourcery_G++_Lite/bin/../lib/gcc/arm-none-eabi/4.5.2/../../../../arm-none-eabi/lib/thumb2/libc.a(lib_a-s_fpclassify.o)
                0x08004cb0                __fpclassifyd
 .text          0x08004d40       0x78 /home/laurence/CodeSourcery/Sourcery_G++_Lite/bin/../lib/gcc/arm-none-eabi/4.5.2/../../../../arm-none-eabi/lib/thumb2/libc.a(lib_a-sccl.o)
                0x08004d40                __sccl
 *fill*         0x08004db8        0x8 00
 .text          0x08004dc0        0x8 /home/laurence/CodeSourcery/Sourcery_G++_Lite/bin/../lib/gcc/arm-none-eabi/4.5.2/../../../../arm-none-eabi/lib/thumb2/libc.a(lib_a-sf_nan.o)
                0x08004dc0                nanf
 *fill*         0x08004dc8        0x8 00
 .text          0x08004dd0       0x94 /home/laurence/CodeSourcery/Sourcery_G++_Lite/bin/../lib/gcc/arm-none-eabi/4.5.2/../../../../arm-none-eabi/lib/thumb2/libc.a(lib_a-sprintf.o)
                0x08004dd0                _sprintf_r
                0x08004e14                sprintf
 *fill*         0x08004e64        0xc 00
 .text          0x08004e70      0x1dc /home/laurence/CodeSourcery/Sourcery_G++_Lite/bin/../lib/gcc/arm-none-eabi/4.5.2/../../../../arm-none-eabi/lib/thumb2/libc.a(lib_a-strcmp.o)
                0x08004e70                strcmp
 *fill*         0x0800504c        0x4 00
 .text          0x08005050     0x10a0 /home/laurence/CodeSourcery/Sourcery_G++_Lite/bin/../lib/gcc/arm-none-eabi/4.5.2/../../../../arm-none-eabi/lib/thumb2/libc.a(lib_a-strtod.o)
                0x08005080                _strtod_r
                0x0800601c                strtod
                0x08006030                strtof
 .text          0x080060f0      0x17c /home/laurence/CodeSourcery/Sourcery_G++_Lite/bin/../lib/gcc/arm-none-eabi/4.5.2/../../../../arm-none-eabi/lib/thumb2/libc.a(lib_a-strtol.o)
                0x080060f0                _strtol_r
                0x08006254                strtol
 *fill*         0x0800626c        0x4 00
 .text          0x08006270      0x1d0 /home/laurence/CodeSourcery/Sourcery_G++_Lite/bin/../lib/gcc/arm-none-eabi/4.5.2/../../../../arm-none-eabi/lib/thumb2/libc.a(lib_a-strtoll_r.o)
                0x08006270                _strtoll_r
 .text          0x08006440      0x17c /home/laurence/CodeSourcery/Sourcery_G++_Lite/bin/../lib/gcc/arm-none-eabi/4.5.2/../../../../arm-none-eabi/lib/thumb2/libc.a(lib_a-strtoul.o)
                0x08006440                _strtoul_r
                0x080065a4                strtoul
 *fill*         0x080065bc        0x4 00
 .text          0x080065c0      0x1d0 /home/laurence/CodeSourcery/Sourcery_G++_Lite/bin/../lib/gcc/arm-none-eabi/4.5.2/../../../../arm-none-eabi/lib/thumb2/libc.a(lib_a-strtoull_r.o)
                0x080065c0                _strtoull_r
 .text          0x08006790      0xc0c /home/laurence/CodeSourcery/Sourcery_G++_Lite/bin/../lib/gcc/arm-none-eabi/4.5.2/../../../../arm-none-eabi/lib/thumb2/libc.a(lib_a-svfiscanf.o)
                0x08006790                _sungetc_r
                0x0800681c                __ssrefill_r
                0x08006858                _sfread_r
                0x080068d0                __ssvfiscanf_r
 *fill*         0x0800739c        0x4 00
 .text          0x080073a0     0x1640 /home/laurence/CodeSourcery/Sourcery_G++_Lite/bin/../lib/gcc/arm-none-eabi/4.5.2/../../../../arm-none-eabi/lib/thumb2/libc.a(lib_a-svfprintf.o)
                0x080073a0                _svfprintf_r
 .text          0x080089e0      0x1ac /home/laurence/CodeSourcery/Sourcery_G++_Lite/bin/../lib/gcc/arm-none-eabi/4.5.2/../../../../arm-none-eabi/lib/thumb2/libc.a(lib_a-ungetc.o)
                0x080089e0                __submore
                0x08008a64                _ungetc_r
                0x08008b7c                ungetc
 *fill*         0x08008b8c        0x4 00
 .text          0x08008b90      0xfe8 /home/laurence/CodeSourcery/Sourcery_G++_Lite/bin/../lib/gcc/arm-none-eabi/4.5.2/../../../../arm-none-eabi/lib/thumb2/libc.a(lib_a-dtoa.o)
                0x08008cbc                _dtoa_r
 *fill*         0x08009b78        0x8 00
 .text          0x08009b80       0xc4 /home/laurence/CodeSourcery/Sourcery_G++_Lite/bin/../lib/gcc/arm-none-eabi/4.5.2/../../../../arm-none-eabi/lib/thumb2/libc.a(lib_a-fclose.o)
                0x08009b80                _fclose_r
                0x08009c34                fclose
 *fill*         0x08009c44        0xc 00
 .text          0x08009c50      0x1ec /home/laurence/CodeSourcery/Sourcery_G++_Lite/bin/../lib/gcc/arm-none-eabi/4.5.2/../../../../arm-none-eabi/lib/thumb2/libc.a(lib_a-fflush.o)
                0x08009c50                _fflush_r
                0x08009e14                fflush
 *fill*         0x08009e3c        0x4 00
 .text          0x08009e40      0x240 /home/laurence/CodeSourcery/Sourcery_G++_Lite/bin/../lib/gcc/arm-none-eabi/4.5.2/../../../../arm-none-eabi/lib/thumb2/libc.a(lib_a-freer.o)
                0x08009e40                _malloc_trim_r
                0x08009ee8                _free_r
 .text          0x0800a080      0x680 /home/laurence/CodeSourcery/Sourcery_G++_Lite/bin/../lib/gcc/arm-none-eabi/4.5.2/../../../../arm-none-eabi/lib/thumb2/libc.a(lib_a-gdtoa-gethex.o)
                0x0800a118                __hexdig_init
                0x0800a170                __gethex
 .text          0x0800a700      0x1cc /home/laurence/CodeSourcery/Sourcery_G++_Lite/bin/../lib/gcc/arm-none-eabi/4.5.2/../../../../arm-none-eabi/lib/thumb2/libc.a(lib_a-gdtoa-hexnan.o)
                0x0800a700                __hexnan
 *fill*         0x0800a8cc        0x4 00
 .text          0x0800a8d0       0x20 /home/laurence/CodeSourcery/Sourcery_G++_Lite/bin/../lib/gcc/arm-none-eabi/4.5.2/../../../../arm-none-eabi/lib/thumb2/libc.a(lib_a-malloc.o)
                0x0800a8d0                malloc
                0x0800a8e0                free
 .text          0x0800a8f0       0x8c /home/laurence/CodeSourcery/Sourcery_G++_Lite/bin/../lib/gcc/arm-none-eabi/4.5.2/../../../../arm-none-eabi/lib/thumb2/libc.a(lib_a-memchr.o)
                0x0800a8f0                memchr
 *fill*         0x0800a97c        0x4 00
 .text          0x0800a980      0x91c /home/laurence/CodeSourcery/Sourcery_G++_Lite/bin/../lib/gcc/arm-none-eabi/4.5.2/../../../../arm-none-eabi/lib/thumb2/libc.a(lib_a-mprec.o)
                0x0800a980                _Balloc
                0x0800a9e8                _Bfree
                0x0800aa20                __multadd
                0x0800aaa4                __s2b
                0x0800ab3c                __hi0bits
                0x0800ab7c                __lo0bits
                0x0800abe0                __i2b
                0x0800abf4                __multiply
                0x0800ad1c                __pow5mult
                0x0800adc0                __lshift
                0x0800ae6c                __mcmp
                0x0800aea8                __mdiff
                0x0800afa0                __ulp
                0x0800afe8                __b2d
                0x0800b094                __d2b
                0x0800b15c                __ratio
                0x0800b1c4                _mprec_log10
                0x0800b1f8                __copybits
                0x0800b240                __any_on
 *fill*         0x0800b29c        0x4 00
 .text          0x0800b2a0      0x41c /home/laurence/CodeSourcery/Sourcery_G++_Lite/bin/../lib/gcc/arm-none-eabi/4.5.2/../../../../arm-none-eabi/lib/thumb2/libc.a(lib_a-reallocr.o)
                0x0800b2a0                _realloc_r
 *fill*         0x0800b6bc        0x4 00
 .text          0x0800b6c0       0xac /home/laurence/CodeSourcery/Sourcery_G++_Lite/bin/../lib/gcc/arm-none-eabi/4.5.2/../../../../arm-none-eabi/lib/thumb2/libc.a(lib_a-strncmp.o)
                0x0800b6c0                strncmp
 *fill*         0x0800b76c        0x4 00
 .text          0x0800b770      0xbe8 /home/laurence/CodeSourcery/Sourcery_G++_Lite/bin/../lib/gcc/arm-none-eabi/4.5.2/../../../../arm-none-eabi/lib/thumb2/libc.a(lib_a-svfiprintf.o)
                0x0800b770                __ssprint_r
                0x0800b878                _svfiprintf_r
 *fill*         0x0800c358        0x8 00
 .text          0x0800c360       0x5c /home/laurence/CodeSourcery/Sourcery_G++_Lite/bin/../lib/gcc/arm-none-eabi/4.5.2/../../../../arm-none-eabi/lib/thumb2/libc.a(lib_a-callocr.o)
                0x0800c360                _calloc_r
 *fill*         0x0800c3bc        0x4 00
 .text          0x0800c3c0       0xb4 /home/laurence/CodeSourcery/Sourcery_G++_Lite/bin/../lib/gcc/arm-none-eabi/4.5.2/../../../../arm-none-eabi/lib/thumb2/libc.a(lib_a-memmove.o)
                0x0800c3c0                memmove
 *fill*         0x0800c474        0xc 00
 .text          0x0800c480      0x278 /home/laurence/CodeSourcery/Sourcery_G++_Lite/bin/../lib/gcc/arm-none-eabi/4.5.2/thumb2/libgcc.a(_udivsi3.o)
                0x0800c480                __udivsi3
                0x0800c480                __aeabi_uidiv
                0x0800c6dc                __aeabi_uidivmod
 *fill*         0x0800c6f8        0x8 00
 .text          0x0800c700        0x4 /home/laurence/CodeSourcery/Sourcery_G++_Lite/bin/../lib/gcc/arm-none-eabi/4.5.2/thumb2/libgcc.a(_dvmd_tls.o)
                0x0800c700                __aeabi_ldiv0
                0x0800c700                __aeabi_idiv0
 *fill*         0x0800c704        0xc 00
 .text          0x0800c710      0x110 /home/laurence/CodeSourcery/Sourcery_G++_Lite/bin/../lib/gcc/arm-none-eabi/4.5.2/thumb2/libgcc.a(_arm_cmpdf2.o)
                0x0800c710                __gtdf2
                0x0800c710                __gedf2
                0x0800c718                __ltdf2
                0x0800c718                __ledf2
                0x0800c720                __cmpdf2
                0x0800c720                __eqdf2
                0x0800c720                __nedf2
                0x0800c79c                __aeabi_cdrcmple
                0x0800c7ac                __aeabi_cdcmple
                0x0800c7ac                __aeabi_cdcmpeq
                0x0800c7bc                __aeabi_dcmpeq
                0x0800c7d0                __aeabi_dcmplt
                0x0800c7e4                __aeabi_dcmple
                0x0800c7f8                __aeabi_dcmpge
                0x0800c80c                __aeabi_dcmpgt
 .text          0x0800c820       0x40 /home/laurence/CodeSourcery/Sourcery_G++_Lite/bin/../lib/gcc/arm-none-eabi/4.5.2/thumb2/libgcc.a(_arm_fixunsdfsi.o)
                0x0800c820                __fixunsdfsi
                0x0800c820                __aeabi_d2uiz
 .text          0x0800c860       0x2c /home/laurence/CodeSourcery/Sourcery_G++_Lite/bin/../lib/gcc/arm-none-eabi/4.5.2/thumb2/libgcc.a(_aeabi_uldivmod.o)
                0x0800c860                __aeabi_uldivmod
 *fill*         0x0800c88c        0x4 00
 .text          0x0800c890       0x60 /home/laurence/CodeSourcery/Sourcery_G++_Lite/bin/../lib/gcc/arm-none-eabi/4.5.2/thumb2/libgcc.a(bpabi.o)
                0x0800c890                __gnu_ldivmod_helper
                0x0800c8c0                __gnu_uldivmod_helper
 .text          0x0800c8f0      0x360 /home/laurence/CodeSourcery/Sourcery_G++_Lite/bin/../lib/gcc/arm-none-eabi/4.5.2/thumb2/libgcc.a(_divdi3.o)
                0x0800c8f0                __divdi3
 .text          0x0800cc50      0x308 /home/laurence/CodeSourcery/Sourcery_G++_Lite/bin/../lib/gcc/arm-none-eabi/4.5.2/thumb2/libgcc.a(_udivdi3.o)
                0x0800cc50                __udivdi3
 *(.text.*)
 *fill*         0x0800cf58        0x8 00
 .text.__late_init
                0x0800cf60        0x2 build/obj/crt0.o
                0x0800cf60                __late_init
 *fill*         0x0800cf62        0xe 00
 .text._default_exit
                0x0800cf70        0x2 build/obj/crt0.o
                0x0800cf70                _default_exit
 *fill*         0x0800cf72        0xe 00
 .text.ResetHandler
                0x0800cf80       0xe8 build/obj/crt0.o
                0x0800cf80                ResetHandler
 *fill*         0x0800d068        0x8 00
 .text._unhandled_exception
                0x0800d070        0x2 build/obj/vectors.o
                0x0800d070                Vector58
                0x0800d070                VectorE8
                0x0800d070                Vector9C
                0x0800d070                Vector5C
                0x0800d070                NMIVector
                0x0800d070                Vector11C
                0x0800d070                Vector8C
                0x0800d070                VectorDC
                0x0800d070                Vector168
                0x0800d070                Vector110
                0x0800d070                VectorC8
                0x0800d070                Vector94
                0x0800d070                VectorA8
                0x0800d070                VectorB4
                0x0800d070                Vector160
                0x0800d070                VectorEC
                0x0800d070                UsageFaultVector
                0x0800d070                DebugMonitorVector
                0x0800d070                Vector40
                0x0800d070                VectorF8
                0x0800d070                Vector108
                0x0800d070                VectorBC
                0x0800d070                Vector148
                0x0800d070                PendSVVector
                0x0800d070                Vector118
                0x0800d070                Vector64
                0x0800d070                VectorCC
                0x0800d070                Vector54
                0x0800d070                Vector98
                0x0800d070                VectorD8
                0x0800d070                Vector138
                0x0800d070                Vector24
                0x0800d070                Vector178
                0x0800d070                BusFaultVector
                0x0800d070                VectorD0
                0x0800d070                Vector140
                0x0800d070                VectorE4
                0x0800d070                VectorC0
                0x0800d070                HardFaultVector
                0x0800d070                Vector134
                0x0800d070                Vector13C
                0x0800d070                Vector100
                0x0800d070                VectorE0
                0x0800d070                VectorF4
                0x0800d070                MemManageVector
                0x0800d070                VectorA0
                0x0800d070                VectorC4
                0x0800d070                Vector180
                0x0800d070                VectorB0
                0x0800d070                Vector90
                0x0800d070                Vector114
                0x0800d070                Vector164
                0x0800d070                Vector60
                0x0800d070                Vector1C
                0x0800d070                Vector17C
                0x0800d070                Vector48
                0x0800d070                Vector16C
                0x0800d070                VectorD4
                0x0800d070                Vector4C
                0x0800d070                Vector144
                0x0800d070                Vector15C
                0x0800d070                Vector68
                0x0800d070                _unhandled_exception
                0x0800d070                Vector170
                0x0800d070                Vector104
                0x0800d070                Vector184
                0x0800d070                Vector10C
                0x0800d070                Vector50
                0x0800d070                Vector44
                0x0800d070                Vector28
                0x0800d070                VectorB8
                0x0800d070                Vector34
                0x0800d070                Vector20
                0x0800d070                Vector174
 *fill*         0x0800d072        0xe 00
 .text.port_halt
                0x0800d080        0x4 build/obj/chcore.o
                0x0800d080                port_halt
 *fill*         0x0800d084        0xc 00
 .text._port_switch_from_isr
                0x0800d090        0x6 build/obj/chcore_v7m.o
                0x0800d090                _port_switch_from_isr
 *fill*         0x0800d096        0xa 00
 .text.SVCallVector
                0x0800d0a0       0x24 build/obj/chcore_v7m.o
                0x0800d0a0                SVCallVector
 *fill*         0x0800d0c4        0xc 00
 .text._port_init
                0x0800d0d0       0x34 build/obj/chcore_v7m.o
                0x0800d0d0                _port_init
 *fill*         0x0800d104        0xc 00
 .text._port_irq_epilogue
                0x0800d110       0x84 build/obj/chcore_v7m.o
                0x0800d110                _port_irq_epilogue
 *fill*         0x0800d194        0xc 00
 .text.SysTickVector
                0x0800d1a0       0x1a build/obj/chcore_v7m.o
                0x0800d1a0                SysTickVector
 *fill*         0x0800d1ba        0x6 00
 .text._port_switch
                0x0800d1c0       0x18 build/obj/chcore_v7m.o
                0x0800d1c0                _port_switch
 *fill*         0x0800d1d8        0x8 00
 .text._port_thread_start
                0x0800d1e0       0x10 build/obj/chcore_v7m.o
                0x0800d1e0                _port_thread_start
 .text.nvicEnableVector
                0x0800d1f0       0x44 build/obj/nvic.o
                0x0800d1f0                nvicEnableVector
 *fill*         0x0800d234        0xc 00
 .text.nvicSetSystemHandlerPriority
                0x0800d240       0x2c build/obj/nvic.o
                0x0800d240                nvicSetSystemHandlerPriority
 *fill*         0x0800d26c        0x4 00
 .text._idle_thread
                0x0800d270       0x14 build/obj/chsys.o
                0x0800d270                _idle_thread
 *fill*         0x0800d284        0xc 00
 .text.chSysInit
                0x0800d290       0x64 build/obj/chsys.o
                0x0800d290                chSysInit
 *fill*         0x0800d2f4        0xc 00
 .text.chSysTimerHandlerI
                0x0800d300       0x5c build/obj/chsys.o
                0x0800d300                chSysTimerHandlerI
 *fill*         0x0800d35c        0x4 00
 .text.chDbgPanic
                0x0800d360        0xc build/obj/chdebug.o
                0x0800d360                chDbgPanic
 *fill*         0x0800d36c        0x4 00
 .text._vt_init
                0x0800d370       0x18 build/obj/chvt.o
                0x0800d370                _vt_init
 *fill*         0x0800d388        0x8 00
 .text.chVTSetI
                0x0800d390       0x34 build/obj/chvt.o
                0x0800d390                chVTSetI
 *fill*         0x0800d3c4        0xc 00
 .text.chVTResetI
                0x0800d3d0       0x24 build/obj/chvt.o
                0x0800d3d0                chVTResetI
 *fill*         0x0800d3f4        0xc 00
 .text.fifo_remove.clone.0
                0x0800d400       0x10 build/obj/chschd.o
 .text._scheduler_init
                0x0800d410       0x14 build/obj/chschd.o
                0x0800d410                _scheduler_init
 *fill*         0x0800d424        0xc 00
 .text.chSchReadyI
                0x0800d430       0x24 build/obj/chschd.o
                0x0800d430                chSchReadyI
 *fill*         0x0800d454        0xc 00
 .text.wakeup   0x0800d460       0x4a build/obj/chschd.o
 *fill*         0x0800d4aa        0x6 00
 .text.chSchGoSleepS
                0x0800d4b0       0x40 build/obj/chschd.o
                0x0800d4b0                chSchGoSleepS
 .text.chSchGoSleepTimeoutS
                0x0800d4f0       0x40 build/obj/chschd.o
                0x0800d4f0                chSchGoSleepTimeoutS
 .text.chSchWakeupS
                0x0800d530       0x50 build/obj/chschd.o
                0x0800d530                chSchWakeupS
 .text.chSchDoRescheduleBehind
                0x0800d580       0x44 build/obj/chschd.o
                0x0800d580                chSchDoRescheduleBehind
 *fill*         0x0800d5c4        0xc 00
 .text.chSchDoRescheduleAhead
                0x0800d5d0       0x54 build/obj/chschd.o
                0x0800d5d0                chSchDoRescheduleAhead
 *fill*         0x0800d624        0xc 00
 .text.chSchRescheduleS
                0x0800d630       0x18 build/obj/chschd.o
                0x0800d630                chSchRescheduleS
 *fill*         0x0800d648        0x8 00
 .text.chSchDoReschedule
                0x0800d650       0x18 build/obj/chschd.o
                0x0800d650                chSchDoReschedule
 *fill*         0x0800d668        0x8 00
 .text._thread_init
                0x0800d670       0x4c build/obj/chthreads.o
                0x0800d670                _thread_init
 *fill*         0x0800d6bc        0x4 00
 .text._thread_memfill
                0x0800d6c0        0xc build/obj/chthreads.o
                0x0800d6c0                _thread_memfill
 *fill*         0x0800d6cc        0x4 00
 .text.chThdCreateI
                0x0800d6d0       0x20 build/obj/chthreads.o
                0x0800d6d0                chThdCreateI
 .text.chThdCreateStatic
                0x0800d6f0       0x4c build/obj/chthreads.o
                0x0800d6f0                chThdCreateStatic
 *fill*         0x0800d73c        0x4 00
 .text.chThdSleep
                0x0800d740       0x18 build/obj/chthreads.o
                0x0800d740                chThdSleep
 *fill*         0x0800d758        0x8 00
 .text.chThdExitS
                0x0800d760       0x40 build/obj/chthreads.o
                0x0800d760                chThdExitS
 .text.chThdExit
                0x0800d7a0        0xa build/obj/chthreads.o
                0x0800d7a0                chThdExit
 *fill*         0x0800d7aa        0x6 00
 .text.queue_insert
                0x0800d7b0        0xc build/obj/chsem.o
 *fill*         0x0800d7bc        0x4 00
 .text.fifo_remove
                0x0800d7c0        0xc build/obj/chsem.o
 *fill*         0x0800d7cc        0x4 00
 .text.chSemInit
                0x0800d7d0        0x8 build/obj/chsem.o
                0x0800d7d0                chSemInit
 *fill*         0x0800d7d8        0x8 00
 .text.chSemResetI
                0x0800d7e0       0x24 build/obj/chsem.o
                0x0800d7e0                chSemResetI
 *fill*         0x0800d804        0xc 00
 .text.chSemWaitTimeoutS
                0x0800d810       0x3c build/obj/chsem.o
                0x0800d810                chSemWaitTimeoutS
 *fill*         0x0800d84c        0x4 00
 .text.chSemSignalI
                0x0800d850       0x1e build/obj/chsem.o
                0x0800d850                chSemSignalI
 *fill*         0x0800d86e        0x2 00
 .text.chMtxInit
                0x0800d870        0xa build/obj/chmtx.o
                0x0800d870                chMtxInit
 *fill*         0x0800d87a        0x6 00
 .text.chEvtSignalI
                0x0800d880       0x30 build/obj/chevents.o
                0x0800d880                chEvtSignalI
 .text.chEvtBroadcastFlagsI
                0x0800d8b0       0x20 build/obj/chevents.o
                0x0800d8b0                chEvtBroadcastFlagsI
 .text.chMBInit
                0x0800d8d0       0x26 build/obj/chmboxes.o
                0x0800d8d0                chMBInit
 *fill*         0x0800d8f6        0xa 00
 .text.chMBReset
                0x0800d900       0x32 build/obj/chmboxes.o
                0x0800d900                chMBReset
 *fill*         0x0800d932        0xe 00
 .text.chMBPostS
                0x0800d940       0x36 build/obj/chmboxes.o
                0x0800d940                chMBPostS
 *fill*         0x0800d976        0xa 00
 .text.chMBPost
                0x0800d980       0x14 build/obj/chmboxes.o
                0x0800d980                chMBPost
 *fill*         0x0800d994        0xc 00
 .text.chMBFetchS
                0x0800d9a0       0x38 build/obj/chmboxes.o
                0x0800d9a0                chMBFetchS
 *fill*         0x0800d9d8        0x8 00
 .text.chMBFetch
                0x0800d9e0       0x14 build/obj/chmboxes.o
                0x0800d9e0                chMBFetch
 *fill*         0x0800d9f4        0xc 00
 .text.chMBFetchI
                0x0800da00       0x30 build/obj/chmboxes.o
                0x0800da00                chMBFetchI
 .text.fifo_remove
                0x0800da30        0xc build/obj/chqueues.o
 *fill*         0x0800da3c        0x4 00
 .text.qwait    0x0800da40       0x24 build/obj/chqueues.o
 *fill*         0x0800da64        0xc 00
 .text.chIQInit
                0x0800da70       0x1c build/obj/chqueues.o
                0x0800da70                chIQInit
 *fill*         0x0800da8c        0x4 00
 .text.chIQResetI
                0x0800da90       0x28 build/obj/chqueues.o
                0x0800da90                chIQResetI
 *fill*         0x0800dab8        0x8 00
 .text.chIQGetTimeout
                0x0800dac0       0x4c build/obj/chqueues.o
                0x0800dac0                chIQGetTimeout
 *fill*         0x0800db0c        0x4 00
 .text.chIQReadTimeout
                0x0800db10       0x6e build/obj/chqueues.o
                0x0800db10                chIQReadTimeout
 *fill*         0x0800db7e        0x2 00
 .text.chOQInit
                0x0800db80       0x18 build/obj/chqueues.o
                0x0800db80                chOQInit
 *fill*         0x0800db98        0x8 00
 .text.chOQResetI
                0x0800dba0       0x2a build/obj/chqueues.o
                0x0800dba0                chOQResetI
 *fill*         0x0800dbca        0x6 00
 .text.chOQPutTimeout
                0x0800dbd0       0x52 build/obj/chqueues.o
                0x0800dbd0                chOQPutTimeout
 *fill*         0x0800dc22        0xe 00
 .text.chOQWriteTimeout
                0x0800dc30       0x76 build/obj/chqueues.o
                0x0800dc30                chOQWriteTimeout
 *fill*         0x0800dca6        0xa 00
 .text._core_init
                0x0800dcb0       0x28 build/obj/chmemcore.o
                0x0800dcb0                _core_init
 *fill*         0x0800dcd8        0x8 00
 .text.chCoreAllocI
                0x0800dce0       0x24 build/obj/chmemcore.o
                0x0800dce0                chCoreAllocI
 *fill*         0x0800dd04        0xc 00
 .text.chCoreAlloc
                0x0800dd10       0x14 build/obj/chmemcore.o
                0x0800dd10                chCoreAlloc
 *fill*         0x0800dd24        0xc 00
 .text.chCoreStatus
                0x0800dd30       0x14 build/obj/chmemcore.o
                0x0800dd30                chCoreStatus
 *fill*         0x0800dd44        0xc 00
 .text._heap_init
                0x0800dd50       0x1c build/obj/chheap.o
                0x0800dd50                _heap_init
 *fill*         0x0800dd6c        0x4 00
 .text.halInit  0x0800dd70       0x2c build/obj/hal.o
                0x0800dd70                halInit
 *fill*         0x0800dd9c        0x4 00
 .text.halIsCounterWithin
                0x0800dda0       0x28 build/obj/hal.o
                0x0800dda0                halIsCounterWithin
 *fill*         0x0800ddc8        0x8 00
 .text.halPolledDelay
                0x0800ddd0       0x1c build/obj/hal.o
                0x0800ddd0                halPolledDelay
 *fill*         0x0800ddec        0x4 00
 .text.adcInit  0x0800ddf0        0x4 build/obj/adc.o
                0x0800ddf0                adcInit
 *fill*         0x0800ddf4        0xc 00
 .text.adcObjectInit
                0x0800de00       0x16 build/obj/adc.o
                0x0800de00                adcObjectInit
 *fill*         0x0800de16        0xa 00
 .text.adcStart
                0x0800de20       0x1c build/obj/adc.o
                0x0800de20                adcStart
 *fill*         0x0800de3c        0x4 00
 .text.adcStartConversionI
                0x0800de40       0x14 build/obj/adc.o
                0x0800de40                adcStartConversionI
 *fill*         0x0800de54        0xc 00
 .text.adcStartConversion
                0x0800de60       0x18 build/obj/adc.o
                0x0800de60                adcStartConversion
 *fill*         0x0800de78        0x8 00
 .text.adcConvert
                0x0800de80       0x30 build/obj/adc.o
                0x0800de80                adcConvert
 .text.gptInit  0x0800deb0        0x4 build/obj/gpt.o
                0x0800deb0                gptInit
 *fill*         0x0800deb4        0xc 00
 .text.gptObjectInit
                0x0800dec0        0xa build/obj/gpt.o
                0x0800dec0                gptObjectInit
 *fill*         0x0800deca        0x6 00
 .text.gptStart
                0x0800ded0       0x1c build/obj/gpt.o
                0x0800ded0                gptStart
 *fill*         0x0800deec        0x4 00
 .text.gptStartContinuousI
                0x0800def0        0x8 build/obj/gpt.o
                0x0800def0                gptStartContinuousI
 *fill*         0x0800def8        0x8 00
 .text.gptStartContinuous
                0x0800df00       0x14 build/obj/gpt.o
                0x0800df00                gptStartContinuous
 *fill*         0x0800df14        0xc 00
 .text.pwmInit  0x0800df20        0x4 build/obj/pwm.o
                0x0800df20                pwmInit
 *fill*         0x0800df24        0xc 00
 .text.pwmObjectInit
                0x0800df30        0xa build/obj/pwm.o
                0x0800df30                pwmObjectInit
 *fill*         0x0800df3a        0x6 00
 .text.inotify  0x0800df40       0x5c build/obj/serial_usb.o
 *fill*         0x0800df9c        0x4 00
 .text.onotify  0x0800dfa0       0x52 build/obj/serial_usb.o
 *fill*         0x0800dff2        0xe 00
 .text.readt    0x0800e000        0x6 build/obj/serial_usb.o
 *fill*         0x0800e006        0xa 00
 .text.read     0x0800e010        0xa build/obj/serial_usb.o
 *fill*         0x0800e01a        0x6 00
 .text.writet   0x0800e020        0x6 build/obj/serial_usb.o
 *fill*         0x0800e026        0xa 00
 .text.write    0x0800e030        0xa build/obj/serial_usb.o
 *fill*         0x0800e03a        0x6 00
 .text.gett     0x0800e040        0x6 build/obj/serial_usb.o
 *fill*         0x0800e046        0xa 00
 .text.get      0x0800e050        0xa build/obj/serial_usb.o
 *fill*         0x0800e05a        0x6 00
 .text.putt     0x0800e060        0x6 build/obj/serial_usb.o
 *fill*         0x0800e066        0xa 00
 .text.put      0x0800e070        0xa build/obj/serial_usb.o
 *fill*         0x0800e07a        0x6 00
 .text.sduInit  0x0800e080        0x2 build/obj/serial_usb.o
                0x0800e080                sduInit
 *fill*         0x0800e082        0xe 00
 .text.sduObjectInit
                0x0800e090       0x48 build/obj/serial_usb.o
                0x0800e090                sduObjectInit
 *fill*         0x0800e0d8        0x8 00
 .text.sduStart
                0x0800e0e0       0x1a build/obj/serial_usb.o
                0x0800e0e0                sduStart
 *fill*         0x0800e0fa        0x6 00
 .text.sduConfigureHookI
                0x0800e100       0x3a build/obj/serial_usb.o
                0x0800e100                sduConfigureHookI
 *fill*         0x0800e13a        0x6 00
 .text.sduRequestsHook
                0x0800e140       0x50 build/obj/serial_usb.o
                0x0800e140                sduRequestsHook
 .text.sduDataTransmitted
                0x0800e190       0x76 build/obj/serial_usb.o
                0x0800e190                sduDataTransmitted
 *fill*         0x0800e206        0xa 00
 .text.sduDataReceived
                0x0800e210       0x56 build/obj/serial_usb.o
                0x0800e210                sduDataReceived
 *fill*         0x0800e266        0xa 00
 .text.sduInterruptTransmitted
                0x0800e270        0x2 build/obj/serial_usb.o
                0x0800e270                sduInterruptTransmitted
 *fill*         0x0800e272        0xe 00
 .text.usbInit  0x0800e280        0x4 build/obj/usb.o
                0x0800e280                usbInit
 *fill*         0x0800e284        0xc 00
 .text.usbObjectInit
                0x0800e290       0x10 build/obj/usb.o
                0x0800e290                usbObjectInit
 .text.usbStart
                0x0800e2a0       0x26 build/obj/usb.o
                0x0800e2a0                usbStart
 *fill*         0x0800e2c6        0xa 00
 .text.usbInitEndpointI
                0x0800e2d0       0x32 build/obj/usb.o
                0x0800e2d0                usbInitEndpointI
 *fill*         0x0800e302        0xe 00
 .text.usbPrepareReceive
                0x0800e310       0x1c build/obj/usb.o
                0x0800e310                usbPrepareReceive
 *fill*         0x0800e32c        0x4 00
 .text.usbPrepareTransmit
                0x0800e330       0x1c build/obj/usb.o
                0x0800e330                usbPrepareTransmit
 *fill*         0x0800e34c        0x4 00
 .text.usbPrepareQueuedReceive
                0x0800e350       0x1e build/obj/usb.o
                0x0800e350                usbPrepareQueuedReceive
 *fill*         0x0800e36e        0x2 00
 .text.usbPrepareQueuedTransmit
                0x0800e370       0x1e build/obj/usb.o
                0x0800e370                usbPrepareQueuedTransmit
 *fill*         0x0800e38e        0x2 00
 .text.usbStartReceiveI
                0x0800e390       0x26 build/obj/usb.o
                0x0800e390                usbStartReceiveI
 *fill*         0x0800e3b6        0xa 00
 .text.usbStartTransmitI
                0x0800e3c0       0x26 build/obj/usb.o
                0x0800e3c0                usbStartTransmitI
 *fill*         0x0800e3e6        0xa 00
 .text._usb_reset
                0x0800e3f0       0x26 build/obj/usb.o
                0x0800e3f0                _usb_reset
 *fill*         0x0800e416        0xa 00
 .text._usb_ep0setup
                0x0800e420      0x2dc build/obj/usb.o
                0x0800e420                _usb_ep0setup
 *fill*         0x0800e6fc        0x4 00
 .text._usb_ep0in
                0x0800e700       0xa6 build/obj/usb.o
                0x0800e700                _usb_ep0in
 *fill*         0x0800e7a6        0xa 00
 .text._usb_ep0out
                0x0800e7b0       0x6c build/obj/usb.o
                0x0800e7b0                _usb_ep0out
 *fill*         0x0800e81c        0x4 00
 .text.Vector6C
                0x0800e820       0x28 build/obj/stm32_dma.o
                0x0800e820                Vector6C
 *fill*         0x0800e848        0x8 00
 .text.Vector70
                0x0800e850       0x2c build/obj/stm32_dma.o
                0x0800e850                Vector70
 *fill*         0x0800e87c        0x4 00
 .text.Vector74
                0x0800e880       0x2c build/obj/stm32_dma.o
                0x0800e880                Vector74
 *fill*         0x0800e8ac        0x4 00
 .text.Vector78
                0x0800e8b0       0x2c build/obj/stm32_dma.o
                0x0800e8b0                Vector78
 *fill*         0x0800e8dc        0x4 00
 .text.Vector7C
                0x0800e8e0       0x28 build/obj/stm32_dma.o
                0x0800e8e0                Vector7C
 *fill*         0x0800e908        0x8 00
 .text.Vector80
                0x0800e910       0x2c build/obj/stm32_dma.o
                0x0800e910                Vector80
 *fill*         0x0800e93c        0x4 00
 .text.Vector84
                0x0800e940       0x2c build/obj/stm32_dma.o
                0x0800e940                Vector84
 *fill*         0x0800e96c        0x4 00
 .text.VectorFC
                0x0800e970       0x2c build/obj/stm32_dma.o
                0x0800e970                VectorFC
 *fill*         0x0800e99c        0x4 00
 .text.Vector120
                0x0800e9a0       0x28 build/obj/stm32_dma.o
                0x0800e9a0                Vector120
 *fill*         0x0800e9c8        0x8 00
 .text.Vector124
                0x0800e9d0       0x2c build/obj/stm32_dma.o
                0x0800e9d0                Vector124
 *fill*         0x0800e9fc        0x4 00
 .text.Vector128
                0x0800ea00       0x2c build/obj/stm32_dma.o
                0x0800ea00                Vector128
 *fill*         0x0800ea2c        0x4 00
 .text.Vector12C
                0x0800ea30       0x2c build/obj/stm32_dma.o
                0x0800ea30                Vector12C
 *fill*         0x0800ea5c        0x4 00
 .text.Vector130
                0x0800ea60       0x28 build/obj/stm32_dma.o
                0x0800ea60                Vector130
 *fill*         0x0800ea88        0x8 00
 .text.Vector150
                0x0800ea90       0x2c build/obj/stm32_dma.o
                0x0800ea90                Vector150
 *fill*         0x0800eabc        0x4 00
 .text.Vector154
                0x0800eac0       0x2c build/obj/stm32_dma.o
                0x0800eac0                Vector154
 *fill*         0x0800eaec        0x4 00
 .text.Vector158
                0x0800eaf0       0x2c build/obj/stm32_dma.o
                0x0800eaf0                Vector158
 *fill*         0x0800eb1c        0x4 00
 .text.dmaInit  0x0800eb20       0x40 build/obj/stm32_dma.o
                0x0800eb20                dmaInit
 .text.dmaStreamAllocate
                0x0800eb60       0x88 build/obj/stm32_dma.o
                0x0800eb60                dmaStreamAllocate
 *fill*         0x0800ebe8        0x8 00
 .text.hal_lld_init
                0x0800ebf0       0xb0 build/obj/hal_lld.o
                0x0800ebf0                hal_lld_init
 .text.stm32_clock_init
                0x0800eca0       0xb4 build/obj/hal_lld.o
                0x0800eca0                stm32_clock_init
 *fill*         0x0800ed54        0xc 00
 .text.adc_lld_init
                0x0800ed60       0x54 build/obj/adc_lld.o
                0x0800ed60                adc_lld_init
 *fill*         0x0800edb4        0xc 00
 .text.adc_lld_start
                0x0800edc0       0x80 build/obj/adc_lld.o
                0x0800edc0                adc_lld_start
 .text.adc_lld_start_conversion
                0x0800ee40       0x6e build/obj/adc_lld.o
                0x0800ee40                adc_lld_start_conversion
 *fill*         0x0800eeae        0x2 00
 .text.adc_lld_stop_conversion
                0x0800eeb0       0x2e build/obj/adc_lld.o
                0x0800eeb0                adc_lld_stop_conversion
 *fill*         0x0800eede        0x2 00
 .text.adc_lld_serve_rx_interrupt
                0x0800eee0       0xea build/obj/adc_lld.o
 *fill*         0x0800efca        0x6 00
 .text.Vector88
                0x0800efd0       0xd8 build/obj/adc_lld.o
                0x0800efd0                Vector88
 *fill*         0x0800f0a8        0x8 00
 .text.gpt_lld_init
                0x0800f0b0       0x14 build/obj/gpt_lld.o
                0x0800f0b0                gpt_lld_init
 *fill*         0x0800f0c4        0xc 00
 .text.gpt_lld_start
                0x0800f0d0       0x5c build/obj/gpt_lld.o
                0x0800f0d0                gpt_lld_start
 *fill*         0x0800f12c        0x4 00
 .text.gpt_lld_start_timer
                0x0800f130       0x18 build/obj/gpt_lld.o
                0x0800f130                gpt_lld_start_timer
 *fill*         0x0800f148        0x8 00
 .text.gpt_lld_stop_timer
                0x0800f150        0xc build/obj/gpt_lld.o
                0x0800f150                gpt_lld_stop_timer
 *fill*         0x0800f15c        0x4 00
 .text.VectorF0
                0x0800f160       0x30 build/obj/gpt_lld.o
                0x0800f160                VectorF0
 .text.VectorA4
                0x0800f190       0x24 build/obj/pwm_lld.o
                0x0800f190                VectorA4
 *fill*         0x0800f1b4        0xc 00
 .text.VectorAC
                0x0800f1c0       0x58 build/obj/pwm_lld.o
                0x0800f1c0                VectorAC
 *fill*         0x0800f218        0x8 00
 .text.pwm_lld_init
                0x0800f220       0x18 build/obj/pwm_lld.o
                0x0800f220                pwm_lld_init
 *fill*         0x0800f238        0x8 00
 .text.initgpio
                0x0800f240       0x1e build/obj/pal_lld.o
 *fill*         0x0800f25e        0x2 00
 .text._pal_lld_init
                0x0800f260       0xa4 build/obj/pal_lld.o
                0x0800f260                _pal_lld_init
 *fill*         0x0800f304        0xc 00
 .text.fifo_remove
                0x0800f310        0xc build/obj/usb_lld.o
 *fill*         0x0800f31c        0x4 00
 .text.otg_disable_ep
                0x0800f320       0x86 build/obj/usb_lld.o
 *fill*         0x0800f3a6        0xa 00
 .text.otg_ram_reset
                0x0800f3b0        0x8 build/obj/usb_lld.o
 *fill*         0x0800f3b8        0x8 00
 .text.otg_do_push
                0x0800f3c0       0x1a build/obj/usb_lld.o
 *fill*         0x0800f3da        0x6 00
 .text.otg_fifo_read_to_buffer
                0x0800f3e0       0x1e build/obj/usb_lld.o
 *fill*         0x0800f3fe        0x2 00
 .text.otg_ram_alloc.clone.0
                0x0800f400        0xa build/obj/usb_lld.o
 *fill*         0x0800f40a        0x6 00
 .text.otg_txfifo_flush.clone.1
                0x0800f410       0x16 build/obj/usb_lld.o
 *fill*         0x0800f426        0xa 00
 .text.usb_lld_wakeup_pump.clone.4.clone.5
                0x0800f430       0x18 build/obj/usb_lld.o
 *fill*         0x0800f448        0x8 00
 .text.usb_lld_pump
                0x0800f450      0x2d4 build/obj/usb_lld.o
 *fill*         0x0800f724        0xc 00
 .text.otg_epin_handler.clone.7
                0x0800f730       0x80 build/obj/usb_lld.o
 .text.otg_epout_handler.clone.8
                0x0800f7b0       0x68 build/obj/usb_lld.o
 *fill*         0x0800f818        0x8 00
 .text.Vector14C
                0x0800f820       0xdc build/obj/usb_lld.o
                0x0800f820                Vector14C
 *fill*         0x0800f8fc        0x4 00
 .text.usb_lld_init
                0x0800f900       0x44 build/obj/usb_lld.o
                0x0800f900                usb_lld_init
 *fill*         0x0800f944        0xc 00
 .text.usb_lld_start
                0x0800f950       0xcc build/obj/usb_lld.o
                0x0800f950                usb_lld_start
 *fill*         0x0800fa1c        0x4 00
 .text.usb_lld_reset
                0x0800fa20       0xc0 build/obj/usb_lld.o
                0x0800fa20                usb_lld_reset
 .text.usb_lld_set_address
                0x0800fae0       0x18 build/obj/usb_lld.o
                0x0800fae0                usb_lld_set_address
 *fill*         0x0800faf8        0x8 00
 .text.usb_lld_init_endpoint
                0x0800fb00      0x138 build/obj/usb_lld.o
                0x0800fb00                usb_lld_init_endpoint
 *fill*         0x0800fc38        0x8 00
 .text.usb_lld_get_status_out
                0x0800fc40       0x1c build/obj/usb_lld.o
                0x0800fc40                usb_lld_get_status_out
 *fill*         0x0800fc5c        0x4 00
 .text.usb_lld_get_status_in
                0x0800fc60       0x1c build/obj/usb_lld.o
                0x0800fc60                usb_lld_get_status_in
 *fill*         0x0800fc7c        0x4 00
 .text.usb_lld_read_setup
                0x0800fc80       0x12 build/obj/usb_lld.o
                0x0800fc80                usb_lld_read_setup
 *fill*         0x0800fc92        0xe 00
 .text.usb_lld_prepare_receive
                0x0800fca0       0x2a build/obj/usb_lld.o
                0x0800fca0                usb_lld_prepare_receive
 *fill*         0x0800fcca        0x6 00
 .text.usb_lld_prepare_transmit
                0x0800fcd0       0x32 build/obj/usb_lld.o
                0x0800fcd0                usb_lld_prepare_transmit
 *fill*         0x0800fd02        0xe 00
 .text.usb_lld_start_out
                0x0800fd10       0x10 build/obj/usb_lld.o
                0x0800fd10                usb_lld_start_out
 .text.usb_lld_start_in
                0x0800fd20       0x22 build/obj/usb_lld.o
                0x0800fd20                usb_lld_start_in
 *fill*         0x0800fd42        0xe 00
 .text.usb_lld_stall_out
                0x0800fd50       0x10 build/obj/usb_lld.o
                0x0800fd50                usb_lld_stall_out
 .text.usb_lld_stall_in
                0x0800fd60       0x10 build/obj/usb_lld.o
                0x0800fd60                usb_lld_stall_in
 .text.usb_lld_clear_out
                0x0800fd70       0x10 build/obj/usb_lld.o
                0x0800fd70                usb_lld_clear_out
 .text.usb_lld_clear_in
                0x0800fd80       0x10 build/obj/usb_lld.o
                0x0800fd80                usb_lld_clear_in
 .text.__early_init
                0x0800fd90        0x4 build/obj/board.o
                0x0800fd90                __early_init
 *fill*         0x0800fd94        0xc 00
 .text.boardInit
                0x0800fda0        0x2 build/obj/board.o
                0x0800fda0                boardInit
 *fill*         0x0800fda2        0xe 00
 .text.long_to_string_with_divisor
                0x0800fdb0       0x46 build/obj/chprintf.o
 *fill*         0x0800fdf6        0xa 00
 .text.ltoa     0x0800fe00        0x6 build/obj/chprintf.o
 *fill*         0x0800fe06        0xa 00
 .text.chprintf
                0x0800fe10      0x290 build/obj/chprintf.o
                0x0800fe10                chprintf
 .text._read_r  0x080100a0        0xa build/obj/syscalls.o
                0x080100a0                _read_r
 *fill*         0x080100aa        0x6 00
 .text._lseek_r
                0x080100b0        0x4 build/obj/syscalls.o
                0x080100b0                _lseek_r
 *fill*         0x080100b4        0xc 00
 .text._write_r
                0x080100c0        0x4 build/obj/syscalls.o
                0x080100c0                _write_r
 *fill*         0x080100c4        0xc 00
 .text._close_r
                0x080100d0        0x4 build/obj/syscalls.o
                0x080100d0                _close_r
 *fill*         0x080100d4        0xc 00
 .text._sbrk_r  0x080100e0       0x14 build/obj/syscalls.o
                0x080100e0                _sbrk_r
 *fill*         0x080100f4        0xc 00
 .text.Thread1  0x08010100       0x38 build/obj/main.o
 *fill*         0x08010138        0x8 00
 .text.main     0x08010140      0x6bc build/obj/main.o
                0x08010140                main
 *fill*         0x080107fc        0x4 00
 .text.get_descriptor
                0x08010800       0x34 build/obj/usbcfg.o
 *fill*         0x08010834        0xc 00
 .text.usb_event
                0x08010840       0x38 build/obj/usbcfg.o
 *fill*         0x08010878        0x8 00
 .text.adc2errorcallback
                0x08010880        0x2 build/obj/EKF_Pressure.o
 *fill*         0x08010882        0xe 00
 .text.Pressure_Thread
                0x08010890      0x644 build/obj/EKF_Pressure.o
                0x08010890                Pressure_Thread
 *fill*         0x08010ed4        0xc 00
 .text.GPT_Stepper_Callback
                0x08010ee0       0xe0 build/obj/EKF_Pressure.o
 .text.adc2callback_pressure
                0x08010fc0       0x24 build/obj/EKF_Pressure.o
 *fill*         0x08010fe4        0xc 00
 .text.Spawn_Pressure_Thread
                0x08010ff0       0x60 build/obj/EKF_Pressure.o
                0x08010ff0                Spawn_Pressure_Thread
 .text.adc1errorcallback
                0x08011050        0x2 build/obj/PPG_Demod.o
 *fill*         0x08011052        0xe 00
 .text.PPG_Thread
                0x08011060       0xb4 build/obj/PPG_Demod.o
                0x08011060                PPG_Thread
 *fill*         0x08011114        0xc 00
 .text.adc1callback
                0x08011120       0x34 build/obj/PPG_Demod.o
 *fill*         0x08011154        0xc 00
 .text.Spawn_PPG_Thread
                0x08011160       0x68 build/obj/PPG_Demod.o
                0x08011160                Spawn_PPG_Thread
 *fill*         0x080111c8        0x8 00
 .text.PPG_Frequency_Bin_Rotate
                0x080111d0       0x46 build/obj/PPG.o
                0x080111d0                PPG_Frequency_Bin_Rotate
 *fill*         0x08011216        0xa 00
 .text.PPG_LO_Filter
                0x08011220      0x13c build/obj/PPG.o
                0x08011220                PPG_LO_Filter
 *fill*         0x0801135c        0x4 00
 .text.PPG_correct_brightness
                0x08011360       0x68 build/obj/PPG.o
                0x08011360                PPG_correct_brightness
 *fill*         0x080113c8        0x8 00
 .text.PPG_Automatic_Brightness_Control
                0x080113d0       0xf4 build/obj/PPG.o
                0x080113d0                PPG_Automatic_Brightness_Control
 *fill*         0x080114c4        0xc 00
 .text.Calibrate_Sensor
                0x080114d0       0x48 build/obj/Pressure.o
                0x080114d0                Calibrate_Sensor
 *fill*         0x08011518        0x8 00
 .text.Convert_Pressure
                0x08011520       0x1c build/obj/Pressure.o
                0x08011520                Convert_Pressure
 *fill*         0x0801153c        0x4 00
 .text.Update_State
                0x08011540       0xf6 build/obj/EKF_Estimator_Nonlin.o
                0x08011540                Update_State
 *fill*         0x08011636        0xa 00
 .text.Predict_State
                0x08011640       0xde build/obj/EKF_Estimator_Nonlin.o
                0x08011640                Predict_State
 *fill*         0x0801171e        0x2 00
 .text.comp     0x08011720       0x16 build/obj/Quicksort.o
                0x08011720                comp
 *fill*         0x08011736        0xa 00
 .text.Setup_Stepper_PWM
                0x08011740       0x7c build/obj/Stepper.o
                0x08011740                Setup_Stepper_PWM
 *fill*         0x080117bc        0x4 00
 .text.GPIO_Stepper_Enable
                0x080117c0       0x1c build/obj/Stepper.o
                0x080117c0                GPIO_Stepper_Enable
 *fill*         0x080117dc        0x4 00
 .text.GPIO_Stepper_Dir
                0x080117e0       0x1c build/obj/Stepper.o
                0x080117e0                GPIO_Stepper_Dir
 *fill*         0x080117fc        0x4 00
 .text.Set_Stepper_Period
                0x08011800       0x2c build/obj/Stepper.o
                0x08011800                Set_Stepper_Period
 *fill*         0x0801182c        0x4 00
 .text.Set_Stepper_Velocity
                0x08011830       0x60 build/obj/Stepper.o
                0x08011830                Set_Stepper_Velocity
 .text.Setup_PPG_PWM
                0x08011890      0x1a0 build/obj/Timer.o
                0x08011890                Setup_PPG_PWM
 .text.Enable_PPG_PWM
                0x08011a30       0xac build/obj/Timer.o
                0x08011a30                Enable_PPG_PWM
 *(.rodata)
 *fill*         0x08011adc        0x4 00
 .rodata        0x08011ae0      0x398 /home/laurence/CodeSourcery/Sourcery_G++_Lite/bin/../lib/gcc/arm-none-eabi/4.5.2/../../../../arm-none-eabi/lib/thumb2/libm.a(lib_a-ef_rem_pio2.o)
 *fill*         0x08011e78        0x8 00
 .rodata        0x08011e80       0x38 /home/laurence/CodeSourcery/Sourcery_G++_Lite/bin/../lib/gcc/arm-none-eabi/4.5.2/../../../../arm-none-eabi/lib/thumb2/libm.a(lib_a-kf_rem_pio2.o)
 *fill*         0x08011eb8        0x8 00
 .rodata        0x08011ec0        0x4 /home/laurence/CodeSourcery/Sourcery_G++_Lite/bin/../lib/gcc/arm-none-eabi/4.5.2/../../../../arm-none-eabi/lib/thumb2/libc.a(lib_a-impure.o)
                0x08011ec0                _global_impure_ptr
 *fill*         0x08011ec4        0xc 00
 .rodata        0x08011ed0       0x24 /home/laurence/CodeSourcery/Sourcery_G++_Lite/bin/../lib/gcc/arm-none-eabi/4.5.2/../../../../arm-none-eabi/lib/thumb2/libc.a(lib_a-svfscanf.o)
 *fill*         0x08011ef4        0xc 00
 .rodata        0x08011f00      0x104 /home/laurence/CodeSourcery/Sourcery_G++_Lite/bin/../lib/gcc/arm-none-eabi/4.5.2/../../../../arm-none-eabi/lib/thumb2/libc.a(lib_a-ctype_.o)
                0x08011f00                _ctype_
 *fill*         0x08012004        0xc 00
 .rodata        0x08012010       0x60 /home/laurence/CodeSourcery/Sourcery_G++_Lite/bin/../lib/gcc/arm-none-eabi/4.5.2/../../../../arm-none-eabi/lib/thumb2/libc.a(lib_a-findfp.o)
                0x08012010                __sf_fake_stdin
                0x08012030                __sf_fake_stdout
                0x08012050                __sf_fake_stderr
 .rodata        0x08012070       0x28 /home/laurence/CodeSourcery/Sourcery_G++_Lite/bin/../lib/gcc/arm-none-eabi/4.5.2/../../../../arm-none-eabi/lib/thumb2/libc.a(lib_a-strtod.o)
 *fill*         0x08012098        0x8 00
 .rodata        0x080120a0       0x24 /home/laurence/CodeSourcery/Sourcery_G++_Lite/bin/../lib/gcc/arm-none-eabi/4.5.2/../../../../arm-none-eabi/lib/thumb2/libc.a(lib_a-svfiscanf.o)
 *fill*         0x080120c4        0xc 00
 .rodata        0x080120d0       0x20 /home/laurence/CodeSourcery/Sourcery_G++_Lite/bin/../lib/gcc/arm-none-eabi/4.5.2/../../../../arm-none-eabi/lib/thumb2/libc.a(lib_a-svfprintf.o)
 .rodata        0x080120f0      0x128 /home/laurence/CodeSourcery/Sourcery_G++_Lite/bin/../lib/gcc/arm-none-eabi/4.5.2/../../../../arm-none-eabi/lib/thumb2/libc.a(lib_a-mprec.o)
                0x08012100                __mprec_tens
                0x080121c8                __mprec_bigtens
                0x080121f0                __mprec_tinytens
 *fill*         0x08012218        0x8 00
 .rodata        0x08012220       0x20 /home/laurence/CodeSourcery/Sourcery_G++_Lite/bin/../lib/gcc/arm-none-eabi/4.5.2/../../../../arm-none-eabi/lib/thumb2/libc.a(lib_a-svfiprintf.o)
 *(.rodata.*)
 .rodata.str1.1
                0x08012240        0x5 build/obj/chsys.o
 *fill*         0x08012245        0xb 00
 .rodata.str1.1
                0x08012250        0xf build/obj/chschd.o
 *fill*         0x0801225f        0x1 00
 .rodata.ch_debug
                0x08012260       0x16 build/obj/chregistry.o
                0x08012260                ch_debug
 *fill*         0x08012276        0xa 00
 .rodata.vmt    0x08012280       0x20 build/obj/serial_usb.o
 .rodata.zero_status
                0x080122a0        0x2 build/obj/usb.o
 *fill*         0x080122a2        0xe 00
 .rodata.active_status
                0x080122b0        0x2 build/obj/usb.o
 *fill*         0x080122b2        0xe 00
 .rodata.halted_status
                0x080122c0        0x2 build/obj/usb.o
 *fill*         0x080122c2        0xe 00
 .rodata._stm32_dma_streams
                0x080122d0       0xc0 build/obj/stm32_dma.o
                0x080122d0                _stm32_dma_streams
 .rodata.fsparams
                0x08012390        0xc build/obj/usb_lld.o
 *fill*         0x0801239c        0x4 00
 .rodata.str1.1
                0x080123a0        0xd build/obj/usb_lld.o
 *fill*         0x080123ad        0x3 00
 .rodata.ep0config
                0x080123b0       0x24 build/obj/usb_lld.o
 *fill*         0x080123d4        0xc 00
 .rodata.pal_default_config
                0x080123e0       0xfc build/obj/board.o
                0x080123e0                pal_default_config
 *fill*         0x080124dc        0x4 00
 .rodata.str1.1
                0x080124e0        0x7 build/obj/chprintf.o
 *fill*         0x080124e7        0x9 00
 .rodata.C.0.10016
                0x080124f0       0x1c build/obj/main.o
 *fill*         0x0801250c        0x4 00
 .rodata.str1.1
                0x08012510      0x227 build/obj/main.o
                                0x22e (size before relaxing)
 *fill*         0x08012737        0x9 00
 .rodata.ep1config
                0x08012740       0x24 build/obj/usbcfg.o
 *fill*         0x08012764        0xc 00
 .rodata.vcom_configuration_descriptor_data
                0x08012770       0x43 build/obj/usbcfg.o
 *fill*         0x080127b3        0xd 00
 .rodata.vcom_configuration_descriptor
                0x080127c0        0x8 build/obj/usbcfg.o
 *fill*         0x080127c8        0x8 00
 .rodata.ep2config
                0x080127d0       0x24 build/obj/usbcfg.o
 *fill*         0x080127f4        0xc 00
 .rodata.usbcfg
                0x08012800       0x10 build/obj/usbcfg.o
                0x08012800                usbcfg
 .rodata.vcom_device_descriptor_data
                0x08012810       0x12 build/obj/usbcfg.o
 *fill*         0x08012822        0xe 00
 .rodata.vcom_string0
                0x08012830        0x4 build/obj/usbcfg.o
 *fill*         0x08012834        0xc 00
 .rodata.vcom_string1
                0x08012840       0x26 build/obj/usbcfg.o
 *fill*         0x08012866        0xa 00
 .rodata.vcom_string2
                0x08012870       0x38 build/obj/usbcfg.o
 *fill*         0x080128a8        0x8 00
 .rodata.vcom_string3
                0x080128b0        0x8 build/obj/usbcfg.o
 *fill*         0x080128b8        0x8 00
 .rodata.vcom_strings
                0x080128c0       0x20 build/obj/usbcfg.o
 .rodata.serusbcfg
                0x080128e0        0x4 build/obj/usbcfg.o
                0x080128e0                serusbcfg
 *fill*         0x080128e4        0xc 00
 .rodata.vcom_device_descriptor
                0x080128f0        0x8 build/obj/usbcfg.o
 *fill*         0x080128f8        0x8 00
 .rodata.adcgrpcfg2_pot
                0x08012900       0x2c build/obj/EKF_Pressure.o
 *fill*         0x0801292c        0x4 00
 .rodata.adcgrpcfg2_pressure_calibrate
                0x08012930       0x2c build/obj/EKF_Pressure.o
 *fill*         0x0801295c        0x4 00
 .rodata.C.0.9629
                0x08012960        0xc build/obj/EKF_Pressure.o
 *fill*         0x0801296c        0x4 00
 .rodata.str1.1
                0x08012970        0xd build/obj/EKF_Pressure.o
 *fill*         0x0801297d        0x3 00
 .rodata.adcgrpcfg2_pressure
                0x08012980       0x2c build/obj/EKF_Pressure.o
 *fill*         0x080129ac        0x4 00
 .rodata.C.2.9631
                0x080129b0        0xc build/obj/EKF_Pressure.o
 *fill*         0x080129bc        0x4 00
 .rodata.C.1.9630
                0x080129c0       0x24 build/obj/EKF_Pressure.o
 *fill*         0x080129e4        0xc 00
 .rodata.str1.1
                0x080129f0        0x4 build/obj/PPG_Demod.o
 *fill*         0x080129f4        0xc 00
 .rodata.adcgrpcfg2
                0x08012a00       0x2c build/obj/PPG_Demod.o
 *fill*         0x08012a2c        0x4 00
 .rodata.sinusoid.7258
                0x08012a30       0x96 build/obj/PPG.o
 *fill*         0x08012ac6        0xa 00
 .rodata.str1.4
                0x08012ad0        0x6 /home/laurence/CodeSourcery/Sourcery_G++_Lite/bin/../lib/gcc/arm-none-eabi/4.5.2/../../../../arm-none-eabi/lib/thumb2/libm.a(lib_a-wf_asin.o)
                                  0xc (size before relaxing)
 *fill*         0x08012ad6        0xa 00
 .rodata.str1.4
                0x08012ae0        0x5 /home/laurence/CodeSourcery/Sourcery_G++_Lite/bin/../lib/gcc/arm-none-eabi/4.5.2/../../../../arm-none-eabi/lib/thumb2/libm.a(lib_a-wf_log.o)
                                  0xc (size before relaxing)
 *fill*         0x08012ae5        0xb 00
 .rodata.str1.4
                0x08012af0        0x6 /home/laurence/CodeSourcery/Sourcery_G++_Lite/bin/../lib/gcc/arm-none-eabi/4.5.2/../../../../arm-none-eabi/lib/thumb2/libm.a(lib_a-wf_sqrt.o)
                                  0x8 (size before relaxing)
 *fill*         0x08012af6        0xa 00
 .rodata.str1.4
                0x08012b00        0x2 /home/laurence/CodeSourcery/Sourcery_G++_Lite/bin/../lib/gcc/arm-none-eabi/4.5.2/../../../../arm-none-eabi/lib/thumb2/libc.a(lib_a-impure.o)
                                  0x4 (size before relaxing)
 *fill*         0x08012b02        0xe 00
 .rodata.str1.4
                0x08012b10        0x5 /home/laurence/CodeSourcery/Sourcery_G++_Lite/bin/../lib/gcc/arm-none-eabi/4.5.2/../../../../arm-none-eabi/lib/thumb2/libc.a(lib_a-svfscanf.o)
                                  0x8 (size before relaxing)
 *fill*         0x08012b15        0xb 00
 .rodata.str1.4
                0x08012b20        0xa /home/laurence/CodeSourcery/Sourcery_G++_Lite/bin/../lib/gcc/arm-none-eabi/4.5.2/../../../../arm-none-eabi/lib/thumb2/libc.a(lib_a-locale.o)
                                 0x14 (size before relaxing)
 .rodata.str1.4
                0x00000000        0x4 /home/laurence/CodeSourcery/Sourcery_G++_Lite/bin/../lib/gcc/arm-none-eabi/4.5.2/../../../../arm-none-eabi/lib/thumb2/libc.a(lib_a-mbrtowc.o)
 *fill*         0x08012b2a        0x6 00
 .rodata.str1.4
                0x08012b30        0xf /home/laurence/CodeSourcery/Sourcery_G++_Lite/bin/../lib/gcc/arm-none-eabi/4.5.2/../../../../arm-none-eabi/lib/thumb2/libc.a(lib_a-strtod.o)
                                 0x10 (size before relaxing)
 *fill*         0x08012b3f        0x1 00
 .rodata.str1.4
                0x08012b40       0x42 /home/laurence/CodeSourcery/Sourcery_G++_Lite/bin/../lib/gcc/arm-none-eabi/4.5.2/../../../../arm-none-eabi/lib/thumb2/libc.a(lib_a-svfprintf.o)
                                 0x44 (size before relaxing)
 *fill*         0x08012b82        0xe 00
 .rodata.str1.4
                0x08012b90       0x10 /home/laurence/CodeSourcery/Sourcery_G++_Lite/bin/../lib/gcc/arm-none-eabi/4.5.2/../../../../arm-none-eabi/lib/thumb2/libc.a(lib_a-dtoa.o)
                                 0x14 (size before relaxing)
 .rodata.str1.4
                0x08012ba0       0x1c /home/laurence/CodeSourcery/Sourcery_G++_Lite/bin/../lib/gcc/arm-none-eabi/4.5.2/../../../../arm-none-eabi/lib/thumb2/libc.a(lib_a-gdtoa-gethex.o)
 .rodata.str1.4
                0x00000000       0x30 /home/laurence/CodeSourcery/Sourcery_G++_Lite/bin/../lib/gcc/arm-none-eabi/4.5.2/../../../../arm-none-eabi/lib/thumb2/libc.a(lib_a-svfiprintf.o)
 *(.glue_7t)
 .glue_7t       0x00000000        0x0 linker stubs
 *(.glue_7)
 .glue_7        0x00000000        0x0 linker stubs
 *(.gcc*)

.vfp11_veneer   0x08012bbc        0x0
 .vfp11_veneer  0x00000000        0x0 linker stubs

.v4_bx          0x08012bbc        0x0
 .v4_bx         0x00000000        0x0 linker stubs

.ARM.extab
 *(.ARM.extab* .gnu.linkonce.armextab.*)

.ARM.exidx      0x08012bbc        0x8
                0x08012bbc                PROVIDE (__exidx_start, .)
 *(.ARM.exidx* .gnu.linkonce.armexidx.*)
 .ARM.exidx     0x08012bbc        0x8 /home/laurence/CodeSourcery/Sourcery_G++_Lite/bin/../lib/gcc/arm-none-eabi/4.5.2/thumb2/libgcc.a(_divdi3.o)
 .ARM.exidx     0x08012bc4        0x0 /home/laurence/CodeSourcery/Sourcery_G++_Lite/bin/../lib/gcc/arm-none-eabi/4.5.2/thumb2/libgcc.a(_udivdi3.o)
                                  0x8 (size before relaxing)
                0x08012bc4                PROVIDE (__exidx_end, .)

.eh_frame_hdr
 *(.eh_frame_hdr)

.eh_frame
 *(.eh_frame)

.textalign      0x08012bc4        0x4
                0x08012bc8                . = ALIGN (0x8)
 *fill*         0x08012bc4        0x4 00
                0x08012bc8                _etext = .
                0x08012bc8                _textdata = _etext

.stacks         0x10000000     0xa000
                0x10000000                . = ALIGN (0x8)
                0x10000000                __main_stack_base__ = .
                0x10002000                . = (. + __main_stack_size__)
 *fill*         0x10000000     0x2000 00
                0x10002000                . = ALIGN (0x8)
                0x10002000                __main_stack_end__ = .
                0x10002000                __process_stack_base__ = .
                0x10002000                __main_thread_stack_base__ = .
                0x1000a000                . = (. + __process_stack_size__)
 *fill*         0x10002000     0x8000 00
                0x1000a000                . = ALIGN (0x8)
                0x1000a000                __process_stack_end__ = .
                0x1000a000                __main_thread_stack_end__ = .

.ccm            0x1000a000      0x1f0
                0x1000a000                PROVIDE (_cmm_start, .)
                0x1000a000                . = ALIGN (0x4)
 *(.bss.mainthread.*)
 .bss.mainthread.4686
                0x1000a000       0x4c build/obj/chsys.o
                0x1000a04c                . = ALIGN (0x4)
 *(.bss._idle_thread_wa)
 *fill*         0x1000a04c        0x4 00
 .bss._idle_thread_wa
                0x1000a050      0x148 build/obj/chsys.o
                0x1000a050                _idle_thread_wa
                0x1000a198                . = ALIGN (0x4)
 *(.bss.rlist)
 .bss.rlist     0x1000a198       0x1c build/obj/chschd.o
                0x1000a198                rlist
                0x1000a1b4                . = ALIGN (0x4)
 *(.bss.vtlist)
 .bss.vtlist    0x1000a1b4       0x10 build/obj/chvt.o
                0x1000a1b4                vtlist
                0x1000a1c4                . = ALIGN (0x4)
 *(.bss.endmem)
 .bss.endmem    0x1000a1c4        0x4 build/obj/chmemcore.o
                0x1000a1c8                . = ALIGN (0x4)
 *(.bss.nextmem)
 .bss.nextmem   0x1000a1c8        0x4 build/obj/chmemcore.o
                0x1000a1cc                . = ALIGN (0x4)
 *(.bss.default_heap)
 *fill*         0x1000a1cc        0x4 00
 .bss.default_heap
                0x1000a1d0       0x20 build/obj/chheap.o
                0x1000a1f0                . = ALIGN (0x4)
                0x1000a1f0                PROVIDE (_cmm_end, .)

.data           0x20000000      0x5c4 load address 0x08012bc8
                0x20000000                . = ALIGN (0x4)
                0x20000000                PROVIDE (_data, .)
 *(.data)
 .data          0x20000000        0x1 /home/laurence/CodeSourcery/Sourcery_G++_Lite/bin/../lib/gcc/arm-none-eabi/4.5.2/../../../../arm-none-eabi/lib/thumb2/libm.a(lib_a-s_lib_ver.o)
                0x20000000                __fdlib_version
 *fill*         0x20000001        0x3 00
 .data          0x20000004       0xf4 /home/laurence/CodeSourcery/Sourcery_G++_Lite/bin/../lib/gcc/arm-none-eabi/4.5.2/../../../../arm-none-eabi/lib/thumb2/libc.a(lib_a-impure.o)
                0x20000004                _impure_ptr
 .data          0x200000f8        0x4 /home/laurence/CodeSourcery/Sourcery_G++_Lite/bin/../lib/gcc/arm-none-eabi/4.5.2/../../../../arm-none-eabi/lib/thumb2/libc.a(lib_a-ctype_.o)
                0x200000f8                __ctype_ptr__
 .data          0x200000fc       0x7c /home/laurence/CodeSourcery/Sourcery_G++_Lite/bin/../lib/gcc/arm-none-eabi/4.5.2/../../../../arm-none-eabi/lib/thumb2/libc.a(lib_a-locale.o)
                0x2000011c                __mb_cur_max
 .data          0x20000178      0x410 /home/laurence/CodeSourcery/Sourcery_G++_Lite/bin/../lib/gcc/arm-none-eabi/4.5.2/../../../../arm-none-eabi/lib/thumb2/libc.a(lib_a-mallocr.o)
                0x20000178                __malloc_av_
                0x20000580                __malloc_sbrk_base
                0x20000584                __malloc_trim_threshold
 .data          0x20000588        0x4 /home/laurence/CodeSourcery/Sourcery_G++_Lite/bin/../lib/gcc/arm-none-eabi/4.5.2/../../../../arm-none-eabi/lib/thumb2/libc.a(lib_a-mbtowc_r.o)
                0x20000588                __mbtowc
 .data          0x2000058c       0x28 /home/laurence/CodeSourcery/Sourcery_G++_Lite/bin/../lib/gcc/arm-none-eabi/4.5.2/../../../../arm-none-eabi/lib/thumb2/libc.a(lib_a-strtod.o)
                0x200005b4                . = ALIGN (0x4)
 *(.data.*)
 .data.linecoding
                0x200005b4        0x7 build/obj/serial_usb.o
 *fill*         0x200005bb        0x1 00
 .data.gpt8cfg  0x200005bc        0x8 build/obj/EKF_Pressure.o
                0x200005c4                . = ALIGN (0x4)
 *(.ramtext)
                0x200005c4                . = ALIGN (0x4)
                0x200005c4                PROVIDE (_edata, .)

.bss            0x200005c8     0x5340 load address 0x0801318c
                0x200005c8                . = ALIGN (0x4)
                0x200005c8                PROVIDE (_bss_start, .)
 *(.bss)
 .bss           0x200005c8       0x34 /home/laurence/CodeSourcery/Sourcery_G++_Lite/bin/../lib/gcc/arm-none-eabi/4.5.2/../../../../arm-none-eabi/lib/thumb2/libc.a(lib_a-mallocr.o)
                0x200005c8                __malloc_top_pad
                0x200005cc                __malloc_current_mallinfo
                0x200005f4                __malloc_max_sbrked_mem
                0x200005f8                __malloc_max_total_mem
                0x200005fc                . = ALIGN (0x4)
 *(.bss.*)
 .bss.dbg_panic_msg
                0x200005fc        0x4 build/obj/chdebug.o
                0x200005fc                dbg_panic_msg
 .bss.dma_isr_redir
                0x20000600       0x80 build/obj/stm32_dma.o
 .bss.dma_streams_mask
                0x20000680        0x4 build/obj/stm32_dma.o
 .bss.ADCD1     0x20000684       0x34 build/obj/adc_lld.o
                0x20000684                ADCD1
 .bss.ADCD2     0x200006b8       0x34 build/obj/adc_lld.o
                0x200006b8                ADCD2
 .bss.GPTD8     0x200006ec       0x10 build/obj/gpt_lld.o
                0x200006ec                GPTD8
 .bss.PWMD1     0x200006fc       0x14 build/obj/pwm_lld.o
                0x200006fc                PWMD1
 .bss.USBD1     0x20000710      0x210 build/obj/usb_lld.o
                0x20000710                USBD1
 .bss.ep0_state
                0x20000920       0x10 build/obj/usb_lld.o
 .bss.ep0setup_buffer
                0x20000930        0x8 build/obj/usb_lld.o
 .bss.waThread1
                0x20000938      0x1b8 build/obj/main.o
 .bss.SDU1      0x20000af0      0x258 build/obj/main.o
 .bss.ep1instate
                0x20000d48       0x10 build/obj/usbcfg.o
 .bss.ep2instate
                0x20000d58       0x10 build/obj/usbcfg.o
 .bss.ep1outstate
                0x20000d68       0x10 build/obj/usbcfg.o
 .bss.Pressures_Setpoint
                0x20000d78       0x28 build/obj/EKF_Pressure.o
                0x20000d78                Pressures_Setpoint
 .bss.Pressures_Reported_Buff
                0x20000da0      0x200 build/obj/EKF_Pressure.o
 .bss.Actuator_Velocities
                0x20000fa0       0x28 build/obj/EKF_Pressure.o
 .bss.tp        0x20000fc8        0x4 build/obj/EKF_Pressure.o
 .bss.Actuator_Velocities_Buff
                0x20000fcc      0x200 build/obj/EKF_Pressure.o
 *fill*         0x200011cc        0x4 00
 .bss.waThreadPressure
                0x200011d0     0x2138 build/obj/EKF_Pressure.o
 .bss.Target    0x20003308        0x4 build/obj/EKF_Pressure.o
                0x20003308                Target
 .bss.Pot_sample
                0x2000330c        0x2 build/obj/EKF_Pressure.o
 *fill*         0x2000330e        0x2 00
 .bss.Pressures_Reported
                0x20003310       0x28 build/obj/EKF_Pressure.o
                0x20003310                Pressures_Reported
 .bss.Pressures_Setpoint_Buff
                0x20003338      0x200 build/obj/EKF_Pressure.o
 .bss.Pressure_Samples
                0x20003538      0x276 build/obj/EKF_Pressure.o
 *fill*         0x200037ae        0x2 00
 .bss.PPG_Demod_Buff
                0x200037b0      0xa00 build/obj/PPG_Demod.o
 .bss.Targets_Reported_Buff
                0x200041b0      0x200 build/obj/PPG_Demod.o
 .bss.tp        0x200043b0        0x4 build/obj/PPG_Demod.o
 .bss.PPG_Demod
                0x200043b4       0xc8 build/obj/PPG_Demod.o
                0x200043b4                PPG_Demod
 .bss.Targets_Reported
                0x2000447c       0x28 build/obj/PPG_Demod.o
                0x2000447c                Targets_Reported
 *fill*         0x200044a4        0x4 00
 .bss.waThreadPPG
                0x200044a8      0x538 build/obj/PPG_Demod.o
 .bss.PPG_Sample_Buffer
                0x200049e0      0xbb8 build/obj/PPG_Demod.o
 .bss.Pressures_Output
                0x20005598       0x28 build/obj/PPG_Demod.o
                0x20005598                Pressures_Output
 .bss.Pressures_Output_Buff
                0x200055c0      0x200 build/obj/PPG_Demod.o
 .bss.m.7259    0x200057c0        0x1 build/obj/PPG.o
 .bss.bindex.7256
                0x200057c1        0x1 build/obj/PPG.o
 *fill*         0x200057c2        0x2 00
 .bss.Last_PPG_Values
                0x200057c4       0x14 build/obj/PPG.o
                0x200057c4                Last_PPG_Values
 .bss.Frequency_Bin.7257
                0x200057d8       0x28 build/obj/PPG.o
 .bss.n.5368    0x20005800        0x1 build/obj/Pressure.o
 *fill*         0x20005801        0x3 00
 .bss.Pressure_Offset
                0x20005804        0x4 build/obj/Pressure.o
                0x20005808                . = ALIGN (0x4)
 *(COMMON)
 COMMON         0x20005808      0x100 /home/laurence/CodeSourcery/Sourcery_G++_Lite/bin/../lib/gcc/arm-none-eabi/4.5.2/../../../../arm-none-eabi/lib/thumb2/libc.a(lib_a-gdtoa-gethex.o)
                0x20005808                __hexdig
                0x20005908                . = ALIGN (0x4)
                0x20005908                PROVIDE (_bss_end, .)
                0x20005908                PROVIDE (end, .)
                0x20005908                _end = .
                0x20005908                __heap_base__ = _end
                0x2001c000                __heap_end__ = __ram_end__
OUTPUT(build/ch.elf elf32-littlearm)

.debug_abbrev   0x00000000     0x631c
 .debug_abbrev  0x00000000       0xb8 build/obj/crt0.o
 .debug_abbrev  0x000000b8       0xb0 build/obj/vectors.o
 .debug_abbrev  0x00000168       0x43 build/obj/chcore.o
 .debug_abbrev  0x000001ab      0x1a5 build/obj/chcore_v7m.o
 .debug_abbrev  0x00000350       0xfd build/obj/nvic.o
 .debug_abbrev  0x0000044d      0x189 build/obj/chsys.o
 .debug_abbrev  0x000005d6       0x86 build/obj/chdebug.o
 .debug_abbrev  0x0000065c       0x2c build/obj/chlists.o
 .debug_abbrev  0x00000688      0x156 build/obj/chvt.o
 .debug_abbrev  0x000007de      0x288 build/obj/chschd.o
 .debug_abbrev  0x00000a66      0x2a7 build/obj/chthreads.o
 .debug_abbrev  0x00000d0d      0x1a1 build/obj/chdynamic.o
 .debug_abbrev  0x00000eae      0x163 build/obj/chregistry.o
 .debug_abbrev  0x00001011      0x260 build/obj/chsem.o
 .debug_abbrev  0x00001271      0x229 build/obj/chmtx.o
 .debug_abbrev  0x0000149a      0x201 build/obj/chcond.o
 .debug_abbrev  0x0000169b      0x235 build/obj/chevents.o
 .debug_abbrev  0x000018d0      0x1c8 build/obj/chmsg.o
 .debug_abbrev  0x00001a98      0x1da build/obj/chmboxes.o
 .debug_abbrev  0x00001c72      0x279 build/obj/chqueues.o
 .debug_abbrev  0x00001eeb      0x127 build/obj/chmemcore.o
 .debug_abbrev  0x00002012      0x1be build/obj/chheap.o
 .debug_abbrev  0x000021d0      0x16e build/obj/chmempools.o
 .debug_abbrev  0x0000233e      0x122 build/obj/hal.o
 .debug_abbrev  0x00002460      0x249 build/obj/adc.o
 .debug_abbrev  0x000026a9       0x51 build/obj/can.o
 .debug_abbrev  0x000026fa       0x51 build/obj/ext.o
 .debug_abbrev  0x0000274b      0x180 build/obj/gpt.o
 .debug_abbrev  0x000028cb       0x51 build/obj/i2c.o
 .debug_abbrev  0x0000291c       0x51 build/obj/icu.o
 .debug_abbrev  0x0000296d       0x51 build/obj/mac.o
 .debug_abbrev  0x000029be       0x51 build/obj/mmc_spi.o
 .debug_abbrev  0x00002a0f       0x51 build/obj/mmcsd.o
 .debug_abbrev  0x00002a60      0x115 build/obj/pal.o
 .debug_abbrev  0x00002b75      0x19a build/obj/pwm.o
 .debug_abbrev  0x00002d0f       0x51 build/obj/rtc.o
 .debug_abbrev  0x00002d60       0x51 build/obj/sdc.o
 .debug_abbrev  0x00002db1       0x51 build/obj/serial.o
 .debug_abbrev  0x00002e02      0x358 build/obj/serial_usb.o
 .debug_abbrev  0x0000315a       0x51 build/obj/spi.o
 .debug_abbrev  0x000031ab       0x51 build/obj/tm.o
 .debug_abbrev  0x000031fc       0x51 build/obj/uart.o
 .debug_abbrev  0x0000324d      0x30c build/obj/usb.o
 .debug_abbrev  0x00003559      0x1b2 build/obj/stm32_dma.o
 .debug_abbrev  0x0000370b      0x10a build/obj/hal_lld.o
 .debug_abbrev  0x00003815      0x26e build/obj/adc_lld.o
 .debug_abbrev  0x00003a83       0x51 build/obj/ext_lld_isr.o
 .debug_abbrev  0x00003ad4       0x51 build/obj/can_lld.o