Archive member included because of file (symbol)

/home/laurence/CodeSourcery/Sourcery_G++_Lite/bin/../lib/gcc/arm-none-eabi/4.5.2/../../../../arm-none-eabi/lib/thumb2/libm.a(lib_a-s_signbit.o)
                              build/obj/EKF_Pressure.o (__signbitf)
/home/laurence/CodeSourcery/Sourcery_G++_Lite/bin/../lib/gcc/arm-none-eabi/4.5.2/../../../../arm-none-eabi/lib/thumb2/libm.a(lib_a-sf_sin.o)
                              build/obj/PPG.o (sinf)
/home/laurence/CodeSourcery/Sourcery_G++_Lite/bin/../lib/gcc/arm-none-eabi/4.5.2/../../../../arm-none-eabi/lib/thumb2/libm.a(lib_a-wf_asin.o)
                              build/obj/PPG.o (asinf)
/home/laurence/CodeSourcery/Sourcery_G++_Lite/bin/../lib/gcc/arm-none-eabi/4.5.2/../../../../arm-none-eabi/lib/thumb2/libm.a(lib_a-wf_sqrt.o)
                              build/obj/EKF_Pressure.o (sqrtf)
/home/laurence/CodeSourcery/Sourcery_G++_Lite/bin/../lib/gcc/arm-none-eabi/4.5.2/../../../../arm-none-eabi/lib/thumb2/libm.a(lib_a-ef_asin.o)
                              /home/laurence/CodeSourcery/Sourcery_G++_Lite/bin/../lib/gcc/arm-none-eabi/4.5.2/../../../../arm-none-eabi/lib/thumb2/libm.a(lib_a-wf_asin.o) (__ieee754_asinf)
/home/laurence/CodeSourcery/Sourcery_G++_Lite/bin/../lib/gcc/arm-none-eabi/4.5.2/../../../../arm-none-eabi/lib/thumb2/libm.a(lib_a-ef_rem_pio2.o)
                              /home/laurence/CodeSourcery/Sourcery_G++_Lite/bin/../lib/gcc/arm-none-eabi/4.5.2/../../../../arm-none-eabi/lib/thumb2/libm.a(lib_a-sf_sin.o) (__ieee754_rem_pio2f)
/home/laurence/CodeSourcery/Sourcery_G++_Lite/bin/../lib/gcc/arm-none-eabi/4.5.2/../../../../arm-none-eabi/lib/thumb2/libm.a(lib_a-ef_sqrt.o)
                              /home/laurence/CodeSourcery/Sourcery_G++_Lite/bin/../lib/gcc/arm-none-eabi/4.5.2/../../../../arm-none-eabi/lib/thumb2/libm.a(lib_a-wf_sqrt.o) (__ieee754_sqrtf)
/home/laurence/CodeSourcery/Sourcery_G++_Lite/bin/../lib/gcc/arm-none-eabi/4.5.2/../../../../arm-none-eabi/lib/thumb2/libm.a(lib_a-kf_cos.o)
                              /home/laurence/CodeSourcery/Sourcery_G++_Lite/bin/../lib/gcc/arm-none-eabi/4.5.2/../../../../arm-none-eabi/lib/thumb2/libm.a(lib_a-sf_sin.o) (__kernel_cosf)
/home/laurence/CodeSourcery/Sourcery_G++_Lite/bin/../lib/gcc/arm-none-eabi/4.5.2/../../../../arm-none-eabi/lib/thumb2/libm.a(lib_a-kf_rem_pio2.o)
                              /home/laurence/CodeSourcery/Sourcery_G++_Lite/bin/../lib/gcc/arm-none-eabi/4.5.2/../../../../arm-none-eabi/lib/thumb2/libm.a(lib_a-ef_rem_pio2.o) (__kernel_rem_pio2f)
/home/laurence/CodeSourcery/Sourcery_G++_Lite/bin/../lib/gcc/arm-none-eabi/4.5.2/../../../../arm-none-eabi/lib/thumb2/libm.a(lib_a-kf_sin.o)
                              /home/laurence/CodeSourcery/Sourcery_G++_Lite/bin/../lib/gcc/arm-none-eabi/4.5.2/../../../../arm-none-eabi/lib/thumb2/libm.a(lib_a-sf_sin.o) (__kernel_sinf)
/home/laurence/CodeSourcery/Sourcery_G++_Lite/bin/../lib/gcc/arm-none-eabi/4.5.2/../../../../arm-none-eabi/lib/thumb2/libm.a(lib_a-s_lib_ver.o)
                              /home/laurence/CodeSourcery/Sourcery_G++_Lite/bin/../lib/gcc/arm-none-eabi/4.5.2/../../../../arm-none-eabi/lib/thumb2/libm.a(lib_a-wf_asin.o) (__fdlib_version)
/home/laurence/CodeSourcery/Sourcery_G++_Lite/bin/../lib/gcc/arm-none-eabi/4.5.2/../../../../arm-none-eabi/lib/thumb2/libm.a(lib_a-s_matherr.o)
                              /home/laurence/CodeSourcery/Sourcery_G++_Lite/bin/../lib/gcc/arm-none-eabi/4.5.2/../../../../arm-none-eabi/lib/thumb2/libm.a(lib_a-wf_asin.o) (matherr)
/home/laurence/CodeSourcery/Sourcery_G++_Lite/bin/../lib/gcc/arm-none-eabi/4.5.2/../../../../arm-none-eabi/lib/thumb2/libm.a(lib_a-s_nan.o)
                              /home/laurence/CodeSourcery/Sourcery_G++_Lite/bin/../lib/gcc/arm-none-eabi/4.5.2/../../../../arm-none-eabi/lib/thumb2/libm.a(lib_a-wf_asin.o) (nan)
/home/laurence/CodeSourcery/Sourcery_G++_Lite/bin/../lib/gcc/arm-none-eabi/4.5.2/../../../../arm-none-eabi/lib/thumb2/libm.a(lib_a-sf_fabs.o)
                              /home/laurence/CodeSourcery/Sourcery_G++_Lite/bin/../lib/gcc/arm-none-eabi/4.5.2/../../../../arm-none-eabi/lib/thumb2/libm.a(lib_a-wf_asin.o) (fabsf)
/home/laurence/CodeSourcery/Sourcery_G++_Lite/bin/../lib/gcc/arm-none-eabi/4.5.2/../../../../arm-none-eabi/lib/thumb2/libm.a(lib_a-sf_floor.o)
                              /home/laurence/CodeSourcery/Sourcery_G++_Lite/bin/../lib/gcc/arm-none-eabi/4.5.2/../../../../arm-none-eabi/lib/thumb2/libm.a(lib_a-kf_rem_pio2.o) (floorf)
/home/laurence/CodeSourcery/Sourcery_G++_Lite/bin/../lib/gcc/arm-none-eabi/4.5.2/../../../../arm-none-eabi/lib/thumb2/libm.a(lib_a-sf_fpclassify.o)
                              /home/laurence/CodeSourcery/Sourcery_G++_Lite/bin/../lib/gcc/arm-none-eabi/4.5.2/../../../../arm-none-eabi/lib/thumb2/libm.a(lib_a-wf_asin.o) (__fpclassifyf)
/home/laurence/CodeSourcery/Sourcery_G++_Lite/bin/../lib/gcc/arm-none-eabi/4.5.2/../../../../arm-none-eabi/lib/thumb2/libm.a(lib_a-sf_scalbn.o)
[...]
Memory Configuration

Name             Origin             Length             Attributes
flash            0x08000000         0x00100000
ram              0x20000000         0x0001c000
ethram           0x2001c000         0x00004000
ccmram           0x10000000         0x00010000
*default*        0x00000000         0xffffffff

Linker script and memory map

LOAD build/obj/crt0.o
LOAD build/obj/vectors.o
LOAD build/obj/chcore.o
LOAD build/obj/chcore_v7m.o
LOAD build/obj/nvic.o
LOAD build/obj/chsys.o
LOAD build/obj/chdebug.o
LOAD build/obj/chlists.o
LOAD build/obj/chvt.o
LOAD build/obj/chschd.o
LOAD build/obj/chthreads.o
LOAD build/obj/chdynamic.o
LOAD build/obj/chregistry.o
LOAD build/obj/chsem.o
LOAD build/obj/chmtx.o
LOAD build/obj/chcond.o
LOAD build/obj/chevents.o
LOAD build/obj/chmsg.o
LOAD build/obj/chmboxes.o
LOAD build/obj/chqueues.o
LOAD build/obj/chmemcore.o
LOAD build/obj/chheap.o
LOAD build/obj/chmempools.o
LOAD build/obj/hal.o
LOAD build/obj/adc.o
LOAD build/obj/can.o
LOAD build/obj/ext.o
LOAD build/obj/gpt.o
LOAD build/obj/i2c.o
LOAD build/obj/icu.o
LOAD build/obj/mac.o
LOAD build/obj/mmc_spi.o
LOAD build/obj/mmcsd.o
LOAD build/obj/pal.o
LOAD build/obj/pwm.o
LOAD build/obj/rtc.o
LOAD build/obj/sdc.o
LOAD build/obj/serial.o
LOAD build/obj/serial_usb.o
LOAD build/obj/spi.o
LOAD build/obj/tm.o
LOAD build/obj/uart.o
LOAD build/obj/usb.o
LOAD build/obj/stm32_dma.o
LOAD build/obj/hal_lld.o
LOAD build/obj/adc_lld.o
LOAD build/obj/ext_lld_isr.o
LOAD build/obj/can_lld.o
LOAD build/obj/ext_lld.o
LOAD build/obj/gpt_lld.o
LOAD build/obj/icu_lld.o
LOAD build/obj/mac_lld.o
LOAD build/obj/pwm_lld.o
LOAD build/obj/sdc_lld.o
LOAD build/obj/serial_lld.o
LOAD build/obj/spi_lld.o
LOAD build/obj/pal_lld.o
LOAD build/obj/i2c_lld.o
LOAD build/obj/usb_lld.o
LOAD build/obj/rtc_lld.o
LOAD build/obj/uart_lld.o
LOAD build/obj/board.o
LOAD build/obj/shell.o
LOAD build/obj/chprintf.o
LOAD build/obj/main.o
LOAD build/obj/usbcfg.o
LOAD build/obj/EKF_Pressure.o
LOAD build/obj/PID_Pressure.o
LOAD build/obj/PPG_Demod.o
LOAD build/obj/PPG.o
LOAD build/obj/Pressure.o
LOAD build/obj/EKF_Estimator.o
LOAD build/obj/PID_Control.o
LOAD build/obj/Pressure_Filter.o
LOAD build/obj/Quickselect.o
LOAD build/obj/Scanf.o
LOAD build/obj/Stepper.o
LOAD build/obj/Timer.o
LOAD /home/laurence/CodeSourcery/Sourcery_G++_Lite/bin/../lib/gcc/arm-none-eabi/4.5.2/../../../../arm-none-eabi/lib/thumb2/libm.a
START GROUP
LOAD /home/laurence/CodeSourcery/Sourcery_G++_Lite/bin/../lib/gcc/arm-none-eabi/4.5.2/thumb2/libgcc.a
LOAD /home/laurence/CodeSourcery/Sourcery_G++_Lite/bin/../lib/gcc/arm-none-eabi/4.5.2/../../../../arm-none-eabi/lib/thumb2/libc.a
END GROUP
                0x00002000                __main_stack_size__ = 0x2000
                0x00008000                __process_stack_size__ = 0x8000
                0x20000000                __ram_start__ = 0x20000000
                0x0001c000                __ram_size__ = 0x1c000
                0x2001c000                __ram_end__ = (__ram_start__ + __ram_size__)
                0x00000000                . = 0x0
                0x00000000                _text = .

startup         0x08000000      0x188
 *(vectors)
 vectors        0x08000000      0x188 build/obj/vectors.o
                0x08000000                _vectors

constructors    0x08000188        0x0
                0x08000188                PROVIDE (__init_array_start, .)
 *(SORT(.init_array.*))
 *(.init_array)
                0x08000188                PROVIDE (__init_array_end, .)

destructors     0x08000188        0x0
                0x08000188                PROVIDE (__fini_array_start, .)
 *(.fini_array)
 *(SORT(.fini_array.*))
                0x08000188                PROVIDE (__fini_array_end, .)

.text           0x08000190     0x3dc8
 *(.text.startup.*)
 *(.text)
 .text          0x08000190      0x370 /home/laurence/CodeSourcery/Sourcery_G++_Lite/bin/../lib/gcc/arm-none-eabi/4.5.2/thumb2/libgcc.a(_arm_addsubdf3.o)
                0x08000190                __aeabi_drsub
                0x08000198                __aeabi_dsub
                0x08000198                __subdf3
                0x0800019c                __adddf3
                0x0800019c                __aeabi_dadd
                0x08000414                __aeabi_ui2d
                0x08000414                __floatunsidf
                0x08000434                __floatsidf
                0x08000434                __aeabi_i2d
                0x08000458                __extendsfdf2
                0x08000458                __aeabi_f2d
                0x08000494                __aeabi_ul2d
                0x08000494                __floatundidf
                0x080004a4                __floatdidf
                0x080004a4                __aeabi_l2d
 .text          0x08000500      0x424 /home/laurence/CodeSourcery/Sourcery_G++_Lite/bin/../lib/gcc/arm-none-eabi/4.5.2/thumb2/libgcc.a(_arm_muldivdf3.o)
                0x08000500                __aeabi_dmul
                0x08000500                __muldf3
                0x08000754                __aeabi_ddiv
                0x08000754                __divdf3
 *fill*         0x08000924        0xc 00
 .text          0x08000930       0x50 /home/laurence/CodeSourcery/Sourcery_G++_Lite/bin/../lib/gcc/arm-none-eabi/4.5.2/thumb2/libgcc.a(_arm_fixdfsi.o)
                0x08000930                __fixdfsi
                0x08000930                __aeabi_d2iz
 .text          0x08000980       0xa0 /home/laurence/CodeSourcery/Sourcery_G++_Lite/bin/../lib/gcc/arm-none-eabi/4.5.2/thumb2/libgcc.a(_arm_truncdfsf2.o)
                0x08000980                __aeabi_d2f
                0x08000980                __truncdfsf2
 .text          0x08000a20       0xb4 /home/laurence/CodeSourcery/Sourcery_G++_Lite/bin/../lib/gcc/arm-none-eabi/4.5.2/../../../../arm-none-eabi/lib/thumb2/libc.a(lib_a-memset.o)
                0x08000a20                memset
 *(.text.*)
 *fill*         0x08000ad4        0xc 00
 .text.fill32   0x08000ae0        0xc build/obj/crt0.o
 *fill*         0x08000aec        0x4 00
 .text.__late_init
                0x08000af0        0x2 build/obj/crt0.o
                0x08000af0                __late_init
 *fill*         0x08000af2        0xe 00
 .text._default_exit
                0x08000b00        0x2 build/obj/crt0.o
                0x08000b00                _default_exit
 *fill*         0x08000b02        0xe 00
 .text.ResetHandler
                0x08000b10       0xd4 build/obj/crt0.o
                0x08000b10                ResetHandler
 *fill*         0x08000be4        0xc 00
 .text._unhandled_exception
                0x08000bf0        0x2 build/obj/vectors.o
                0x08000bf0                Vector58
                0x08000bf0                VectorE8
                0x08000bf0                Vector9C
                0x08000bf0                Vector5C
                0x08000bf0                NMIVector
                0x08000bf0                Vector11C
                0x08000bf0                Vector8C
                0x08000bf0                VectorDC
                0x08000bf0                Vector168
                0x08000bf0                Vector110
                0x08000bf0                VectorC8
                0x08000bf0                Vector94
                0x08000bf0                VectorA8
                0x08000bf0                VectorB4
                0x08000bf0                Vector160
                0x08000bf0                VectorEC
                0x08000bf0                UsageFaultVector
                0x08000bf0                DebugMonitorVector
                0x08000bf0                Vector40
                0x08000bf0                VectorF8
                0x08000bf0                Vector108
                0x08000bf0                VectorBC
                0x08000bf0                Vector148
                0x08000bf0                PendSVVector
                0x08000bf0                Vector118
                0x08000bf0                Vector64
                0x08000bf0                VectorCC
                0x08000bf0                Vector54
                0x08000bf0                Vector98
                0x08000bf0                VectorD8
                0x08000bf0                Vector138
                0x08000bf0                Vector24
                0x08000bf0                Vector178
                0x08000bf0                BusFaultVector
                0x08000bf0                VectorD0
                0x08000bf0                Vector140
                0x08000bf0                VectorE4
                0x08000bf0                VectorC0
                0x08000bf0                HardFaultVector
                0x08000bf0                Vector134
                0x08000bf0                Vector13C
                0x08000bf0                Vector100
                0x08000bf0                VectorE0
                0x08000bf0                VectorF4
                0x08000bf0                MemManageVector
                0x08000bf0                VectorA0
                0x08000bf0                VectorC4
                0x08000bf0                Vector180
                0x08000bf0                VectorB0
                0x08000bf0                Vector90
                0x08000bf0                Vector114
                0x08000bf0                Vector164
                0x08000bf0                Vector60
                0x08000bf0                Vector1C
                0x08000bf0                Vector17C
                0x08000bf0                Vector48
                0x08000bf0                Vector16C
                0x08000bf0                VectorD4
                0x08000bf0                Vector4C
                0x08000bf0                Vector144
                0x08000bf0                Vector15C
                0x08000bf0                Vector68
                0x08000bf0                _unhandled_exception
                0x08000bf0                Vector170
                0x08000bf0                Vector104
                0x08000bf0                Vector184
                0x08000bf0                Vector10C
                0x08000bf0                Vector50
                0x08000bf0                Vector44
                0x08000bf0                Vector28
                0x08000bf0                VectorB8
                0x08000bf0                Vector34
                0x08000bf0                Vector20
                0x08000bf0                Vector174
 *fill*         0x08000bf2        0xe 00
 .text.port_halt
                0x08000c00        0x4 build/obj/chcore.o
                0x08000c00                port_halt
 *fill*         0x08000c04        0xc 00
 .text._port_switch_from_isr
                0x08000c10        0x6 build/obj/chcore_v7m.o
                0x08000c10                _port_switch_from_isr
 *fill*         0x08000c16        0xa 00
 .text.SVCallVector
                0x08000c20       0x24 build/obj/chcore_v7m.o
                0x08000c20                SVCallVector
 *fill*         0x08000c44        0xc 00
 .text._port_init
                0x08000c50       0x34 build/obj/chcore_v7m.o
                0x08000c50                _port_init
 *fill*         0x08000c84        0xc 00
 .text._port_irq_epilogue
                0x08000c90       0x84 build/obj/chcore_v7m.o
                0x08000c90                _port_irq_epilogue
 *fill*         0x08000d14        0xc 00
 .text.SysTickVector
                0x08000d20       0x1a build/obj/chcore_v7m.o
                0x08000d20                SysTickVector
 *fill*         0x08000d3a        0x6 00
 .text._port_switch
                0x08000d40       0x18 build/obj/chcore_v7m.o
                0x08000d40                _port_switch
 *fill*         0x08000d58        0x8 00
 .text._port_thread_start
                0x08000d60       0x10 build/obj/chcore_v7m.o
                0x08000d60                _port_thread_start
 .text.nvicEnableVector
                0x08000d70       0x44 build/obj/nvic.o
                0x08000d70                nvicEnableVector
 *fill*         0x08000db4        0xc 00
 .text.nvicSetSystemHandlerPriority
                0x08000dc0       0x2c build/obj/nvic.o
                0x08000dc0                nvicSetSystemHandlerPriority
 *fill*         0x08000dec        0x4 00
 .text._idle_thread
                0x08000df0       0x14 build/obj/chsys.o
                0x08000df0                _idle_thread
 *fill*         0x08000e04        0xc 00
 .text.chSysInit
                0x08000e10       0x64 build/obj/chsys.o
                0x08000e10                chSysInit
 *fill*         0x08000e74        0xc 00
 .text.chSysTimerHandlerI
                0x08000e80       0x5c build/obj/chsys.o
                0x08000e80                chSysTimerHandlerI
 *fill*         0x08000edc        0x4 00
 .text.chDbgPanic
                0x08000ee0        0xc build/obj/chdebug.o
                0x08000ee0                chDbgPanic
 *fill*         0x08000eec        0x4 00
 .text._vt_init
                0x08000ef0       0x18 build/obj/chvt.o
                0x08000ef0                _vt_init
 *fill*         0x08000f08        0x8 00
 .text.chVTSetI
                0x08000f10       0x34 build/obj/chvt.o
                0x08000f10                chVTSetI
 *fill*         0x08000f44        0xc 00
 .text.chVTResetI
                0x08000f50       0x24 build/obj/chvt.o
                0x08000f50                chVTResetI
 *fill*         0x08000f74        0xc 00
 .text.fifo_remove.clone.0
                0x08000f80       0x10 build/obj/chschd.o
 .text._scheduler_init
                0x08000f90       0x14 build/obj/chschd.o
                0x08000f90                _scheduler_init
 *fill*         0x08000fa4        0xc 00
 .text.chSchReadyI
                0x08000fb0       0x24 build/obj/chschd.o
                0x08000fb0                chSchReadyI
 *fill*         0x08000fd4        0xc 00
 .text.wakeup   0x08000fe0       0x4a build/obj/chschd.o
 *fill*         0x0800102a        0x6 00
 .text.chSchGoSleepS
                0x08001030       0x40 build/obj/chschd.o
                0x08001030                chSchGoSleepS
 .text.chSchGoSleepTimeoutS
                0x08001070       0x40 build/obj/chschd.o
                0x08001070                chSchGoSleepTimeoutS
 .text.chSchWakeupS
                0x080010b0       0x50 build/obj/chschd.o
                0x080010b0                chSchWakeupS
 .text.chSchDoRescheduleBehind
                0x08001100       0x44 build/obj/chschd.o
                0x08001100                chSchDoRescheduleBehind
 *fill*         0x08001144        0xc 00
 .text.chSchDoRescheduleAhead
                0x08001150       0x54 build/obj/chschd.o
                0x08001150                chSchDoRescheduleAhead
 *fill*         0x080011a4        0xc 00
 .text.chSchRescheduleS
                0x080011b0       0x18 build/obj/chschd.o
                0x080011b0                chSchRescheduleS
 *fill*         0x080011c8        0x8 00
 .text.chSchDoReschedule
                0x080011d0       0x18 build/obj/chschd.o
                0x080011d0                chSchDoReschedule
 *fill*         0x080011e8        0x8 00
 .text._thread_init
                0x080011f0       0x4c build/obj/chthreads.o
                0x080011f0                _thread_init
 *fill*         0x0800123c        0x4 00
 .text._thread_memfill
                0x08001240        0xc build/obj/chthreads.o
                0x08001240                _thread_memfill
 *fill*         0x0800124c        0x4 00
 .text.chThdCreateI
                0x08001250       0x20 build/obj/chthreads.o
                0x08001250                chThdCreateI
 .text.chThdCreateStatic
                0x08001270       0x4c build/obj/chthreads.o
                0x08001270                chThdCreateStatic
 *fill*         0x080012bc        0x4 00
 .text.chThdSleep
                0x080012c0       0x18 build/obj/chthreads.o
                0x080012c0                chThdSleep
 *fill*         0x080012d8        0x8 00
 .text.chThdExitS
                0x080012e0       0x40 build/obj/chthreads.o
                0x080012e0                chThdExitS
 .text.chThdExit
                0x08001320        0xa build/obj/chthreads.o
                0x08001320                chThdExit
 *fill*         0x0800132a        0x6 00
 .text.chMtxInit
                0x08001330        0xa build/obj/chmtx.o
                0x08001330                chMtxInit
 *fill*         0x0800133a        0x6 00
 .text.chEvtSignalI
                0x08001340       0x30 build/obj/chevents.o
                0x08001340                chEvtSignalI
 .text.chEvtBroadcastFlagsI
                0x08001370       0x20 build/obj/chevents.o
                0x08001370                chEvtBroadcastFlagsI
 .text.fifo_remove
                0x08001390        0xc build/obj/chqueues.o
 *fill*         0x0800139c        0x4 00
 .text.qwait    0x080013a0       0x24 build/obj/chqueues.o
 *fill*         0x080013c4        0xc 00
 .text.chIQInit
                0x080013d0       0x1c build/obj/chqueues.o
                0x080013d0                chIQInit
 *fill*         0x080013ec        0x4 00
 .text.chIQResetI
                0x080013f0       0x28 build/obj/chqueues.o
                0x080013f0                chIQResetI
 *fill*         0x08001418        0x8 00
 .text.chIQGetTimeout
                0x08001420       0x4c build/obj/chqueues.o
                0x08001420                chIQGetTimeout
 *fill*         0x0800146c        0x4 00
 .text.chIQReadTimeout
                0x08001470       0x6e build/obj/chqueues.o
                0x08001470                chIQReadTimeout
 *fill*         0x080014de        0x2 00
 .text.chOQInit
                0x080014e0       0x18 build/obj/chqueues.o
                0x080014e0                chOQInit
 *fill*         0x080014f8        0x8 00
 .text.chOQResetI
                0x08001500       0x2a build/obj/chqueues.o
                0x08001500                chOQResetI
 *fill*         0x0800152a        0x6 00
 .text.chOQPutTimeout
                0x08001530       0x52 build/obj/chqueues.o
                0x08001530                chOQPutTimeout
 *fill*         0x08001582        0xe 00
 .text.chOQWriteTimeout
                0x08001590       0x76 build/obj/chqueues.o
                0x08001590                chOQWriteTimeout
 *fill*         0x08001606        0xa 00
 .text._core_init
                0x08001610       0x28 build/obj/chmemcore.o
                0x08001610                _core_init
 *fill*         0x08001638        0x8 00
 .text.chCoreAllocI
                0x08001640       0x24 build/obj/chmemcore.o
                0x08001640                chCoreAllocI
 *fill*         0x08001664        0xc 00
 .text.chCoreAlloc
                0x08001670       0x14 build/obj/chmemcore.o
                0x08001670                chCoreAlloc
 *fill*         0x08001684        0xc 00
 .text.chCoreStatus
                0x08001690       0x14 build/obj/chmemcore.o
                0x08001690                chCoreStatus
 *fill*         0x080016a4        0xc 00
 .text._heap_init
                0x080016b0       0x1c build/obj/chheap.o
                0x080016b0                _heap_init
 *fill*         0x080016cc        0x4 00
 .text.halInit  0x080016d0       0x2c build/obj/hal.o
                0x080016d0                halInit
 *fill*         0x080016fc        0x4 00
 .text.halIsCounterWithin
                0x08001700       0x28 build/obj/hal.o
                0x08001700                halIsCounterWithin
 *fill*         0x08001728        0x8 00
 .text.halPolledDelay
                0x08001730       0x1c build/obj/hal.o
                0x08001730                halPolledDelay
 *fill*         0x0800174c        0x4 00
 .text.adcInit  0x08001750        0x4 build/obj/adc.o
                0x08001750                adcInit
 *fill*         0x08001754        0xc 00
 .text.adcObjectInit
                0x08001760       0x16 build/obj/adc.o
                0x08001760                adcObjectInit
 *fill*         0x08001776        0xa 00
 .text.gptInit  0x08001780        0x4 build/obj/gpt.o
                0x08001780                gptInit
 *fill*         0x08001784        0xc 00
 .text.gptObjectInit
                0x08001790        0xa build/obj/gpt.o
                0x08001790                gptObjectInit
 *fill*         0x0800179a        0x6 00
 .text.pwmInit  0x080017a0        0x4 build/obj/pwm.o
                0x080017a0                pwmInit
 *fill*         0x080017a4        0xc 00
 .text.pwmObjectInit
                0x080017b0        0xa build/obj/pwm.o
                0x080017b0                pwmObjectInit
 *fill*         0x080017ba        0x6 00
 .text.inotify  0x080017c0       0x5c build/obj/serial_usb.o
 *fill*         0x0800181c        0x4 00
 .text.onotify  0x08001820       0x52 build/obj/serial_usb.o
 *fill*         0x08001872        0xe 00
 .text.readt    0x08001880        0x6 build/obj/serial_usb.o
 *fill*         0x08001886        0xa 00
 .text.read     0x08001890        0xa build/obj/serial_usb.o
 *fill*         0x0800189a        0x6 00
 .text.writet   0x080018a0        0x6 build/obj/serial_usb.o
 *fill*         0x080018a6        0xa 00
 .text.write    0x080018b0        0xa build/obj/serial_usb.o
 *fill*         0x080018ba        0x6 00
 .text.gett     0x080018c0        0x6 build/obj/serial_usb.o
 *fill*         0x080018c6        0xa 00
 .text.get      0x080018d0        0xa build/obj/serial_usb.o
 *fill*         0x080018da        0x6 00
 .text.putt     0x080018e0        0x6 build/obj/serial_usb.o
 *fill*         0x080018e6        0xa 00
 .text.put      0x080018f0        0xa build/obj/serial_usb.o
 *fill*         0x080018fa        0x6 00
 .text.sduInit  0x08001900        0x2 build/obj/serial_usb.o
                0x08001900                sduInit
 *fill*         0x08001902        0xe 00
 .text.sduObjectInit
                0x08001910       0x48 build/obj/serial_usb.o
                0x08001910                sduObjectInit
 *fill*         0x08001958        0x8 00
 .text.sduStart
                0x08001960       0x1a build/obj/serial_usb.o
                0x08001960                sduStart
 *fill*         0x0800197a        0x6 00
 .text.sduConfigureHookI
                0x08001980       0x3a build/obj/serial_usb.o
                0x08001980                sduConfigureHookI
 *fill*         0x080019ba        0x6 00
 .text.sduRequestsHook
                0x080019c0       0x50 build/obj/serial_usb.o
                0x080019c0                sduRequestsHook
 .text.sduDataTransmitted
                0x08001a10       0x76 build/obj/serial_usb.o
                0x08001a10                sduDataTransmitted
 *fill*         0x08001a86        0xa 00
 .text.sduDataReceived
                0x08001a90       0x56 build/obj/serial_usb.o
                0x08001a90                sduDataReceived
 *fill*         0x08001ae6        0xa 00
 .text.sduInterruptTransmitted
                0x08001af0        0x2 build/obj/serial_usb.o
                0x08001af0                sduInterruptTransmitted
 *fill*         0x08001af2        0xe 00
 .text.usbInit  0x08001b00        0x4 build/obj/usb.o
                0x08001b00                usbInit
 *fill*         0x08001b04        0xc 00
 .text.usbObjectInit
                0x08001b10       0x10 build/obj/usb.o
                0x08001b10                usbObjectInit
 .text.usbStart
                0x08001b20       0x26 build/obj/usb.o
                0x08001b20                usbStart
 *fill*         0x08001b46        0xa 00
 .text.usbInitEndpointI
                0x08001b50       0x32 build/obj/usb.o
                0x08001b50                usbInitEndpointI
 *fill*         0x08001b82        0xe 00
 .text.usbPrepareReceive
                0x08001b90       0x1c build/obj/usb.o
                0x08001b90                usbPrepareReceive
 *fill*         0x08001bac        0x4 00
 .text.usbPrepareTransmit
                0x08001bb0       0x1c build/obj/usb.o
                0x08001bb0                usbPrepareTransmit
 *fill*         0x08001bcc        0x4 00
 .text.usbPrepareQueuedReceive
                0x08001bd0       0x1e build/obj/usb.o
                0x08001bd0                usbPrepareQueuedReceive
 *fill*         0x08001bee        0x2 00
 .text.usbPrepareQueuedTransmit
                0x08001bf0       0x1e build/obj/usb.o
                0x08001bf0                usbPrepareQueuedTransmit
 *fill*         0x08001c0e        0x2 00
 .text.usbStartReceiveI
                0x08001c10       0x26 build/obj/usb.o
                0x08001c10                usbStartReceiveI
 *fill*         0x08001c36        0xa 00
 .text.usbStartTransmitI
                0x08001c40       0x26 build/obj/usb.o
                0x08001c40                usbStartTransmitI
 *fill*         0x08001c66        0xa 00
 .text._usb_reset
                0x08001c70       0x26 build/obj/usb.o
                0x08001c70                _usb_reset
 *fill*         0x08001c96        0xa 00
 .text._usb_ep0setup
                0x08001ca0      0x2dc build/obj/usb.o
                0x08001ca0                _usb_ep0setup
 *fill*         0x08001f7c        0x4 00
 .text._usb_ep0in
                0x08001f80       0xa6 build/obj/usb.o
                0x08001f80                _usb_ep0in
 *fill*         0x08002026        0xa 00
 .text._usb_ep0out
                0x08002030       0x6c build/obj/usb.o
                0x08002030                _usb_ep0out
 *fill*         0x0800209c        0x4 00
 .text.Vector6C
                0x080020a0       0x28 build/obj/stm32_dma.o
                0x080020a0                Vector6C
 *fill*         0x080020c8        0x8 00
 .text.Vector70
                0x080020d0       0x2c build/obj/stm32_dma.o
                0x080020d0                Vector70
 *fill*         0x080020fc        0x4 00
 .text.Vector74
                0x08002100       0x2c build/obj/stm32_dma.o
                0x08002100                Vector74
 *fill*         0x0800212c        0x4 00
 .text.Vector78
                0x08002130       0x2c build/obj/stm32_dma.o
                0x08002130                Vector78
 *fill*         0x0800215c        0x4 00
 .text.Vector7C
                0x08002160       0x28 build/obj/stm32_dma.o
                0x08002160                Vector7C
 *fill*         0x08002188        0x8 00
 .text.Vector80
                0x08002190       0x2c build/obj/stm32_dma.o
                0x08002190                Vector80
 *fill*         0x080021bc        0x4 00
 .text.Vector84
                0x080021c0       0x2c build/obj/stm32_dma.o
                0x080021c0                Vector84
 *fill*         0x080021ec        0x4 00
 .text.VectorFC
                0x080021f0       0x2c build/obj/stm32_dma.o
                0x080021f0                VectorFC
 *fill*         0x0800221c        0x4 00
 .text.Vector120
                0x08002220       0x28 build/obj/stm32_dma.o
                0x08002220                Vector120
 *fill*         0x08002248        0x8 00
 .text.Vector124
                0x08002250       0x2c build/obj/stm32_dma.o
                0x08002250                Vector124
 *fill*         0x0800227c        0x4 00
 .text.Vector128
                0x08002280       0x2c build/obj/stm32_dma.o
                0x08002280                Vector128
 *fill*         0x080022ac        0x4 00
 .text.Vector12C
                0x080022b0       0x2c build/obj/stm32_dma.o
                0x080022b0                Vector12C
 *fill*         0x080022dc        0x4 00
 .text.Vector130
                0x080022e0       0x28 build/obj/stm32_dma.o
                0x080022e0                Vector130
 *fill*         0x08002308        0x8 00
 .text.Vector150
                0x08002310       0x2c build/obj/stm32_dma.o
                0x08002310                Vector150
 *fill*         0x0800233c        0x4 00
 .text.Vector154
                0x08002340       0x2c build/obj/stm32_dma.o
                0x08002340                Vector154
 *fill*         0x0800236c        0x4 00
 .text.Vector158
                0x08002370       0x2c build/obj/stm32_dma.o
                0x08002370                Vector158
 *fill*         0x0800239c        0x4 00
 .text.dmaInit  0x080023a0       0x40 build/obj/stm32_dma.o
                0x080023a0                dmaInit
 .text.hal_lld_init
                0x080023e0       0xb0 build/obj/hal_lld.o
                0x080023e0                hal_lld_init
 .text.stm32_clock_init
                0x08002490       0xb4 build/obj/hal_lld.o
                0x08002490                stm32_clock_init
 *fill*         0x08002544        0xc 00
 .text.adc_lld_init
                0x08002550       0x5c build/obj/adc_lld.o
                0x08002550                adc_lld_init
 *fill*         0x080025ac        0x4 00
 .text.adc_lld_stop_conversion
                0x080025b0       0x2e build/obj/adc_lld.o
                0x080025b0                adc_lld_stop_conversion
 *fill*         0x080025de        0x2 00
 .text.Vector88
                0x080025e0       0xd8 build/obj/adc_lld.o
                0x080025e0                Vector88
 *fill*         0x080026b8        0x8 00
 .text.gpt_lld_init
                0x080026c0       0x14 build/obj/gpt_lld.o
                0x080026c0                gpt_lld_init
 *fill*         0x080026d4        0xc 00
 .text.gpt_lld_stop_timer
                0x080026e0        0xc build/obj/gpt_lld.o
                0x080026e0                gpt_lld_stop_timer
 *fill*         0x080026ec        0x4 00
 .text.VectorF0
                0x080026f0       0x30 build/obj/gpt_lld.o
                0x080026f0                VectorF0
 .text.VectorA4
                0x08002720       0x24 build/obj/pwm_lld.o
                0x08002720                VectorA4
 *fill*         0x08002744        0xc 00
 .text.VectorAC
                0x08002750       0x58 build/obj/pwm_lld.o
                0x08002750                VectorAC
 *fill*         0x080027a8        0x8 00
 .text.pwm_lld_init
                0x080027b0       0x18 build/obj/pwm_lld.o
                0x080027b0                pwm_lld_init
 *fill*         0x080027c8        0x8 00
 .text.initgpio
                0x080027d0       0x1e build/obj/pal_lld.o
 *fill*         0x080027ee        0x2 00
 .text._pal_lld_init
                0x080027f0       0xa4 build/obj/pal_lld.o
                0x080027f0                _pal_lld_init
 *fill*         0x08002894        0xc 00
 .text.fifo_remove
                0x080028a0        0xc build/obj/usb_lld.o
 *fill*         0x080028ac        0x4 00
 .text.otg_disable_ep
                0x080028b0       0x86 build/obj/usb_lld.o
 *fill*         0x08002936        0xa 00
 .text.otg_ram_reset
                0x08002940        0x8 build/obj/usb_lld.o
 *fill*         0x08002948        0x8 00
 .text.otg_do_push
                0x08002950       0x1a build/obj/usb_lld.o
 *fill*         0x0800296a        0x6 00
 .text.otg_fifo_read_to_buffer
                0x08002970       0x1e build/obj/usb_lld.o
 *fill*         0x0800298e        0x2 00
 .text.otg_ram_alloc.clone.0
                0x08002990        0xa build/obj/usb_lld.o
 *fill*         0x0800299a        0x6 00
 .text.otg_txfifo_flush.clone.1
                0x080029a0       0x16 build/obj/usb_lld.o
 *fill*         0x080029b6        0xa 00
 .text.usb_lld_wakeup_pump.clone.4.clone.5
                0x080029c0       0x18 build/obj/usb_lld.o
 *fill*         0x080029d8        0x8 00
 .text.usb_lld_pump
                0x080029e0      0x2d4 build/obj/usb_lld.o
 *fill*         0x08002cb4        0xc 00
 .text.otg_epin_handler.clone.7
                0x08002cc0       0x80 build/obj/usb_lld.o
 .text.otg_epout_handler.clone.8
                0x08002d40       0x68 build/obj/usb_lld.o
 *fill*         0x08002da8        0x8 00
 .text.Vector14C
                0x08002db0       0xdc build/obj/usb_lld.o
                0x08002db0                Vector14C
 *fill*         0x08002e8c        0x4 00
 .text.usb_lld_init
                0x08002e90       0x44 build/obj/usb_lld.o
                0x08002e90                usb_lld_init
 *fill*         0x08002ed4        0xc 00
 .text.usb_lld_start
                0x08002ee0       0xcc build/obj/usb_lld.o
                0x08002ee0                usb_lld_start
 *fill*         0x08002fac        0x4 00
 .text.usb_lld_reset
                0x08002fb0       0xc0 build/obj/usb_lld.o
                0x08002fb0                usb_lld_reset
 .text.usb_lld_set_address
                0x08003070       0x18 build/obj/usb_lld.o
                0x08003070                usb_lld_set_address
 *fill*         0x08003088        0x8 00
 .text.usb_lld_init_endpoint
                0x08003090      0x138 build/obj/usb_lld.o
                0x08003090                usb_lld_init_endpoint
 *fill*         0x080031c8        0x8 00
 .text.usb_lld_get_status_out
                0x080031d0       0x1c build/obj/usb_lld.o
                0x080031d0                usb_lld_get_status_out
 *fill*         0x080031ec        0x4 00
 .text.usb_lld_get_status_in
                0x080031f0       0x1c build/obj/usb_lld.o
                0x080031f0                usb_lld_get_status_in
 *fill*         0x0800320c        0x4 00
 .text.usb_lld_read_setup
                0x08003210       0x12 build/obj/usb_lld.o
                0x08003210                usb_lld_read_setup
 *fill*         0x08003222        0xe 00
 .text.usb_lld_prepare_receive
                0x08003230       0x2a build/obj/usb_lld.o
                0x08003230                usb_lld_prepare_receive
 *fill*         0x0800325a        0x6 00
 .text.usb_lld_prepare_transmit
                0x08003260       0x32 build/obj/usb_lld.o
                0x08003260                usb_lld_prepare_transmit
 *fill*         0x08003292        0xe 00
 .text.usb_lld_start_out
                0x080032a0       0x10 build/obj/usb_lld.o
                0x080032a0                usb_lld_start_out
 .text.usb_lld_start_in
                0x080032b0       0x22 build/obj/usb_lld.o
                0x080032b0                usb_lld_start_in
 *fill*         0x080032d2        0xe 00
 .text.usb_lld_stall_out
                0x080032e0       0x10 build/obj/usb_lld.o
                0x080032e0                usb_lld_stall_out
 .text.usb_lld_stall_in
                0x080032f0       0x10 build/obj/usb_lld.o
                0x080032f0                usb_lld_stall_in
 .text.usb_lld_clear_out
                0x08003300       0x10 build/obj/usb_lld.o
                0x08003300                usb_lld_clear_out
 .text.usb_lld_clear_in
                0x08003310       0x10 build/obj/usb_lld.o
                0x08003310                usb_lld_clear_in
 .text.__early_init
                0x08003320        0x4 build/obj/board.o
                0x08003320                __early_init
 *fill*         0x08003324        0xc 00
 .text.boardInit
                0x08003330        0x2 build/obj/board.o
                0x08003330                boardInit
 *fill*         0x08003332        0xe 00
 .text.long_to_string_with_divisor
                0x08003340       0x46 build/obj/chprintf.o
 *fill*         0x08003386        0xa 00
 .text.ltoa     0x08003390        0x6 build/obj/chprintf.o
 *fill*         0x08003396        0xa 00
 .text.chprintf
                0x080033a0      0x290 build/obj/chprintf.o
                0x080033a0                chprintf
 .text.Thread1  0x08003630       0x38 build/obj/main.o
 *fill*         0x08003668        0x8 00
 .text.main     0x08003670       0xf0 build/obj/main.o
                0x08003670                main
 .text.get_descriptor
                0x08003760       0x34 build/obj/usbcfg.o
 *fill*         0x08003794        0xc 00
 .text.usb_event
                0x080037a0       0x38 build/obj/usbcfg.o
 *fill*         0x080037d8        0x8 00
 .text.Setup_Stepper_PWM
                0x080037e0       0x6c build/obj/Stepper.o
                0x080037e0                Setup_Stepper_PWM
 *fill*         0x0800384c        0x4 00
 .text.GPIO_Stepper_Enable
                0x08003850       0x1c build/obj/Stepper.o
                0x08003850                GPIO_Stepper_Enable
 *fill*         0x0800386c        0x4 00
 .text.GPIO_Stepper_Dir
                0x08003870       0x1c build/obj/Stepper.o
                0x08003870                GPIO_Stepper_Dir
 *fill*         0x0800388c        0x4 00
 .text.Setup_PPG_PWM
                0x08003890      0x1a0 build/obj/Timer.o
                0x08003890                Setup_PPG_PWM
 *(.rodata)
 *(.rodata.*)
 .rodata.str1.1
                0x08003a30        0xa build/obj/chsys.o
 *fill*         0x08003a3a        0x6 00
 .rodata.str1.1
                0x08003a40        0xf build/obj/chschd.o
 *fill*         0x08003a4f        0x1 00
 .rodata.vmt    0x08003a50       0x20 build/obj/serial_usb.o
 .rodata.zero_status
                0x08003a70        0x2 build/obj/usb.o
 *fill*         0x08003a72        0xe 00
 .rodata.active_status
                0x08003a80        0x2 build/obj/usb.o
 *fill*         0x08003a82        0xe 00
 .rodata.halted_status
                0x08003a90        0x2 build/obj/usb.o
 *fill*         0x08003a92        0xe 00
 .rodata._stm32_dma_streams
                0x08003aa0       0xc0 build/obj/stm32_dma.o
                0x08003aa0                _stm32_dma_streams
 .rodata.fsparams
                0x08003b60        0xc build/obj/usb_lld.o
 *fill*         0x08003b6c        0x4 00
 .rodata.str1.1
                0x08003b70        0xd build/obj/usb_lld.o
 *fill*         0x08003b7d        0x3 00
 .rodata.ep0config
                0x08003b80       0x24 build/obj/usb_lld.o
 *fill*         0x08003ba4        0xc 00
 .rodata.pal_default_config
                0x08003bb0       0xfc build/obj/board.o
                0x08003bb0                pal_default_config
 *fill*         0x08003cac        0x4 00
 .rodata.str1.1
                0x08003cb0        0x7 build/obj/chprintf.o
 *fill*         0x08003cb7        0x9 00
 .rodata.str1.1
                0x08003cc0       0xd3 build/obj/main.o
 *fill*         0x08003d93        0xd 00
 .rodata.ep1config
                0x08003da0       0x24 build/obj/usbcfg.o
 *fill*         0x08003dc4        0xc 00
 .rodata.vcom_configuration_descriptor_data
                0x08003dd0       0x43 build/obj/usbcfg.o
 *fill*         0x08003e13        0xd 00
 .rodata.vcom_configuration_descriptor
                0x08003e20        0x8 build/obj/usbcfg.o
 *fill*         0x08003e28        0x8 00
 .rodata.ep2config
                0x08003e30       0x24 build/obj/usbcfg.o
 *fill*         0x08003e54        0xc 00
 .rodata.usbcfg
                0x08003e60       0x10 build/obj/usbcfg.o
                0x08003e60                usbcfg
 .rodata.vcom_device_descriptor_data
                0x08003e70       0x12 build/obj/usbcfg.o
 *fill*         0x08003e82        0xe 00
 .rodata.vcom_string0
                0x08003e90        0x4 build/obj/usbcfg.o
 *fill*         0x08003e94        0xc 00
 .rodata.vcom_string1
                0x08003ea0       0x26 build/obj/usbcfg.o
 *fill*         0x08003ec6        0xa 00
 .rodata.vcom_string2
                0x08003ed0       0x38 build/obj/usbcfg.o
 *fill*         0x08003f08        0x8 00
 .rodata.vcom_string3
                0x08003f10        0x8 build/obj/usbcfg.o
 *fill*         0x08003f18        0x8 00
 .rodata.vcom_strings
                0x08003f20       0x20 build/obj/usbcfg.o
 .rodata.serusbcfg
                0x08003f40        0x4 build/obj/usbcfg.o
                0x08003f40                serusbcfg
 *fill*         0x08003f44        0xc 00
 .rodata.vcom_device_descriptor
                0x08003f50        0x8 build/obj/usbcfg.o
 *(.glue_7t)
 .glue_7t       0x00000000        0x0 linker stubs
 *(.glue_7)
 .glue_7        0x00000000        0x0 linker stubs
 *(.gcc*)

.vfp11_veneer   0x08003f58        0x0
 .vfp11_veneer  0x00000000        0x0 linker stubs

.v4_bx          0x08003f58        0x0
 .v4_bx         0x00000000        0x0 linker stubs

.ARM.extab
 *(.ARM.extab* .gnu.linkonce.armextab.*)

.ARM.exidx      0x08003f58        0x0
                0x08003f58                PROVIDE (__exidx_start, .)
 *(.ARM.exidx* .gnu.linkonce.armexidx.*)
                0x08003f58                PROVIDE (__exidx_end, .)

.eh_frame_hdr
 *(.eh_frame_hdr)

.eh_frame
 *(.eh_frame)

.textalign      0x08003f58        0x0
                0x08003f58                . = ALIGN (0x8)
                0x08003f58                _etext = .
                0x08003f58                _textdata = _etext

.stacks         0x20000000     0xa000
                0x20000000                . = ALIGN (0x8)
                0x20000000                __main_stack_base__ = .
                0x20002000                . = (. + __main_stack_size__)
 *fill*         0x20000000     0x2000 00
                0x20002000                . = ALIGN (0x8)
                0x20002000                __main_stack_end__ = .
                0x20002000                __process_stack_base__ = .
                0x20002000                __main_thread_stack_base__ = .
                0x2000a000                . = (. + __process_stack_size__)
 *fill*         0x20002000     0x8000 00
                0x2000a000                . = ALIGN (0x8)
                0x2000a000                __process_stack_end__ = .
                0x2000a000                __main_thread_stack_end__ = .

.data           0x2000a000        0x8 load address 0x08003f58
                0x2000a000                . = ALIGN (0x4)
                0x2000a000                PROVIDE (_data, .)
 *(.data)
                0x2000a000                . = ALIGN (0x4)
 *(.data.*)
 .data.linecoding
                0x2000a000        0x7 build/obj/serial_usb.o
                0x2000a008                . = ALIGN (0x4)
 *fill*         0x2000a007        0x1 00
 *(.ramtext)
                0x2000a008                . = ALIGN (0x4)
                0x2000a008                PROVIDE (_edata, .)

.bss            0x2000a008      0x968 load address 0x08003f60
                0x2000a008                . = ALIGN (0x4)
                0x2000a008                PROVIDE (_bss_start, .)
 *(.bss)
                0x2000a008                . = ALIGN (0x4)
 *(.bss.*)
 .bss.mainthread.4685
                0x2000a008       0x4c build/obj/chsys.o
 *fill*         0x2000a054        0x4 00
 .bss._idle_thread_wa
                0x2000a058      0x148 build/obj/chsys.o
                0x2000a058                _idle_thread_wa
 .bss.dbg_panic_msg
                0x2000a1a0        0x4 build/obj/chdebug.o
                0x2000a1a0                dbg_panic_msg
 .bss.vtlist    0x2000a1a4       0x10 build/obj/chvt.o
                0x2000a1a4                vtlist
 .bss.rlist     0x2000a1b4       0x1c build/obj/chschd.o
                0x2000a1b4                rlist
 .bss.endmem    0x2000a1d0        0x4 build/obj/chmemcore.o
 .bss.nextmem   0x2000a1d4        0x4 build/obj/chmemcore.o
 .bss.default_heap
                0x2000a1d8       0x20 build/obj/chheap.o
 .bss.dma_isr_redir
                0x2000a1f8       0x80 build/obj/stm32_dma.o
 .bss.dma_streams_mask
                0x2000a278        0x4 build/obj/stm32_dma.o
 .bss.ADCD1     0x2000a27c       0x34 build/obj/adc_lld.o
                0x2000a27c                ADCD1
 .bss.ADCD2     0x2000a2b0       0x34 build/obj/adc_lld.o
                0x2000a2b0                ADCD2
 .bss.GPTD8     0x2000a2e4       0x10 build/obj/gpt_lld.o
                0x2000a2e4                GPTD8
 .bss.PWMD1     0x2000a2f4       0x14 build/obj/pwm_lld.o
                0x2000a2f4                PWMD1
 .bss.USBD1     0x2000a308      0x210 build/obj/usb_lld.o
                0x2000a308                USBD1
 .bss.ep0_state
                0x2000a518       0x10 build/obj/usb_lld.o
 .bss.ep0setup_buffer
                0x2000a528        0x8 build/obj/usb_lld.o
 .bss.waThread1
                0x2000a530      0x1b8 build/obj/main.o
 .bss.SDU1      0x2000a6e8      0x258 build/obj/main.o
 .bss.ep1instate
                0x2000a940       0x10 build/obj/usbcfg.o
 .bss.ep2instate
                0x2000a950       0x10 build/obj/usbcfg.o
 .bss.ep1outstate
                0x2000a960       0x10 build/obj/usbcfg.o
                0x2000a970                . = ALIGN (0x4)
 *(COMMON)
                0x2000a970                . = ALIGN (0x4)
                0x2000a970                PROVIDE (_bss_end, .)
                0x2000a970                PROVIDE (end, .)
                0x2000a970                _end = .
                0x2000a970                __heap_base__ = _end
                0x2001c000                __heap_end__ = __ram_end__
OUTPUT(build/ch.elf elf32-littlearm)

.debug_abbrev   0x00000000     0x5fad
 .debug_abbrev  0x00000000      0x163 build/obj/crt0.o
 .debug_abbrev  0x00000163       0x76 build/obj/vectors.o
 .debug_abbrev  0x000001d9       0x43 build/obj/chcore.o
 .debug_abbrev  0x0000021c      0x1a5 build/obj/chcore_v7m.o
 .debug_abbrev  0x000003c1       0xfd build/obj/nvic.o
 .debug_abbrev  0x000004be      0x189 build/obj/chsys.o
 .debug_abbrev  0x00000647       0x86 build/obj/chdebug.o
 .debug_abbrev  0x000006cd       0x2c build/obj/chlists.o
 .debug_abbrev  0x000006f9      0x156 build/obj/chvt.o
 .debug_abbrev  0x0000084f      0x288 build/obj/chschd.o
 .debug_abbrev  0x00000ad7      0x2a7 build/obj/chthreads.o
 .debug_abbrev  0x00000d7e      0x1a1 build/obj/chdynamic.o
 .debug_abbrev  0x00000f1f      0x163 build/obj/chregistry.o
 .debug_abbrev  0x00001082      0x260 build/obj/chsem.o
 .debug_abbrev  0x000012e2      0x229 build/obj/chmtx.o
 .debug_abbrev  0x0000150b      0x201 build/obj/chcond.o
 .debug_abbrev  0x0000170c      0x235 build/obj/chevents.o
 .debug_abbrev  0x00001941      0x1c8 build/obj/chmsg.o
 .debug_abbrev  0x00001b09      0x1da build/obj/chmboxes.o
 .debug_abbrev  0x00001ce3      0x279 build/obj/chqueues.o
 .debug_abbrev  0x00001f5c      0x127 build/obj/chmemcore.o
 .debug_abbrev  0x00002083      0x1be build/obj/chheap.o
 .debug_abbrev  0x00002241      0x16e build/obj/chmempools.o
 .debug_abbrev  0x000023af      0x122 build/obj/hal.o
 .debug_abbrev  0x000024d1      0x249 build/obj/adc.o
 .debug_abbrev  0x0000271a       0x51 build/obj/can.o
 .debug_abbrev  0x0000276b       0x51 build/obj/ext.o
 .debug_abbrev  0x000027bc      0x180 build/obj/gpt.o
 .debug_abbrev  0x0000293c       0x51 build/obj/i2c.o
 .debug_abbrev  0x0000298d       0x51 build/obj/icu.o
 .debug_abbrev  0x000029de       0x51 build/obj/mac.o
 .debug_abbrev  0x00002a2f       0x51 build/obj/mmc_spi.o
 .debug_abbrev  0x00002a80       0x51 build/obj/mmcsd.o
 .debug_abbrev  0x00002ad1      0x115 build/obj/pal.o
 .debug_abbrev  0x00002be6      0x19a build/obj/pwm.o
 .debug_abbrev  0x00002d80       0x51 build/obj/rtc.o
 .debug_abbrev  0x00002dd1       0x51 build/obj/sdc.o
 .debug_abbrev  0x00002e22       0x51 build/obj/serial.o
 .debug_abbrev  0x00002e73      0x34b build/obj/serial_usb.o
 .debug_abbrev  0x000031be       0x51 build/obj/spi.o
 .debug_abbrev  0x0000320f       0x51 build/obj/tm.o
 .debug_abbrev  0x00003260       0x51 build/obj/uart.o
 .debug_abbrev  0x000032b1      0x2ff build/obj/usb.o
 .debug_abbrev  0x000035b0      0x1b2 build/obj/stm32_dma.o
 .debug_abbrev  0x00003762      0x10a build/obj/hal_lld.o
 .debug_abbrev  0x0000386c      0x26e build/obj/adc_lld.o
 .debug_abbrev  0x00003ada       0x51 build/obj/ext_lld_isr.o
 .debug_abbrev  0x00003b2b       0x51 build/obj/can_lld.o
 .debug_abbrev  0x00003b7c       0x51 build/obj/ext_lld.o
 .debug_abbrev  0x00003bcd      0x1f3 build/obj/gpt_lld.o
 .debug_abbrev  0x00003dc0       0x51 build/obj/icu_lld.o
 .debug_abbrev  0x00003e11       0x51 build/obj/mac_lld.o
 .debug_abbrev  0x00003e62      0x1e1 build/obj/pwm_lld.o
 .debug_abbrev  0x00004043       0x51 build/obj/sdc_lld.o
 .debug_abbrev  0x00004094       0x51 build/obj/serial_lld.o
 .debug_abbrev  0x000040e5       0x51 build/obj/spi_lld.o
 .debug_abbrev  0x00004136      0x172 build/obj/pal_lld.o
 .debug_abbrev  0x000042a8       0x51 build/obj/i2c_lld.o
 .debug_abbrev  0x000042f9      0x490 build/obj/usb_lld.o
 .debug_abbrev  0x00004789       0x51 build/obj/rtc_lld.o
 .debug_abbrev  0x000047da       0x51 build/obj/uart_lld.o
 .debug_abbrev  0x0000482b       0xab build/obj/board.o
 .debug_abbrev  0x000048d6      0x270 build/obj/shell.o
 .debug_abbrev  0x00004b46      0x1ee build/obj/chprintf.o
 .debug_abbrev  0x00004d34      0x22d build/obj/main.o
 .debug_abbrev  0x00004f61      0x216 build/obj/usbcfg.o
 .debug_abbrev  0x00005177      0x26f build/obj/EKF_Pressure.o
 .debug_abbrev  0x000053e6       0x51 build/obj/PID_Pressure.o
 .debug_abbrev  0x00005437      0x244 build/obj/PPG_Demod.o
 .debug_abbrev  0x0000567b      0x20d build/obj/PPG.o
 .debug_abbrev  0x00005888       0x81 build/obj/Pressure.o
 .debug_abbrev  0x00005909       0xa2 build/obj/EKF_Estimator.o
 .debug_abbrev  0x000059ab       0xc8 build/obj/PID_Control.o
 .debug_abbrev  0x00005a73       0xa9 build/obj/Pressure_Filter.o
 .debug_abbrev  0x00005b1c       0x9e build/obj/Quickselect.o
 .debug_abbrev  0x00005bba      0x200 build/obj/Scanf.o
 .debug_abbrev  0x00005dba      0x12c build/obj/Stepper.o
 .debug_abbrev  0x00005ee6       0xc7 build/obj/Timer.o

.debug_info     0x00000000    0x1e734
 .debug_info    0x00000000      0x52f build/obj/crt0.o
 .debug_info    0x0000052f       0xb9 build/obj/vectors.o
 .debug_info    0x000005e8       0x8f build/obj/chcore.o
 .debug_info    0x00000677      0xa94 build/obj/chcore_v7m.o
 .debug_info    0x0000110b      0x43b build/obj/nvic.o
 .debug_info    0x00001546      0x7a3 build/obj/chsys.o
 .debug_info    0x00001ce9       0xd0 build/obj/chdebug.o
 .debug_info    0x00001db9       0x77 build/obj/chlists.o
 .debug_info    0x00001e30      0x27f build/obj/chvt.o
 .debug_info    0x000020af      0x946 build/obj/chschd.o
 .debug_info    0x000029f5      0xbf1 build/obj/chthreads.o
 .debug_info    0x000035e6      0x87a build/obj/chdynamic.o
 .debug_info    0x00003e60      0x788 build/obj/chregistry.o
 .debug_info    0x000045e8      0xa1b build/obj/chsem.o
 .debug_info    0x00005003      0x935 build/obj/chmtx.o
 .debug_info    0x00005938      0x8e0 build/obj/chcond.o
 .debug_info    0x00006218      0xe1e build/obj/chevents.o
 .debug_info    0x00007036      0x761 build/obj/chmsg.o
 .debug_info    0x00007797      0x9ae build/obj/chmboxes.o
 .debug_info    0x00008145      0xbe0 build/obj/chqueues.o
 .debug_info    0x00008d25      0x1dd build/obj/chmemcore.o
 .debug_info    0x00008f02      0x75a build/obj/chheap.o
 .debug_info    0x0000965c      0x2f5 build/obj/chmempools.o
 .debug_info    0x00009951      0x326 build/obj/hal.o
 .debug_info    0x00009c77      0xdd1 build/obj/adc.o
 .debug_info    0x0000aa48       0xa3 build/obj/can.o
 .debug_info    0x0000aaeb       0xa3 build/obj/ext.o
 .debug_info    0x0000ab8e      0x6b8 build/obj/gpt.o
 .debug_info    0x0000b246       0xa3 build/obj/i2c.o
 .debug_info    0x0000b2e9       0xa3 build/obj/icu.o
 .debug_info    0x0000b38c       0xa3 build/obj/mac.o
 .debug_info    0x0000b42f       0xa3 build/obj/mmc_spi.o
 .debug_info    0x0000b4d2       0xa3 build/obj/mmcsd.o
 .debug_info    0x0000b575      0x2b6 build/obj/pal.o
 .debug_info    0x0000b82b      0x6b2 build/obj/pwm.o
 .debug_info    0x0000bedd       0xa3 build/obj/rtc.o
 .debug_info    0x0000bf80       0xa3 build/obj/sdc.o
 .debug_info    0x0000c023       0xa3 build/obj/serial.o
 .debug_info    0x0000c0c6     0x1bb3 build/obj/serial_usb.o
 .debug_info    0x0000dc79       0xa3 build/obj/spi.o
 .debug_info    0x0000dd1c       0xa3 build/obj/tm.o
 .debug_info    0x0000ddbf       0xa3 build/obj/uart.o
 .debug_info    0x0000de62     0x1965 build/obj/usb.o
 .debug_info    0x0000f7c7      0xa37 build/obj/stm32_dma.o
 .debug_info    0x000101fe      0x4c6 build/obj/hal_lld.o
 .debug_info    0x000106c4     0x121b build/obj/adc_lld.o
 .debug_info    0x000118df       0xa3 build/obj/ext_lld_isr.o
 .debug_info    0x00011982       0xa3 build/obj/can_lld.o
 .debug_info    0x00011a25       0xa3 build/obj/ext_lld.o
 .debug_info    0x00011ac8      0x974 build/obj/gpt_lld.o
 .debug_info    0x0001243c       0xa3 build/obj/icu_lld.o
 .debug_info    0x000124df       0xa3 build/obj/mac_lld.o
 .debug_info    0x00012582      0xa09 build/obj/pwm_lld.o
 .debug_info    0x00012f8b       0xa3 build/obj/sdc_lld.o
 .debug_info    0x0001302e       0xa3 build/obj/serial_lld.o
 .debug_info    0x000130d1       0xa3 build/obj/spi_lld.o
 .debug_info    0x00013174      0x614 build/obj/pal_lld.o
 .debug_info    0x00013788       0xa3 build/obj/i2c_lld.o
 .debug_info    0x0001382b     0x2627 build/obj/usb_lld.o
 .debug_info    0x00015e52       0xa3 build/obj/rtc_lld.o
 .debug_info    0x00015ef5       0xa3 build/obj/uart_lld.o
 .debug_info    0x00015f98      0x1fd build/obj/board.o
 .debug_info    0x00016195      0xcd5 build/obj/shell.o
 .debug_info    0x00016e6a      0x447 build/obj/chprintf.o
 .debug_info    0x000172b1     0x1b1f build/obj/main.o
 .debug_info    0x00018dd0     0x1466 build/obj/usbcfg.o
 .debug_info    0x0001a236     0x1577 build/obj/EKF_Pressure.o
 .debug_info    0x0001b7ad       0xb8 build/obj/PID_Pressure.o
 .debug_info    0x0001b865      0xda8 build/obj/PPG_Demod.o
 .debug_info    0x0001c60d      0xaaf build/obj/PPG.o
 .debug_info    0x0001d0bc      0x125 build/obj/Pressure.o
 .debug_info    0x0001d1e1      0x18f build/obj/EKF_Estimator.o
 .debug_info    0x0001d370      0x138 build/obj/PID_Control.o
 .debug_info    0x0001d4a8      0x10b build/obj/Pressure_Filter.o
 .debug_info    0x0001d5b3      0x1d7 build/obj/Quickselect.o
 .debug_info    0x0001d78a      0x463 build/obj/Scanf.o
 .debug_info    0x0001dbed      0x631 build/obj/Stepper.o
 .debug_info    0x0001e21e      0x516 build/obj/Timer.o

.debug_line     0x00000000    0x1b0cb
 .debug_line    0x00000000      0x395 build/obj/crt0.o
 .debug_line    0x00000395      0x31d build/obj/vectors.o
 .debug_line    0x000006b2      0x31c build/obj/chcore.o
 .debug_line    0x000009ce      0x3c7 build/obj/chcore_v7m.o
 .debug_line    0x00000d95      0x354 build/obj/nvic.o
 .debug_line    0x000010e9      0x375 build/obj/chsys.o
 .debug_line    0x0000145e      0x336 build/obj/chdebug.o
 .debug_line    0x00001794      0x323 build/obj/chlists.o
 .debug_line    0x00001ab7      0x395 build/obj/chvt.o
 .debug_line    0x00001e4c      0x4b9 build/obj/chschd.o
 .debug_line    0x00002305      0x4a2 build/obj/chthreads.o
 .debug_line    0x000027a7      0x39c build/obj/chdynamic.o
 .debug_line    0x00002b43      0x354 build/obj/chregistry.o
 .debug_line    0x00002e97      0x484 build/obj/chsem.o
 .debug_line    0x0000331b      0x48e build/obj/chmtx.o
 .debug_line    0x000037a9      0x426 build/obj/chcond.o
 .debug_line    0x00003bcf      0x4f3 build/obj/chevents.o
 .debug_line    0x000040c2      0x397 build/obj/chmsg.o
 .debug_line    0x00004459      0x443 build/obj/chmboxes.o
 .debug_line    0x0000489c      0x4d0 build/obj/chqueues.o
 .debug_line    0x00004d6c      0x375 build/obj/chmemcore.o
 .debug_line    0x000050e1      0x3ef build/obj/chheap.o
 .debug_line    0x000054d0      0x3a8 build/obj/chmempools.o
 .debug_line    0x00005878      0x63a build/obj/hal.o
 .debug_line    0x00005eb2      0x704 build/obj/adc.o
 .debug_line    0x000065b6      0x5e2 build/obj/can.o
 .debug_line    0x00006b98      0x5e2 build/obj/ext.o
 .debug_line    0x0000717a      0x6c1 build/obj/gpt.o
 .debug_line    0x0000783b      0x5e2 build/obj/i2c.o
 .debug_line    0x00007e1d      0x5e2 build/obj/icu.o
 .debug_line    0x000083ff      0x5e2 build/obj/mac.o
 .debug_line    0x000089e1      0x76e build/obj/mmc_spi.o
 .debug_line    0x0000914f      0x5e4 build/obj/mmcsd.o
 .debug_line    0x00009733      0x61d build/obj/pal.o
 .debug_line    0x00009d50      0x672 build/obj/pwm.o
 .debug_line    0x0000a3c2      0x5e2 build/obj/rtc.o
 .debug_line    0x0000a9a4      0x5e2 build/obj/sdc.o
 .debug_line    0x0000af86      0x5e5 build/obj/serial.o
 .debug_line    0x0000b56b      0x7b1 build/obj/serial_usb.o
 .debug_line    0x0000bd1c      0x5e2 build/obj/spi.o
 .debug_line    0x0000c2fe      0x5e1 build/obj/tm.o
 .debug_line    0x0000c8df      0x5e3 build/obj/uart.o
 .debug_line    0x0000cec2      0x9bc build/obj/usb.o
 .debug_line    0x0000d87e      0x7f4 build/obj/stm32_dma.o
 .debug_line    0x0000e072      0x646 build/obj/hal_lld.o
 .debug_line    0x0000e6b8      0x7d9 build/obj/adc_lld.o
 .debug_line    0x0000ee91      0x5d7 build/obj/ext_lld_isr.o
 .debug_line    0x0000f468      0x5d3 build/obj/can_lld.o
 .debug_line    0x0000fa3b      0x5d3 build/obj/ext_lld.o
 .debug_line    0x0001000e      0x68b build/obj/gpt_lld.o
 .debug_line    0x00010699      0x5d3 build/obj/icu_lld.o
 .debug_line    0x00010c6c      0x764 build/obj/mac_lld.o
 .debug_line    0x000113d0      0x6b6 build/obj/pwm_lld.o
 .debug_line    0x00011a86      0x75b build/obj/sdc_lld.o
 .debug_line    0x000121e1      0x5d6 build/obj/serial_lld.o
 .debug_line    0x000127b7      0x5d3 build/obj/spi_lld.o
 .debug_line    0x00012d8a      0x64e build/obj/pal_lld.o
 .debug_line    0x000133d8      0x5f8 build/obj/i2c_lld.o
 .debug_line    0x000139d0      0xb93 build/obj/usb_lld.o
 .debug_line    0x00014563      0x5f8 build/obj/rtc_lld.o
 .debug_line    0x00014b5b      0x5fb build/obj/uart_lld.o
 .debug_line    0x00015156      0x5f2 build/obj/board.o
 .debug_line    0x00015748      0x8cd build/obj/shell.o
 .debug_line    0x00016015      0x453 build/obj/chprintf.o
 .debug_line    0x00016468      0x902 build/obj/main.o
 .debug_line    0x00016d6a      0x611 build/obj/usbcfg.o
 .debug_line    0x0001737b      0x978 build/obj/EKF_Pressure.o
 .debug_line    0x00017cf3      0x85a build/obj/PID_Pressure.o
 .debug_line    0x0001854d      0x6bd build/obj/PPG_Demod.o
 .debug_line    0x00018c0a      0x6d0 build/obj/PPG.o
 .debug_line    0x000192da      0x546 build/obj/Pressure.o
 .debug_line    0x00019820      0x346 build/obj/EKF_Estimator.o
 .debug_line    0x00019b66       0x64 build/obj/PID_Control.o
 .debug_line    0x00019bca      0x353 build/obj/Pressure_Filter.o
 .debug_line    0x00019f1d      0x4fc build/obj/Quickselect.o
 .debug_line    0x0001a419      0x427 build/obj/Scanf.o
 .debug_line    0x0001a840      0x638 build/obj/Stepper.o
 .debug_line    0x0001ae78      0x253 build/obj/Timer.o

.debug_macinfo  0x00000000   0xf72118
 .debug_macinfo
                0x00000000     0x76e5 build/obj/crt0.o
 .debug_macinfo
                0x000076e5     0x75e3 build/obj/vectors.o
 .debug_macinfo
                0x0000ecc8     0x75e3 build/obj/chcore.o
 .debug_macinfo
                0x000162ab     0x75e3 build/obj/chcore_v7m.o
 .debug_macinfo
                0x0001d88e     0x75e7 build/obj/nvic.o
 .debug_macinfo
                0x00024e75     0x75e3 build/obj/chsys.o
 .debug_macinfo
                0x0002c458     0x75e3 build/obj/chdebug.o
 .debug_macinfo
                0x00033a3b     0x75e3 build/obj/chlists.o
 .debug_macinfo
                0x0003b01e     0x75e3 build/obj/chvt.o
 .debug_macinfo
                0x00042601     0x75e3 build/obj/chschd.o
 .debug_macinfo
                0x00049be4     0x75e3 build/obj/chthreads.o
 .debug_macinfo
                0x000511c7     0x75e3 build/obj/chdynamic.o
 .debug_macinfo
                0x000587aa     0x7623 build/obj/chregistry.o
 .debug_macinfo
                0x0005fdcd     0x760c build/obj/chsem.o
 .debug_macinfo
                0x000673d9     0x75e3 build/obj/chmtx.o
 .debug_macinfo
                0x0006e9bc     0x75e3 build/obj/chcond.o
 .debug_macinfo
                0x00075f9f     0x75e3 build/obj/chevents.o
 .debug_macinfo
                0x0007d582     0x760c build/obj/chmsg.o
 .debug_macinfo
                0x00084b8e     0x75e3 build/obj/chmboxes.o
 .debug_macinfo
                0x0008c171     0x75e3 build/obj/chqueues.o
 .debug_macinfo
                0x00093754     0x75e3 build/obj/chmemcore.o
 .debug_macinfo
                0x0009ad37     0x767e build/obj/chheap.o
 .debug_macinfo
                0x000a23b5     0x75e3 build/obj/chmempools.o
 .debug_macinfo
                0x000a9998    0x4e188 build/obj/hal.o
 .debug_macinfo
                0x000f7b20    0x4e188 build/obj/adc.o
 .debug_macinfo
                0x00145ca8    0x4e188 build/obj/can.o
 .debug_macinfo
                0x00193e30    0x4e188 build/obj/ext.o
 .debug_macinfo
                0x001e1fb8    0x4e188 build/obj/gpt.o
 .debug_macinfo
                0x00230140    0x4e188 build/obj/i2c.o
 .debug_macinfo
                0x0027e2c8    0x4e188 build/obj/icu.o
 .debug_macinfo
                0x002cc450    0x4e188 build/obj/mac.o
 .debug_macinfo
                0x0031a5d8    0x4fe18 build/obj/mmc_spi.o
 .debug_macinfo
                0x0036a3f0    0x4e188 build/obj/mmcsd.o
 .debug_macinfo
                0x003b8578    0x4e188 build/obj/pal.o
 .debug_macinfo
                0x00406700    0x4e188 build/obj/pwm.o
 .debug_macinfo
                0x00454888    0x4e188 build/obj/rtc.o
 .debug_macinfo
                0x004a2a10    0x4e188 build/obj/sdc.o
 .debug_macinfo
                0x004f0b98    0x4e188 build/obj/serial.o
 .debug_macinfo
                0x0053ed20    0x4e49d build/obj/serial_usb.o
 .debug_macinfo
                0x0058d1bd    0x4e188 build/obj/spi.o
 .debug_macinfo
                0x005db345    0x4e188 build/obj/tm.o
 .debug_macinfo
                0x006294cd    0x4e188 build/obj/uart.o
 .debug_macinfo
                0x00677655    0x4fe1c build/obj/usb.o
 .debug_macinfo
                0x006c7471    0x4e21f build/obj/stm32_dma.o
 .debug_macinfo
                0x00715690    0x4e188 build/obj/hal_lld.o
 .debug_macinfo
                0x00763818    0x4e28d build/obj/adc_lld.o
 .debug_macinfo
                0x007b1aa5    0x4e188 build/obj/ext_lld_isr.o
 .debug_macinfo
                0x007ffc2d    0x4e188 build/obj/can_lld.o
 .debug_macinfo
                0x0084ddb5    0x4e188 build/obj/ext_lld.o
 .debug_macinfo
                0x0089bf3d    0x4e188 build/obj/gpt_lld.o
 .debug_macinfo
                0x008ea0c5    0x4e188 build/obj/icu_lld.o
 .debug_macinfo
                0x0093824d    0x506be build/obj/mac_lld.o
 .debug_macinfo
                0x0098890b    0x4e188 build/obj/pwm_lld.o
 .debug_macinfo
                0x009d6a93    0x4fe18 build/obj/sdc_lld.o
 .debug_macinfo
                0x00a268ab    0x4e188 build/obj/serial_lld.o
 .debug_macinfo
                0x00a74a33    0x4e188 build/obj/spi_lld.o
 .debug_macinfo
                0x00ac2bbb    0x4e27b build/obj/pal_lld.o
 .debug_macinfo
                0x00b10e36    0x4e188 build/obj/i2c_lld.o
 .debug_macinfo
                0x00b5efbe    0x4fe27 build/obj/usb_lld.o
 .debug_macinfo
                0x00baede5    0x4e188 build/obj/rtc_lld.o
 .debug_macinfo
                0x00bfcf6d    0x4e188 build/obj/uart_lld.o
 .debug_macinfo
                0x00c4b0f5    0x4e188 build/obj/board.o
 .debug_macinfo
                0x00c9927d    0x4fe70 build/obj/shell.o
 .debug_macinfo
                0x00ce90ed     0x776f build/obj/chprintf.o
 .debug_macinfo
                0x00cf085c    0x52dd2 build/obj/main.o
 .debug_macinfo
                0x00d4362e    0x4e49d build/obj/usbcfg.o
 .debug_macinfo
                0x00d91acb    0x510bb build/obj/EKF_Pressure.o
 .debug_macinfo
                0x00de2b86    0x50f4f build/obj/PID_Pressure.o
 .debug_macinfo
                0x00e33ad5    0x4f17d build/obj/PPG_Demod.o
 .debug_macinfo
                0x00e82c52    0x40c66 build/obj/PPG.o
 .debug_macinfo
                0x00ec38b8     0xa238 build/obj/Pressure.o
 .debug_macinfo
                0x00ecdaf0     0x48f4 build/obj/EKF_Estimator.o
 .debug_macinfo
                0x00ed23e4     0x224b build/obj/PID_Control.o
 .debug_macinfo
                0x00ed462f     0x7631 build/obj/Pressure_Filter.o
 .debug_macinfo
                0x00edbc60     0x947c build/obj/Quickselect.o
 .debug_macinfo
                0x00ee50dc     0x54fc build/obj/Scanf.o
 .debug_macinfo
                0x00eea5d8    0x4e704 build/obj/Stepper.o
 .debug_macinfo
                0x00f38cdc    0x3943c build/obj/Timer.o

.debug_loc      0x00000000     0x844e
 .debug_loc     0x00000000       0xb2 build/obj/crt0.o
 .debug_loc     0x000000b2      0x11e build/obj/chcore_v7m.o
 .debug_loc     0x000001d0      0x102 build/obj/nvic.o
 .debug_loc     0x000002d2       0xac build/obj/chsys.o
 .debug_loc     0x0000037e       0x13 build/obj/chdebug.o
 .debug_loc     0x00000391       0xde build/obj/chvt.o
 .debug_loc     0x0000046f      0x2b1 build/obj/chschd.o
 .debug_loc     0x00000720      0x510 build/obj/chthreads.o
 .debug_loc     0x00000c30      0x2b9 build/obj/chdynamic.o
 .debug_loc     0x00000ee9       0xbd build/obj/chregistry.o
 .debug_loc     0x00000fa6      0x476 build/obj/chsem.o
 .debug_loc     0x0000141c      0x3a5 build/obj/chmtx.o
 .debug_loc     0x000017c1      0x362 build/obj/chcond.o
 .debug_loc     0x00001b23      0x8a0 build/obj/chevents.o
 .debug_loc     0x000023c3      0x16f build/obj/chmsg.o
 .debug_loc     0x00002532      0x53f build/obj/chmboxes.o
 .debug_loc     0x00002a71      0x6ad build/obj/chqueues.o
 .debug_loc     0x0000311e       0x84 build/obj/chmemcore.o
 .debug_loc     0x000031a2      0x2a4 build/obj/chheap.o
 .debug_loc     0x00003446      0x1bf build/obj/chmempools.o
 .debug_loc     0x00003605       0x7c build/obj/hal.o
 .debug_loc     0x00003681      0x374 build/obj/adc.o
 .debug_loc     0x000039f5      0x25d build/obj/gpt.o
 .debug_loc     0x00003c52       0x77 build/obj/pal.o
 .debug_loc     0x00003cc9      0x217 build/obj/pwm.o
 .debug_loc     0x00003ee0      0x57e build/obj/serial_usb.o
 .debug_loc     0x0000445e      0x6ad build/obj/usb.o
 .debug_loc     0x00004b0b      0x56f build/obj/stm32_dma.o
 .debug_loc     0x0000507a      0x338 build/obj/adc_lld.o
 .debug_loc     0x000053b2       0xca build/obj/gpt_lld.o
 .debug_loc     0x0000547c      0x257 build/obj/pwm_lld.o
 .debug_loc     0x000056d3      0x1c8 build/obj/pal_lld.o
 .debug_loc     0x0000589b      0xdb5 build/obj/usb_lld.o
 .debug_loc     0x00006650      0x5b2 build/obj/shell.o
 .debug_loc     0x00006c02      0x792 build/obj/chprintf.o
 .debug_loc     0x00007394       0x53 build/obj/main.o
 .debug_loc     0x000073e7       0xab build/obj/usbcfg.o
 .debug_loc     0x00007492      0x37b build/obj/EKF_Pressure.o
 .debug_loc     0x0000780d      0x18b build/obj/PPG_Demod.o
 .debug_loc     0x00007998      0x210 build/obj/PPG.o
 .debug_loc     0x00007ba8       0x31 build/obj/Pressure.o
 .debug_loc     0x00007bd9      0x103 build/obj/EKF_Estimator.o
 .debug_loc     0x00007cdc       0x3b build/obj/PID_Control.o
 .debug_loc     0x00007d17       0x63 build/obj/Pressure_Filter.o
 .debug_loc     0x00007d7a      0x1dd build/obj/Quickselect.o
 .debug_loc     0x00007f57      0x4be build/obj/Scanf.o
 .debug_loc     0x00008415       0x19 build/obj/Stepper.o
 .debug_loc     0x0000842e       0x20 build/obj/Timer.o

.debug_pubnames
                0x00000000     0x1a90
 .debug_pubnames
                0x00000000       0x56 build/obj/crt0.o
 .debug_pubnames
                0x00000056       0x38 build/obj/vectors.o
 .debug_pubnames
                0x0000008e       0x20 build/obj/chcore.o
 .debug_pubnames
                0x000000ae       0x9d build/obj/chcore_v7m.o
 .debug_pubnames
                0x0000014b       0x5e build/obj/nvic.o
 .debug_pubnames
                0x000001a9       0x5c build/obj/chsys.o
 .debug_pubnames
                0x00000205       0x33 build/obj/chdebug.o
 .debug_pubnames
                0x00000238       0x59 build/obj/chvt.o
 .debug_pubnames
                0x00000291       0xde build/obj/chschd.o
 .debug_pubnames
                0x0000036f       0xf3 build/obj/chthreads.o
 .debug_pubnames
                0x00000462       0x69 build/obj/chdynamic.o
 .debug_pubnames
                0x000004cb       0x47 build/obj/chregistry.o
 .debug_pubnames
                0x00000512       0xd1 build/obj/chsem.o
 .debug_pubnames
                0x000005e3       0x94 build/obj/chmtx.o
 .debug_pubnames
                0x00000677       0xb9 build/obj/chcond.o
 .debug_pubnames
                0x00000730      0x17e build/obj/chevents.o
 .debug_pubnames
                0x000008ae       0x3f build/obj/chmsg.o
 .debug_pubnames
                0x000008ed       0xba build/obj/chmboxes.o
 .debug_pubnames
                0x000009a7       0xb3 build/obj/chqueues.o
 .debug_pubnames
                0x00000a5a       0x53 build/obj/chmemcore.o
 .debug_pubnames
                0x00000aad       0x60 build/obj/chheap.o
 .debug_pubnames
                0x00000b0d       0x75 build/obj/chmempools.o
 .debug_pubnames
                0x00000b82       0x48 build/obj/hal.o
 .debug_pubnames
                0x00000bca       0xd8 build/obj/adc.o
 .debug_pubnames
                0x00000ca2       0xd7 build/obj/gpt.o
 .debug_pubnames
                0x00000d79       0x43 build/obj/pal.o
 .debug_pubnames
                0x00000dbc       0x88 build/obj/pwm.o
 .debug_pubnames
                0x00000e44       0xba build/obj/serial_usb.o
 .debug_pubnames
                0x00000efe      0x173 build/obj/usb.o
 .debug_pubnames
                0x00001071      0x138 build/obj/stm32_dma.o
 .debug_pubnames
                0x000011a9       0x38 build/obj/hal_lld.o
 .debug_pubnames
                0x000011e1      0x106 build/obj/adc_lld.o
 .debug_pubnames
                0x000012e7       0xa5 build/obj/gpt_lld.o
 .debug_pubnames
                0x0000138c       0xa1 build/obj/pwm_lld.o
 .debug_pubnames
                0x0000142d       0x3e build/obj/pal_lld.o
 .debug_pubnames
                0x0000146b      0x1c6 build/obj/usb_lld.o
 .debug_pubnames
                0x00001631       0x48 build/obj/board.o
 .debug_pubnames
                0x00001679       0x6c build/obj/shell.o
 .debug_pubnames
                0x000016e5       0x1f build/obj/chprintf.o
 .debug_pubnames
                0x00001704       0x1b build/obj/main.o
 .debug_pubnames
                0x0000171f       0x2b build/obj/usbcfg.o
 .debug_pubnames
                0x0000174a       0x9a build/obj/EKF_Pressure.o
 .debug_pubnames
                0x000017e4       0x59 build/obj/PPG_Demod.o
 .debug_pubnames
                0x0000183d       0xa4 build/obj/PPG.o
 .debug_pubnames
                0x000018e1       0x3c build/obj/Pressure.o
 .debug_pubnames
                0x0000191d       0x35 build/obj/EKF_Estimator.o
 .debug_pubnames
                0x00001952       0x23 build/obj/PID_Control.o
 .debug_pubnames
                0x00001975       0x21 build/obj/Pressure_Filter.o
 .debug_pubnames
                0x00001996       0x23 build/obj/Quickselect.o
 .debug_pubnames
                0x000019b9       0x37 build/obj/Scanf.o
 .debug_pubnames
                0x000019f0       0x55 build/obj/Stepper.o
 .debug_pubnames
                0x00001a45       0x4b build/obj/Timer.o

.debug_pubtypes
                0x00000000     0x42ab
 .debug_pubtypes
                0x00000000       0x5c build/obj/crt0.o
 .debug_pubtypes
                0x0000005c       0x12 build/obj/vectors.o
 .debug_pubtypes
                0x0000006e       0x12 build/obj/chcore.o
 .debug_pubtypes
                0x00000080      0x15a build/obj/chcore_v7m.o
 .debug_pubtypes
                0x000001da       0x38 build/obj/nvic.o
 .debug_pubtypes
                0x00000212      0x17d build/obj/chsys.o
 .debug_pubtypes
                0x0000038f       0x12 build/obj/chdebug.o
 .debug_pubtypes
                0x000003a1       0x12 build/obj/chlists.o
 .debug_pubtypes
                0x000003b3       0x7e build/obj/chvt.o
 .debug_pubtypes
                0x00000431      0x18c build/obj/chschd.o
 .debug_pubtypes
                0x000005bd      0x188 build/obj/chthreads.o
 .debug_pubtypes
                0x00000745      0x19f build/obj/chdynamic.o
 .debug_pubtypes
                0x000008e4      0x15c build/obj/chregistry.o
 .debug_pubtypes
                0x00000a40      0x15d build/obj/chsem.o
 .debug_pubtypes
                0x00000b9d      0x142 build/obj/chmtx.o
 .debug_pubtypes
                0x00000cdf      0x14f build/obj/chcond.o
 .debug_pubtypes
                0x00000e2e      0x1a9 build/obj/chevents.o
 .debug_pubtypes
                0x00000fd7      0x137 build/obj/chmsg.o
 .debug_pubtypes
                0x0000110e      0x15b build/obj/chmboxes.o
 .debug_pubtypes
                0x00001269      0x19c build/obj/chqueues.o
 .debug_pubtypes
                0x00001405       0x36 build/obj/chmemcore.o
 .debug_pubtypes
                0x0000143b      0x174 build/obj/chheap.o
 .debug_pubtypes
                0x000015af       0x66 build/obj/chmempools.o
 .debug_pubtypes
                0x00001615       0x76 build/obj/hal.o
 .debug_pubtypes
                0x0000168b      0x247 build/obj/adc.o
 .debug_pubtypes
                0x000018d2       0x1e build/obj/can.o
 .debug_pubtypes
                0x000018f0       0x1e build/obj/ext.o
 .debug_pubtypes
                0x0000190e       0xae build/obj/gpt.o
 .debug_pubtypes
                0x000019bc       0x1e build/obj/i2c.o
 .debug_pubtypes
                0x000019da       0x1e build/obj/icu.o
 .debug_pubtypes
                0x000019f8       0x1e build/obj/mac.o
 .debug_pubtypes
                0x00001a16       0x1e build/obj/mmc_spi.o
 .debug_pubtypes
                0x00001a34       0x1e build/obj/mmcsd.o
 .debug_pubtypes
                0x00001a52       0x91 build/obj/pal.o
 .debug_pubtypes
                0x00001ae3       0xe0 build/obj/pwm.o
 .debug_pubtypes
                0x00001bc3       0x1e build/obj/rtc.o
 .debug_pubtypes
                0x00001be1       0x1e build/obj/sdc.o
 .debug_pubtypes
                0x00001bff       0x1e build/obj/serial.o
 .debug_pubtypes
                0x00001c1d      0x3f2 build/obj/serial_usb.o
 .debug_pubtypes
                0x0000200f       0x1e build/obj/spi.o
 .debug_pubtypes
                0x0000202d       0x1e build/obj/tm.o
 .debug_pubtypes
                0x0000204b       0x1e build/obj/uart.o
 .debug_pubtypes
                0x00002069      0x327 build/obj/usb.o
 .debug_pubtypes
                0x00002390       0xc0 build/obj/stm32_dma.o
 .debug_pubtypes
                0x00002450       0x93 build/obj/hal_lld.o
 .debug_pubtypes
                0x000024e3      0x27c build/obj/adc_lld.o
 .debug_pubtypes
                0x0000275f       0x1e build/obj/ext_lld_isr.o
 .debug_pubtypes
                0x0000277d       0x1e build/obj/can_lld.o
 .debug_pubtypes
                0x0000279b       0x1e build/obj/ext_lld.o
 .debug_pubtypes
                0x000027b9       0xd3 build/obj/gpt_lld.o
 .debug_pubtypes
                0x0000288c       0x1e build/obj/icu_lld.o
 .debug_pubtypes
                0x000028aa       0x1e build/obj/mac_lld.o
 .debug_pubtypes
                0x000028c8       0xf9 build/obj/pwm_lld.o
 .debug_pubtypes
                0x000029c1       0x1e build/obj/sdc_lld.o
 .debug_pubtypes
                0x000029df       0x1e build/obj/serial_lld.o
 .debug_pubtypes
                0x000029fd       0x1e build/obj/spi_lld.o
 .debug_pubtypes
                0x00002a1b       0xab build/obj/pal_lld.o
 .debug_pubtypes
                0x00002ac6       0x1e build/obj/i2c_lld.o
 .debug_pubtypes
                0x00002ae4      0x360 build/obj/usb_lld.o
 .debug_pubtypes
                0x00002e44       0x1e build/obj/rtc_lld.o
 .debug_pubtypes
                0x00002e62       0x1e build/obj/uart_lld.o
 .debug_pubtypes
                0x00002e80       0x50 build/obj/board.o
 .debug_pubtypes
                0x00002ed0      0x240 build/obj/shell.o
 .debug_pubtypes
                0x00003110       0xac build/obj/chprintf.o
 .debug_pubtypes
                0x000031bc      0x4d2 build/obj/main.o
 .debug_pubtypes
                0x0000368e      0x33b build/obj/usbcfg.o
 .debug_pubtypes
                0x000039c9      0x307 build/obj/EKF_Pressure.o
 .debug_pubtypes
                0x00003cd0       0x1e build/obj/PID_Pressure.o
 .debug_pubtypes
                0x00003cee      0x279 build/obj/PPG_Demod.o
 .debug_pubtypes
                0x00003f67      0x18f build/obj/PPG.o
 .debug_pubtypes
                0x000040f6       0x2b build/obj/Pressure.o
 .debug_pubtypes
                0x00004121       0x12 build/obj/EKF_Estimator.o
 .debug_pubtypes
                0x00004133       0x2f build/obj/PID_Control.o
 .debug_pubtypes
                0x00004162       0x1e build/obj/Pressure_Filter.o
 .debug_pubtypes
                0x00004180       0x1f build/obj/Quickselect.o
 .debug_pubtypes
                0x0000419f       0x3f build/obj/Scanf.o
 .debug_pubtypes
                0x000041de       0x75 build/obj/Stepper.o
 .debug_pubtypes
                0x00004253       0x58 build/obj/Timer.o

.debug_aranges  0x00000000      0xfe8
 .debug_aranges
                0x00000000       0x40 build/obj/crt0.o
 .debug_aranges
                0x00000040       0x20 build/obj/vectors.o
 .debug_aranges
                0x00000060       0x20 build/obj/chcore.o
 .debug_aranges
                0x00000080       0x50 build/obj/chcore_v7m.o
 .debug_aranges
                0x000000d0       0x30 build/obj/nvic.o
 .debug_aranges
                0x00000100       0x30 build/obj/chsys.o
 .debug_aranges
                0x00000130       0x20 build/obj/chdebug.o
 .debug_aranges
                0x00000150       0x38 build/obj/chvt.o
 .debug_aranges
                0x00000188       0x70 build/obj/chschd.o
 .debug_aranges
                0x000001f8       0x80 build/obj/chthreads.o
 .debug_aranges
                0x00000278       0x38 build/obj/chdynamic.o
 .debug_aranges
                0x000002b0       0x28 build/obj/chregistry.o
 .debug_aranges
                0x000002d8       0x80 build/obj/chsem.o
 .debug_aranges
                0x00000358       0x70 build/obj/chmtx.o
 .debug_aranges
                0x000003c8       0x70 build/obj/chcond.o
 .debug_aranges
                0x00000438       0xa0 build/obj/chevents.o
 .debug_aranges
                0x000004d8       0x30 build/obj/chmsg.o
 .debug_aranges
                0x00000508       0x70 build/obj/chmboxes.o
 .debug_aranges
                0x00000578       0x78 build/obj/chqueues.o
 .debug_aranges
                0x000005f0       0x38 build/obj/chmemcore.o
 .debug_aranges
                0x00000628       0x40 build/obj/chheap.o
 .debug_aranges
                0x00000668       0x48 build/obj/chmempools.o
 .debug_aranges
                0x000006b0       0x30 build/obj/hal.o
 .debug_aranges
                0x000006e0       0x70 build/obj/adc.o
 .debug_aranges
                0x00000750       0x70 build/obj/gpt.o
 .debug_aranges
                0x000007c0       0x30 build/obj/pal.o
 .debug_aranges
                0x000007f0       0x50 build/obj/pwm.o
 .debug_aranges
                0x00000840       0xb0 build/obj/serial_usb.o
 .debug_aranges
                0x000008f0       0xa8 build/obj/usb.o
 .debug_aranges
                0x00000998       0xb0 build/obj/stm32_dma.o
 .debug_aranges
                0x00000a48       0x28 build/obj/hal_lld.o
 .debug_aranges
                0x00000a70       0x70 build/obj/adc_lld.o
 .debug_aranges
                0x00000ae0       0x50 build/obj/gpt_lld.o
 .debug_aranges
                0x00000b30       0x50 build/obj/pwm_lld.o
 .debug_aranges
                0x00000b80       0x30 build/obj/pal_lld.o
 .debug_aranges
                0x00000bb0      0x108 build/obj/usb_lld.o
 .debug_aranges
                0x00000cb8       0x28 build/obj/board.o
 .debug_aranges
                0x00000ce0       0x70 build/obj/shell.o
 .debug_aranges
                0x00000d50       0x30 build/obj/chprintf.o
 .debug_aranges
                0x00000d80       0x28 build/obj/main.o
 .debug_aranges
                0x00000da8       0x28 build/obj/usbcfg.o
 .debug_aranges
                0x00000dd0       0x40 build/obj/EKF_Pressure.o
 .debug_aranges
                0x00000e10       0x38 build/obj/PPG_Demod.o
 .debug_aranges
                0x00000e48       0x40 build/obj/PPG.o
 .debug_aranges
                0x00000e88       0x28 build/obj/Pressure.o
 .debug_aranges
                0x00000eb0       0x28 build/obj/EKF_Estimator.o
 .debug_aranges
                0x00000ed8       0x20 build/obj/PID_Control.o
 .debug_aranges
                0x00000ef8       0x20 build/obj/Pressure_Filter.o
 .debug_aranges
                0x00000f18       0x20 build/obj/Quickselect.o
 .debug_aranges
                0x00000f38       0x50 build/obj/Scanf.o
 .debug_aranges
                0x00000f88       0x30 build/obj/Stepper.o
 .debug_aranges
                0x00000fb8       0x30 build/obj/Timer.o

.debug_ranges   0x00000000      0xf70
 .debug_ranges  0x00000000       0x48 build/obj/crt0.o
 .debug_ranges  0x00000048       0x10 build/obj/vectors.o
 .debug_ranges  0x00000058       0x10 build/obj/chcore.o
 .debug_ranges  0x00000068       0x40 build/obj/chcore_v7m.o
 .debug_ranges  0x000000a8       0x20 build/obj/nvic.o
 .debug_ranges  0x000000c8       0x20 build/obj/chsys.o
 .debug_ranges  0x000000e8       0x10 build/obj/chdebug.o
 .debug_ranges  0x000000f8       0x28 build/obj/chvt.o
 .debug_ranges  0x00000120      0x108 build/obj/chschd.o
 .debug_ranges  0x00000228       0xa0 build/obj/chthreads.o
 .debug_ranges  0x000002c8       0x28 build/obj/chdynamic.o
 .debug_ranges  0x000002f0       0x18 build/obj/chregistry.o
 .debug_ranges  0x00000308       0x88 build/obj/chsem.o
 .debug_ranges  0x00000390       0x78 build/obj/chmtx.o
 .debug_ranges  0x00000408       0x60 build/obj/chcond.o
 .debug_ranges  0x00000468       0x90 build/obj/chevents.o
 .debug_ranges  0x000004f8       0x48 build/obj/chmsg.o
 .debug_ranges  0x00000540       0x78 build/obj/chmboxes.o
 .debug_ranges  0x000005b8       0x98 build/obj/chqueues.o
 .debug_ranges  0x00000650       0x28 build/obj/chmemcore.o
 .debug_ranges  0x00000678       0x30 build/obj/chheap.o
 .debug_ranges  0x000006a8       0x38 build/obj/chmempools.o
 .debug_ranges  0x000006e0       0x20 build/obj/hal.o
 .debug_ranges  0x00000700       0xc0 build/obj/adc.o
 .debug_ranges  0x000007c0       0x90 build/obj/gpt.o
 .debug_ranges  0x00000850       0x20 build/obj/pal.o
 .debug_ranges  0x00000870       0x70 build/obj/pwm.o
 .debug_ranges  0x000008e0       0xa0 build/obj/serial_usb.o
 .debug_ranges  0x00000980       0xb0 build/obj/usb.o
 .debug_ranges  0x00000a30       0xa0 build/obj/stm32_dma.o
 .debug_ranges  0x00000ad0       0x18 build/obj/hal_lld.o
 .debug_ranges  0x00000ae8       0x60 build/obj/adc_lld.o
 .debug_ranges  0x00000b48       0x40 build/obj/gpt_lld.o
 .debug_ranges  0x00000b88       0x40 build/obj/pwm_lld.o
 .debug_ranges  0x00000bc8       0x20 build/obj/pal_lld.o
 .debug_ranges  0x00000be8      0x120 build/obj/usb_lld.o
 .debug_ranges  0x00000d08       0x18 build/obj/board.o
 .debug_ranges  0x00000d20       0x60 build/obj/shell.o
 .debug_ranges  0x00000d80       0x20 build/obj/chprintf.o
 .debug_ranges  0x00000da0       0x18 build/obj/main.o
 .debug_ranges  0x00000db8       0x18 build/obj/usbcfg.o
 .debug_ranges  0x00000dd0       0x30 build/obj/EKF_Pressure.o
 .debug_ranges  0x00000e00       0x28 build/obj/PPG_Demod.o
 .debug_ranges  0x00000e28       0x68 build/obj/PPG.o
 .debug_ranges  0x00000e90       0x18 build/obj/Pressure.o
 .debug_ranges  0x00000ea8       0x18 build/obj/EKF_Estimator.o
 .debug_ranges  0x00000ec0       0x10 build/obj/PID_Control.o
 .debug_ranges  0x00000ed0       0x10 build/obj/Pressure_Filter.o
 .debug_ranges  0x00000ee0       0x10 build/obj/Quickselect.o
 .debug_ranges  0x00000ef0       0x40 build/obj/Scanf.o
 .debug_ranges  0x00000f30       0x20 build/obj/Stepper.o
 .debug_ranges  0x00000f50       0x20 build/obj/Timer.o

.debug_str      0x00000000     0x415e
 .debug_str     0x00000000      0x251 build/obj/crt0.o
                                0x296 (size before relaxing)
 .debug_str     0x00000251       0x4e build/obj/vectors.o
                                0x10e (size before relaxing)
 .debug_str     0x0000029f       0x2f build/obj/chcore.o
                                 0xef (size before relaxing)
 .debug_str     0x000002ce      0x252 build/obj/chcore_v7m.o
                                0x3cc (size before relaxing)
 .debug_str     0x00000520       0xb5 build/obj/nvic.o
                                0x1e6 (size before relaxing)
 .debug_str     0x000005d5       0xd4 build/obj/chsys.o
                                0x36a (size before relaxing)
 .debug_str     0x000006a9       0x39 build/obj/chdebug.o
                                 0xf9 (size before relaxing)
 .debug_str     0x000006e2       0x20 build/obj/chlists.o
                                 0xe0 (size before relaxing)
 .debug_str     0x00000702       0x57 build/obj/chvt.o
                                0x193 (size before relaxing)
 .debug_str     0x00000759       0xf9 build/obj/chschd.o
                                0x3cf (size before relaxing)
 .debug_str     0x00000852      0x10a build/obj/chthreads.o
                                0x405 (size before relaxing)
 .debug_str     0x0000095c       0xee build/obj/chdynamic.o
                                0x376 (size before relaxing)
 .debug_str     0x00000a4a      0x13f build/obj/chregistry.o
                                0x3d4 (size before relaxing)
 .debug_str     0x00000b89       0xca build/obj/chsem.o
                                0x387 (size before relaxing)
 .debug_str     0x00000c53       0x8c build/obj/chmtx.o
                                0x33d (size before relaxing)
 .debug_str     0x00000cdf       0xb2 build/obj/chcond.o
                                0x35d (size before relaxing)
 .debug_str     0x00000d91      0x1bb build/obj/chevents.o
                                0x459 (size before relaxing)
 .debug_str     0x00000f4c       0x3f build/obj/chmsg.o
                                0x2e6 (size before relaxing)
 .debug_str     0x00000f8b       0xdc build/obj/chmboxes.o
                                0x356 (size before relaxing)
 .debug_str     0x00001067      0x11b build/obj/chqueues.o
                                0x3df (size before relaxing)
 .debug_str     0x00001182       0x7d build/obj/chmemcore.o
                                0x15a (size before relaxing)
 .debug_str     0x000011ff       0x6c build/obj/chheap.o
                                0x325 (size before relaxing)
 .debug_str     0x0000126b       0x6e build/obj/chmempools.o
                                0x1a8 (size before relaxing)
 .debug_str     0x000012d9      0x13c build/obj/hal.o
                                0x21a (size before relaxing)
 .debug_str     0x00001415      0x2b9 build/obj/adc.o
                                0x57f (size before relaxing)
 .debug_str     0x000016ce       0x19 build/obj/can.o
                                 0xee (size before relaxing)
 .debug_str     0x000016e7       0x19 build/obj/ext.o
                                 0xee (size before relaxing)
 .debug_str     0x00001700      0x1f7 build/obj/gpt.o
                                0x2f4 (size before relaxing)
 .debug_str     0x000018f7       0x19 build/obj/i2c.o
                                 0xee (size before relaxing)
 .debug_str     0x00001910       0x19 build/obj/icu.o
                                 0xee (size before relaxing)
 .debug_str     0x00001929       0x19 build/obj/mac.o
                                 0xee (size before relaxing)
 .debug_str     0x00001942       0x1d build/obj/mmc_spi.o
                                 0xf2 (size before relaxing)
 .debug_str     0x0000195f       0x1b build/obj/mmcsd.o
                                 0xf0 (size before relaxing)
 .debug_str     0x0000197a       0xc7 build/obj/pal.o
                                0x1b8 (size before relaxing)
 .debug_str     0x00001a41      0x106 build/obj/pwm.o
                                0x2df (size before relaxing)
 .debug_str     0x00001b47       0x19 build/obj/rtc.o
                                 0xee (size before relaxing)
 .debug_str     0x00001b60       0x19 build/obj/sdc.o
                                 0xee (size before relaxing)
 .debug_str     0x00001b79       0x1c build/obj/serial.o
                                 0xf1 (size before relaxing)
 .debug_str     0x00001b95      0x75c build/obj/serial_usb.o
                                0xb10 (size before relaxing)
 .debug_str     0x000022f1       0x19 build/obj/spi.o
                                 0xee (size before relaxing)
 .debug_str     0x0000230a       0x18 build/obj/tm.o
                                 0xed (size before relaxing)
 .debug_str     0x00002322       0x1a build/obj/uart.o
                                 0xef (size before relaxing)
 .debug_str     0x0000233c      0x1a5 build/obj/usb.o
                                0xac6 (size before relaxing)
 .debug_str     0x000024e1      0x775 build/obj/stm32_dma.o
                                0x8dd (size before relaxing)
 .debug_str     0x00002c56       0xc6 build/obj/hal_lld.o
                                0x2ed (size before relaxing)
 .debug_str     0x00002d1c      0x12f build/obj/adc_lld.o
                                0xbe7 (size before relaxing)
 .debug_str     0x00002e4b       0x31 build/obj/ext_lld_isr.o
                                0x106 (size before relaxing)
 .debug_str     0x00002e7c       0x29 build/obj/can_lld.o
                                 0xfe (size before relaxing)
 .debug_str     0x00002ea5       0x29 build/obj/ext_lld.o
                                 0xfe (size before relaxing)
 .debug_str     0x00002ece       0xb4 build/obj/gpt_lld.o
                                0x8fc (size before relaxing)
 .debug_str     0x00002f82       0x29 build/obj/icu_lld.o
                                 0xfe (size before relaxing)
 .debug_str     0x00002fab       0x29 build/obj/mac_lld.o
                                 0xfe (size before relaxing)
 .debug_str     0x00002fd4       0xa2 build/obj/pwm_lld.o
                                0x90c (size before relaxing)
 .debug_str     0x00003076       0x29 build/obj/sdc_lld.o
                                 0xfe (size before relaxing)
 .debug_str     0x0000309f       0x2c build/obj/serial_lld.o
                                0x101 (size before relaxing)
 .debug_str     0x000030cb       0x29 build/obj/spi_lld.o
                                 0xfe (size before relaxing)
 .debug_str     0x000030f4       0x76 build/obj/pal_lld.o
                                0x34e (size before relaxing)
 .debug_str     0x0000316a       0x2f build/obj/i2c_lld.o
                                0x104 (size before relaxing)
 .debug_str     0x00003199      0x368 build/obj/usb_lld.o
                               0x1306 (size before relaxing)
 .debug_str     0x00003501       0x2f build/obj/rtc_lld.o
                                0x104 (size before relaxing)
 .debug_str     0x00003530       0x32 build/obj/uart_lld.o
                                0x107 (size before relaxing)
 .debug_str     0x00003562       0x18 build/obj/board.o
                                0x197 (size before relaxing)
 .debug_str     0x0000357a      0x15f build/obj/shell.o
                                0x4cb (size before relaxing)
 .debug_str     0x000036d9       0xab build/obj/chprintf.o
                                0x1eb (size before relaxing)
 .debug_str     0x00003784      0x194 build/obj/main.o
                                0xcd9 (size before relaxing)
 .debug_str     0x00003918      0x11f build/obj/usbcfg.o
                                0xa61 (size before relaxing)
 .debug_str     0x00003a37      0x313 build/obj/EKF_Pressure.o
                                0xa3a (size before relaxing)
 .debug_str     0x00003d4a       0x17 build/obj/PID_Pressure.o
                                0x105 (size before relaxing)
 .debug_str     0x00003d61       0xaf build/obj/PPG_Demod.o
                                0x62d (size before relaxing)
 .debug_str     0x00003e10       0xf2 build/obj/PPG.o
                                0x4da (size before relaxing)
 .debug_str     0x00003f02       0x50 build/obj/Pressure.o
                                0x13a (size before relaxing)
 .debug_str     0x00003f52       0x4c build/obj/EKF_Estimator.o
                                0x15a (size before relaxing)
 .debug_str     0x00003f9e       0x4b build/obj/PID_Control.o
                                 0xce (size before relaxing)
 .debug_str     0x00003fe9       0x35 build/obj/Pressure_Filter.o
                                0x103 (size before relaxing)
 .debug_str     0x0000401e       0x38 build/obj/Quickselect.o
                                0x101 (size before relaxing)
 .debug_str     0x00004056       0x7e build/obj/Scanf.o
                                0x17e (size before relaxing)
 .debug_str     0x000040d4       0x4b build/obj/Stepper.o
                                0x312 (size before relaxing)
 .debug_str     0x0000411f       0x3f build/obj/Timer.o
                                0x2b7 (size before relaxing)

.comment        0x00000000       0x2a
 .comment       0x00000000       0x2a build/obj/crt0.o
                                 0x2b (size before relaxing)
 .comment       0x00000000       0x2b build/obj/vectors.o
 .comment       0x00000000       0x2b build/obj/chcore.o
 .comment       0x00000000       0x2b build/obj/chcore_v7m.o
 .comment       0x00000000       0x2b build/obj/nvic.o
 .comment       0x00000000       0x2b build/obj/chsys.o
 .comment       0x00000000       0x2b build/obj/chdebug.o
 .comment       0x00000000       0x2b build/obj/chlists.o
 .comment       0x00000000       0x2b build/obj/chvt.o
 .comment       0x00000000       0x2b build/obj/chschd.o
 .comment       0x00000000       0x2b build/obj/chthreads.o
 .comment       0x00000000       0x2b build/obj/chdynamic.o
 .comment       0x00000000       0x2b build/obj/chregistry.o
 .comment       0x00000000       0x2b build/obj/chsem.o
 .comment       0x00000000       0x2b build/obj/chmtx.o
 .comment       0x00000000       0x2b build/obj/chcond.o
 .comment       0x00000000       0x2b build/obj/chevents.o
 .comment       0x00000000       0x2b build/obj/chmsg.o
 .comment       0x00000000       0x2b build/obj/chmboxes.o
 .comment       0x00000000       0x2b build/obj/chqueues.o
 .comment       0x00000000       0x2b build/obj/chmemcore.o
 .comment       0x00000000       0x2b build/obj/chheap.o
 .comment       0x00000000       0x2b build/obj/chmempools.o
 .comment       0x00000000       0x2b build/obj/hal.o
 .comment       0x00000000       0x2b build/obj/adc.o
 .comment       0x00000000       0x2b build/obj/can.o
 .comment       0x00000000       0x2b build/obj/ext.o
 .comment       0x00000000       0x2b build/obj/gpt.o
 .comment       0x00000000       0x2b build/obj/i2c.o
 .comment       0x00000000       0x2b build/obj/icu.o
 .comment       0x00000000       0x2b build/obj/mac.o
 .comment       0x00000000       0x2b build/obj/mmc_spi.o
 .comment       0x00000000       0x2b build/obj/mmcsd.o
 .comment       0x00000000       0x2b build/obj/pal.o